Archive member included to satisfy reference by file (symbol)

c:/program files (x86)/atmel/studio/7.0/toolchain/arm/arm-gnu-toolchain/bin/../lib/gcc/arm-none-eabi/6.3.1/thumb/v7e-m\libgcc.a(_arm_addsubdf3.o)
                              src/main.o (__aeabi_dsub)
c:/program files (x86)/atmel/studio/7.0/toolchain/arm/arm-gnu-toolchain/bin/../lib/gcc/arm-none-eabi/6.3.1/thumb/v7e-m\libgcc.a(_arm_muldivdf3.o)
                              src/main.o (__aeabi_dmul)
c:/program files (x86)/atmel/studio/7.0/toolchain/arm/arm-gnu-toolchain/bin/../lib/gcc/arm-none-eabi/6.3.1/thumb/v7e-m\libgcc.a(_arm_cmpdf2.o)
                              src/main.o (__aeabi_dcmplt)
c:/program files (x86)/atmel/studio/7.0/toolchain/arm/arm-gnu-toolchain/bin/../lib/gcc/arm-none-eabi/6.3.1/thumb/v7e-m\libgcc.a(_arm_fixdfsi.o)
                              src/main.o (__aeabi_d2iz)
c:/program files (x86)/atmel/studio/7.0/toolchain/arm/arm-gnu-toolchain/bin/../lib/gcc/arm-none-eabi/6.3.1/thumb/v7e-m\libgcc.a(_aeabi_uldivmod.o)
                              src/oled/ssd1306.o (__aeabi_uldivmod)
c:/program files (x86)/atmel/studio/7.0/toolchain/arm/arm-gnu-toolchain/bin/../lib/gcc/arm-none-eabi/6.3.1/thumb/v7e-m\libgcc.a(_udivmoddi4.o)
                              c:/program files (x86)/atmel/studio/7.0/toolchain/arm/arm-gnu-toolchain/bin/../lib/gcc/arm-none-eabi/6.3.1/thumb/v7e-m\libgcc.a(_aeabi_uldivmod.o) (__udivmoddi4)
c:/program files (x86)/atmel/studio/7.0/toolchain/arm/arm-gnu-toolchain/bin/../lib/gcc/arm-none-eabi/6.3.1/thumb/v7e-m\libgcc.a(_dvmd_tls.o)
                              c:/program files (x86)/atmel/studio/7.0/toolchain/arm/arm-gnu-toolchain/bin/../lib/gcc/arm-none-eabi/6.3.1/thumb/v7e-m\libgcc.a(_aeabi_uldivmod.o) (__aeabi_ldiv0)
c:/program files (x86)/atmel/studio/7.0/toolchain/arm/arm-gnu-toolchain/bin/../lib/gcc/arm-none-eabi/6.3.1/../../../../arm-none-eabi/lib/thumb/v7e-m\libc.a(lib_a-exit.o)
                              c:/program files (x86)/atmel/studio/7.0/toolchain/arm/arm-gnu-toolchain/bin/../lib/gcc/arm-none-eabi/6.3.1/../../../../arm-none-eabi/lib/thumb/v7e-m/crt0.o (exit)
c:/program files (x86)/atmel/studio/7.0/toolchain/arm/arm-gnu-toolchain/bin/../lib/gcc/arm-none-eabi/6.3.1/../../../../arm-none-eabi/lib/thumb/v7e-m\libc.a(lib_a-impure.o)
                              c:/program files (x86)/atmel/studio/7.0/toolchain/arm/arm-gnu-toolchain/bin/../lib/gcc/arm-none-eabi/6.3.1/../../../../arm-none-eabi/lib/thumb/v7e-m\libc.a(lib_a-exit.o) (_global_impure_ptr)
c:/program files (x86)/atmel/studio/7.0/toolchain/arm/arm-gnu-toolchain/bin/../lib/gcc/arm-none-eabi/6.3.1/../../../../arm-none-eabi/lib/thumb/v7e-m\libc.a(lib_a-init.o)
                              c:/program files (x86)/atmel/studio/7.0/toolchain/arm/arm-gnu-toolchain/bin/../lib/gcc/arm-none-eabi/6.3.1/../../../../arm-none-eabi/lib/thumb/v7e-m/crt0.o (__libc_init_array)
c:/program files (x86)/atmel/studio/7.0/toolchain/arm/arm-gnu-toolchain/bin/../lib/gcc/arm-none-eabi/6.3.1/../../../../arm-none-eabi/lib/thumb/v7e-m\libc.a(lib_a-memset.o)
                              c:/program files (x86)/atmel/studio/7.0/toolchain/arm/arm-gnu-toolchain/bin/../lib/gcc/arm-none-eabi/6.3.1/../../../../arm-none-eabi/lib/thumb/v7e-m/crt0.o (memset)
c:/program files (x86)/atmel/studio/7.0/toolchain/arm/arm-gnu-toolchain/bin/../lib/gcc/arm-none-eabi/6.3.1/../../../../arm-none-eabi/lib/thumb/v7e-m\libc.a(lib_a-sprintf.o)
                              src/main.o (sprintf)
c:/program files (x86)/atmel/studio/7.0/toolchain/arm/arm-gnu-toolchain/bin/../lib/gcc/arm-none-eabi/6.3.1/../../../../arm-none-eabi/lib/thumb/v7e-m\libc.a(lib_a-svfprintf.o)
                              c:/program files (x86)/atmel/studio/7.0/toolchain/arm/arm-gnu-toolchain/bin/../lib/gcc/arm-none-eabi/6.3.1/../../../../arm-none-eabi/lib/thumb/v7e-m\libc.a(lib_a-sprintf.o) (_svfprintf_r)
c:/program files (x86)/atmel/studio/7.0/toolchain/arm/arm-gnu-toolchain/bin/../lib/gcc/arm-none-eabi/6.3.1/../../../../arm-none-eabi/lib/thumb/v7e-m\libc.a(lib_a-__call_atexit.o)
                              c:/program files (x86)/atmel/studio/7.0/toolchain/arm/arm-gnu-toolchain/bin/../lib/gcc/arm-none-eabi/6.3.1/../../../../arm-none-eabi/lib/thumb/v7e-m\libc.a(lib_a-exit.o) (__call_exitprocs)
c:/program files (x86)/atmel/studio/7.0/toolchain/arm/arm-gnu-toolchain/bin/../lib/gcc/arm-none-eabi/6.3.1/../../../../arm-none-eabi/lib/thumb/v7e-m\libc.a(lib_a-atexit.o)
                              c:/program files (x86)/atmel/studio/7.0/toolchain/arm/arm-gnu-toolchain/bin/../lib/gcc/arm-none-eabi/6.3.1/../../../../arm-none-eabi/lib/thumb/v7e-m\libc.a(lib_a-__call_atexit.o) (atexit)
c:/program files (x86)/atmel/studio/7.0/toolchain/arm/arm-gnu-toolchain/bin/../lib/gcc/arm-none-eabi/6.3.1/../../../../arm-none-eabi/lib/thumb/v7e-m\libc.a(lib_a-dtoa.o)
[...]
Memory Configuration

Name             Origin             Length             Attributes
rom              0x00400000         0x00200000         xr
ram              0x20400000         0x00060000         xrw
*default*        0x00000000         0xffffffff

Linker script and memory map

LOAD c:/program files (x86)/atmel/studio/7.0/toolchain/arm/arm-gnu-toolchain/bin/../lib/gcc/arm-none-eabi/6.3.1/thumb/v7e-m/crti.o
LOAD c:/program files (x86)/atmel/studio/7.0/toolchain/arm/arm-gnu-toolchain/bin/../lib/gcc/arm-none-eabi/6.3.1/thumb/v7e-m/crtbegin.o
LOAD c:/program files (x86)/atmel/studio/7.0/toolchain/arm/arm-gnu-toolchain/bin/../lib/gcc/arm-none-eabi/6.3.1/../../../../arm-none-eabi/lib/thumb/v7e-m/crt0.o
LOAD src/ASF/common/services/sleepmgr/sam/sleepmgr.o
LOAD src/ASF/sam/drivers/spi/spi.o
LOAD src/ASF/sam/drivers/tc/tc.o
LOAD src/oled/gfx_mono_framebuffer.o
LOAD src/oled/gfx_mono_generic.o
LOAD src/oled/gfx_mono_text.o
LOAD src/oled/gfx_mono_ug_2832hsweg04.o
LOAD src/oled/ssd1306.o
LOAD src/oled/sysfont.o
LOAD src/ASF/common/services/delay/sam/cycle_counter.o
LOAD src/ASF/common/services/clock/same70/sysclk.o
LOAD src/ASF/common/utils/interrupt/interrupt_sam_nvic.o
LOAD src/ASF/sam/boards/same70_xplained/init.o
LOAD src/ASF/sam/drivers/mpu/mpu.o
LOAD src/ASF/sam/drivers/pio/pio.o
LOAD src/ASF/sam/drivers/pio/pio_handler.o
LOAD src/ASF/sam/drivers/pmc/pmc.o
LOAD src/ASF/sam/drivers/pmc/sleep.o
LOAD src/ASF/sam/utils/cmsis/same70/source/templates/gcc/startup_same70.o
LOAD src/ASF/sam/utils/cmsis/same70/source/templates/system_same70.o
LOAD src/ASF/sam/utils/syscalls/gcc/syscalls.o
LOAD src/main.o
START GROUP
LOAD ../src/ASF/thirdparty/CMSIS/Lib/GCC\libarm_cortexM7lfsp_math_softfp.a
LOAD c:/program files (x86)/atmel/studio/7.0/toolchain/arm/arm-gnu-toolchain/bin/../lib/gcc/arm-none-eabi/6.3.1/../../../../arm-none-eabi/lib/thumb/v7e-m\libm.a
END GROUP
START GROUP
LOAD c:/program files (x86)/atmel/studio/7.0/toolchain/arm/arm-gnu-toolchain/bin/../lib/gcc/arm-none-eabi/6.3.1/thumb/v7e-m\libgcc.a
LOAD c:/program files (x86)/atmel/studio/7.0/toolchain/arm/arm-gnu-toolchain/bin/../lib/gcc/arm-none-eabi/6.3.1/../../../../arm-none-eabi/lib/thumb/v7e-m\libc.a
END GROUP
LOAD c:/program files (x86)/atmel/studio/7.0/toolchain/arm/arm-gnu-toolchain/bin/../lib/gcc/arm-none-eabi/6.3.1/thumb/v7e-m/crtend.o
LOAD c:/program files (x86)/atmel/studio/7.0/toolchain/arm/arm-gnu-toolchain/bin/../lib/gcc/arm-none-eabi/6.3.1/thumb/v7e-m/crtn.o
                0x00002000                STACK_SIZE = DEFINED (STACK_SIZE)?STACK_SIZE:0x2000
                0x2045fffc                __ram_end__ = ((ORIGIN (ram) + LENGTH (ram)) - 0x4)
                0x00000200                HEAP_SIZE = DEFINED (HEAP_SIZE)?HEAP_SIZE:0x200

.text           0x00400000     0x88f4
                0x00400000                . = ALIGN (0x4)
                0x00400000                _sfixed = .
 *(.vectors .vectors.*)
 .vectors       0x00400000      0x140 src/ASF/sam/utils/cmsis/same70/source/templates/gcc/startup_same70.o
                0x00400000                exception_table
 *(.text .text.* .gnu.linkonce.t.*)
 .text          0x00400140       0x6c c:/program files (x86)/atmel/studio/7.0/toolchain/arm/arm-gnu-toolchain/bin/../lib/gcc/arm-none-eabi/6.3.1/thumb/v7e-m/crtbegin.o
 .text.spi_get_peripheral_select_mode
                0x004001ac       0x26 src/ASF/sam/drivers/spi/spi.o
 *fill*         0x004001d2        0x2 
 .text.sysclk_enable_peripheral_clock
                0x004001d4       0x1c src/ASF/sam/drivers/spi/spi.o
 .text.spi_enable_clock
                0x004001f0       0x3c src/ASF/sam/drivers/spi/spi.o
                0x004001f0                spi_enable_clock
 .text.spi_set_peripheral_chip_select_value
                0x0040022c       0x34 src/ASF/sam/drivers/spi/spi.o
                0x0040022c                spi_set_peripheral_chip_select_value
 .text.spi_write
                0x00400260       0x80 src/ASF/sam/drivers/spi/spi.o
                0x00400260                spi_write
 .text.spi_set_clock_polarity
                0x004002e0       0x50 src/ASF/sam/drivers/spi/spi.o
                0x004002e0                spi_set_clock_polarity
 .text.spi_set_clock_phase
                0x00400330       0x50 src/ASF/sam/drivers/spi/spi.o
                0x00400330                spi_set_clock_phase
 .text.spi_configure_cs_behavior
                0x00400380       0xa6 src/ASF/sam/drivers/spi/spi.o
                0x00400380                spi_configure_cs_behavior
 .text.spi_set_bits_per_transfer
                0x00400426       0x4a src/ASF/sam/drivers/spi/spi.o
                0x00400426                spi_set_bits_per_transfer
 .text.spi_calc_baudrate_div
                0x00400470       0x3c src/ASF/sam/drivers/spi/spi.o
                0x00400470                spi_calc_baudrate_div
 .text.spi_set_baudrate_div
                0x004004ac       0x5e src/ASF/sam/drivers/spi/spi.o
                0x004004ac                spi_set_baudrate_div
 *fill*         0x0040050a        0x2 
 .text.gfx_mono_set_framebuffer
                0x0040050c       0x20 src/oled/gfx_mono_framebuffer.o
                0x0040050c                gfx_mono_set_framebuffer
 .text.gfx_mono_framebuffer_put_byte
                0x0040052c       0x38 src/oled/gfx_mono_framebuffer.o
                0x0040052c                gfx_mono_framebuffer_put_byte
 .text.gfx_mono_framebuffer_get_byte
                0x00400564       0x34 src/oled/gfx_mono_framebuffer.o
                0x00400564                gfx_mono_framebuffer_get_byte
 .text.gfx_mono_generic_draw_horizontal_line
                0x00400598      0x130 src/oled/gfx_mono_generic.o
                0x00400598                gfx_mono_generic_draw_horizontal_line
 .text.gfx_mono_generic_draw_filled_rect
                0x004006c8       0x50 src/oled/gfx_mono_generic.o
                0x004006c8                gfx_mono_generic_draw_filled_rect
 .text.gfx_mono_draw_char_progmem
                0x00400718       0xe0 src/oled/gfx_mono_text.o
 .text.gfx_mono_draw_char
                0x004007f8       0x54 src/oled/gfx_mono_text.o
                0x004007f8                gfx_mono_draw_char
 .text.gfx_mono_draw_string
                0x0040084c       0x6c src/oled/gfx_mono_text.o
                0x0040084c                gfx_mono_draw_string
 .text.ssd1306_set_page_address
                0x004008b8       0x2c src/oled/gfx_mono_ug_2832hsweg04.o
 .text.ssd1306_set_column_address
                0x004008e4       0x40 src/oled/gfx_mono_ug_2832hsweg04.o
 .text.ssd1306_set_display_start_line_address
                0x00400924       0x2c src/oled/gfx_mono_ug_2832hsweg04.o
 .text.gfx_mono_ssd1306_init
                0x00400950       0x64 src/oled/gfx_mono_ug_2832hsweg04.o
                0x00400950                gfx_mono_ssd1306_init
 .text.gfx_mono_ssd1306_draw_pixel
                0x004009b4       0x9c src/oled/gfx_mono_ug_2832hsweg04.o
                0x004009b4                gfx_mono_ssd1306_draw_pixel
 .text.gfx_mono_ssd1306_put_byte
                0x00400a50       0x84 src/oled/gfx_mono_ug_2832hsweg04.o
                0x00400a50                gfx_mono_ssd1306_put_byte
 .text.gfx_mono_ssd1306_get_byte
                0x00400ad4       0x2c src/oled/gfx_mono_ug_2832hsweg04.o
                0x00400ad4                gfx_mono_ssd1306_get_byte
 .text.osc_get_rate
                0x00400b00       0x74 src/oled/ssd1306.o
 .text.sysclk_get_main_hz
                0x00400b74       0x20 src/oled/ssd1306.o
 .text.sysclk_get_cpu_hz
                0x00400b94       0x14 src/oled/ssd1306.o
 .text.sysclk_get_peripheral_hz
                0x00400ba8       0x14 src/oled/ssd1306.o
 .text.ioport_enable_pin
                0x00400bbc       0x4c src/oled/ssd1306.o
 .text.ioport_set_pin_mode
                0x00400c08      0x11c src/oled/ssd1306.o
 .text.ioport_set_pin_dir
                0x00400d24       0x88 src/oled/ssd1306.o
 .text.ioport_set_pin_level
                0x00400dac       0x6c src/oled/ssd1306.o
 .text.spi_reset
                0x00400e18       0x1a src/oled/ssd1306.o
 .text.spi_enable
                0x00400e32       0x1a src/oled/ssd1306.o
 .text.spi_disable
                0x00400e4c       0x1a src/oled/ssd1306.o
 .text.spi_set_master_mode
                0x00400e66       0x20 src/oled/ssd1306.o
 .text.spi_set_fixed_peripheral_select
                0x00400e86       0x20 src/oled/ssd1306.o
 .text.spi_disable_mode_fault_detect
                0x00400ea6       0x20 src/oled/ssd1306.o
 .text.spi_disable_loopback
                0x00400ec6       0x20 src/oled/ssd1306.o
 *fill*         0x00400ee6        0x2 
 .text.ssd1306_hard_reset
                0x00400ee8       0x54 src/oled/ssd1306.o
 .text.ssd1306_display_on
                0x00400f3c       0x14 src/oled/ssd1306.o
 .text.ssd1306_set_contrast
                0x00400f50       0x28 src/oled/ssd1306.o
 .text.ssd1306_display_invert_disable
                0x00400f78       0x14 src/oled/ssd1306.o
 .text.ssd1306_interface_init
                0x00400f8c      0x180 src/oled/ssd1306.o
 .text.ssd1306_init
                0x0040110c       0xb0 src/oled/ssd1306.o
                0x0040110c                ssd1306_init
 .text.ssd1306_write_command
                0x004011bc       0xa4 src/oled/ssd1306.o
                0x004011bc                ssd1306_write_command
 .text.ssd1306_write_data
                0x00401260       0xa4 src/oled/ssd1306.o
                0x00401260                ssd1306_write_data
 .text.osc_enable
                0x00401304       0x88 src/ASF/common/services/clock/same70/sysclk.o
 .text.osc_is_ready
                0x0040138c       0x70 src/ASF/common/services/clock/same70/sysclk.o
 .text.osc_get_rate
                0x004013fc       0x74 src/ASF/common/services/clock/same70/sysclk.o
 .text.osc_wait_ready
                0x00401470       0x2c src/ASF/common/services/clock/same70/sysclk.o
 .text.pll_config_init
                0x0040149c       0x6c src/ASF/common/services/clock/same70/sysclk.o
 .text.pll_enable
                0x00401508       0x40 src/ASF/common/services/clock/same70/sysclk.o
 .text.pll_is_locked
                0x00401548       0x2c src/ASF/common/services/clock/same70/sysclk.o
 .text.pll_enable_source
                0x00401574       0x38 src/ASF/common/services/clock/same70/sysclk.o
 .text.pll_wait_for_lock
                0x004015ac       0x24 src/ASF/common/services/clock/same70/sysclk.o
 .text.sysclk_get_main_hz
                0x004015d0       0x20 src/ASF/common/services/clock/same70/sysclk.o
 .text.sysclk_get_cpu_hz
                0x004015f0       0x14 src/ASF/common/services/clock/same70/sysclk.o
 .text.sysclk_init
                0x00401604       0x7c src/ASF/common/services/clock/same70/sysclk.o
                0x00401604                sysclk_init
 .text.SCB_EnableICache
                0x00401680       0x38 src/ASF/sam/boards/same70_xplained/init.o
 .text.SCB_EnableDCache
                0x004016b8       0xa4 src/ASF/sam/boards/same70_xplained/init.o
 .text.sysclk_enable_peripheral_clock
                0x0040175c       0x1c src/ASF/sam/boards/same70_xplained/init.o
 .text.ioport_init
                0x00401778       0x2c src/ASF/sam/boards/same70_xplained/init.o
 .text.ioport_set_pin_mode
                0x004017a4      0x11c src/ASF/sam/boards/same70_xplained/init.o
 .text.ioport_set_pin_dir
                0x004018c0       0x88 src/ASF/sam/boards/same70_xplained/init.o
 .text.ioport_set_pin_level
                0x00401948       0x6c src/ASF/sam/boards/same70_xplained/init.o
 .text.ioport_set_pin_sense_mode
                0x004019b4       0xd0 src/ASF/sam/boards/same70_xplained/init.o
 .text.tcm_disable
                0x00401a84       0x44 src/ASF/sam/boards/same70_xplained/init.o
 .text.board_init
                0x00401ac8       0x84 src/ASF/sam/boards/same70_xplained/init.o
                0x00401ac8                board_init
 .text.pio_pull_up
                0x00401b4c       0x2c src/ASF/sam/drivers/pio/pio.o
                0x00401b4c                pio_pull_up
 .text.pio_set_debounce_filter
                0x00401b78       0x38 src/ASF/sam/drivers/pio/pio.o
                0x00401b78                pio_set_debounce_filter
 .text.pio_set  0x00401bb0       0x1c src/ASF/sam/drivers/pio/pio.o
                0x00401bb0                pio_set
 .text.pio_clear
                0x00401bcc       0x1c src/ASF/sam/drivers/pio/pio.o
                0x00401bcc                pio_clear
 .text.pio_get  0x00401be8       0x46 src/ASF/sam/drivers/pio/pio.o
                0x00401be8                pio_get
 .text.pio_set_peripheral
                0x00401c2e      0x110 src/ASF/sam/drivers/pio/pio.o
                0x00401c2e                pio_set_peripheral
 *fill*         0x00401d3e        0x2 
 .text.pio_set_input
                0x00401d40       0x80 src/ASF/sam/drivers/pio/pio.o
                0x00401d40                pio_set_input
 .text.pio_set_output
                0x00401dc0       0x64 src/ASF/sam/drivers/pio/pio.o
                0x00401dc0                pio_set_output
 .text.pio_configure
                0x00401e24       0xcc src/ASF/sam/drivers/pio/pio.o
                0x00401e24                pio_configure
 .text.pio_configure_interrupt
                0x00401ef0       0x6c src/ASF/sam/drivers/pio/pio.o
                0x00401ef0                pio_configure_interrupt
 .text.pio_enable_interrupt
                0x00401f5c       0x1c src/ASF/sam/drivers/pio/pio.o
                0x00401f5c                pio_enable_interrupt
 .text.pio_disable_interrupt
                0x00401f78       0x1c src/ASF/sam/drivers/pio/pio.o
                0x00401f78                pio_disable_interrupt
 .text.pio_get_interrupt_status
                0x00401f94       0x18 src/ASF/sam/drivers/pio/pio.o
                0x00401f94                pio_get_interrupt_status
 .text.pio_get_interrupt_mask
                0x00401fac       0x18 src/ASF/sam/drivers/pio/pio.o
                0x00401fac                pio_get_interrupt_mask
 .text.pio_handler_process
                0x00401fc4       0xb4 src/ASF/sam/drivers/pio/pio_handler.o
                0x00401fc4                pio_handler_process
 .text.pio_handler_set
                0x00402078       0xa0 src/ASF/sam/drivers/pio/pio_handler.o
                0x00402078                pio_handler_set
 .text.PIOA_Handler
                0x00402118       0x18 src/ASF/sam/drivers/pio/pio_handler.o
                0x00402118                PIOA_Handler
 .text.PIOB_Handler
                0x00402130       0x18 src/ASF/sam/drivers/pio/pio_handler.o
                0x00402130                PIOB_Handler
 .text.PIOC_Handler
                0x00402148       0x18 src/ASF/sam/drivers/pio/pio_handler.o
                0x00402148                PIOC_Handler
 .text.PIOD_Handler
                0x00402160       0x18 src/ASF/sam/drivers/pio/pio_handler.o
                0x00402160                PIOD_Handler
 .text.PIOE_Handler
                0x00402178       0x18 src/ASF/sam/drivers/pio/pio_handler.o
                0x00402178                PIOE_Handler
 .text.pmc_mck_set_division
                0x00402190       0x7c src/ASF/sam/drivers/pmc/pmc.o
                0x00402190                pmc_mck_set_division
 .text.pmc_switch_mck_to_pllack
                0x0040220c       0x84 src/ASF/sam/drivers/pmc/pmc.o
                0x0040220c                pmc_switch_mck_to_pllack
 .text.pmc_switch_sclk_to_32kxtal
                0x00402290       0x38 src/ASF/sam/drivers/pmc/pmc.o
                0x00402290                pmc_switch_sclk_to_32kxtal
 .text.pmc_osc_is_ready_32kxtal
                0x004022c8       0x34 src/ASF/sam/drivers/pmc/pmc.o
                0x004022c8                pmc_osc_is_ready_32kxtal
 .text.pmc_switch_mainck_to_fastrc
                0x004022fc       0x70 src/ASF/sam/drivers/pmc/pmc.o
                0x004022fc                pmc_switch_mainck_to_fastrc
 .text.pmc_switch_mainck_to_xtal
                0x0040236c       0x78 src/ASF/sam/drivers/pmc/pmc.o
                0x0040236c                pmc_switch_mainck_to_xtal
 .text.pmc_osc_is_ready_mainck
                0x004023e4       0x1c src/ASF/sam/drivers/pmc/pmc.o
                0x004023e4                pmc_osc_is_ready_mainck
 .text.pmc_disable_pllack
                0x00402400       0x1c src/ASF/sam/drivers/pmc/pmc.o
                0x00402400                pmc_disable_pllack
 .text.pmc_is_locked_pllack
                0x0040241c       0x1c src/ASF/sam/drivers/pmc/pmc.o
                0x0040241c                pmc_is_locked_pllack
 .text.pmc_is_locked_upll
                0x00402438       0x1c src/ASF/sam/drivers/pmc/pmc.o
                0x00402438                pmc_is_locked_upll
 .text.pmc_enable_periph_clk
                0x00402454       0x84 src/ASF/sam/drivers/pmc/pmc.o
                0x00402454                pmc_enable_periph_clk
 .text.pmc_set_flash_in_wait_mode
                0x004024d8       0x20 src/ASF/sam/drivers/pmc/pmc.o
                0x004024d8                pmc_set_flash_in_wait_mode
 .text.pmc_enable_waitmode
                0x004024f8       0x90 src/ASF/sam/drivers/pmc/pmc.o
                0x004024f8                pmc_enable_waitmode
 .text.pmc_sleep
                0x00402588      0x398 src/ASF/sam/drivers/pmc/sleep.o
                0x00402588                pmc_sleep
 .text.cpu_irq_save
                0x00402920       0x38 src/ASF/sam/utils/cmsis/same70/source/templates/gcc/startup_same70.o
 .text.cpu_irq_is_enabled_flags
                0x00402958       0x20 src/ASF/sam/utils/cmsis/same70/source/templates/gcc/startup_same70.o
 .text.cpu_irq_restore
                0x00402978       0x30 src/ASF/sam/utils/cmsis/same70/source/templates/gcc/startup_same70.o
 .text.Reset_Handler
                0x004029a8       0xb0 src/ASF/sam/utils/cmsis/same70/source/templates/gcc/startup_same70.o
                0x004029a8                Reset_Handler
 .text.Dummy_Handler
                0x00402a58        0x6 src/ASF/sam/utils/cmsis/same70/source/templates/gcc/startup_same70.o
                0x00402a58                DACC_Handler
                0x00402a58                DebugMon_Handler
                0x00402a58                UART3_Handler
                0x00402a58                UART2_Handler
                0x00402a58                TRNG_Handler
                0x00402a58                HardFault_Handler
                0x00402a58                TC2_Handler
                0x00402a58                SysTick_Handler
                0x00402a58                AFEC1_Handler
                0x00402a58                PendSV_Handler
                0x00402a58                NMI_Handler
                0x00402a58                TC7_Handler
                0x00402a58                QSPI_Handler
                0x00402a58                ISI_Handler
                0x00402a58                TC9_Handler
                0x00402a58                RSWDT_Handler
                0x00402a58                MCAN1_Handler
                0x00402a58                USART0_Handler
                0x00402a58                RTT_Handler
                0x00402a58                USBHS_Handler
                0x00402a58                RTC_Handler
                0x00402a58                UsageFault_Handler
                0x00402a58                TC6_Handler
                0x00402a58                WDT_Handler
                0x00402a58                TC4_Handler
                0x00402a58                TC1_Handler
                0x00402a58                HSMCI_Handler
                0x00402a58                UART1_Handler
                0x00402a58                TC3_Handler
                0x00402a58                Dummy_Handler
                0x00402a58                TWIHS1_Handler
                0x00402a58                XDMAC_Handler
                0x00402a58                UART4_Handler
                0x00402a58                PWM1_Handler
                0x00402a58                USART1_Handler
                0x00402a58                PWM0_Handler
                0x00402a58                AFEC0_Handler
                0x00402a58                TC11_Handler
                0x00402a58                SSC_Handler
                0x00402a58                ACC_Handler
                0x00402a58                PMC_Handler
                0x00402a58                GMAC_Handler
                0x00402a58                MemManage_Handler
                0x00402a58                SUPC_Handler
                0x00402a58                SVC_Handler
                0x00402a58                TC8_Handler
                0x00402a58                EFC_Handler
                0x00402a58                USART2_Handler
                0x00402a58                SDRAMC_Handler
                0x00402a58                SPI1_Handler
                0x00402a58                MCAN0_Handler
                0x00402a58                TC10_Handler
                0x00402a58                TWIHS2_Handler
                0x00402a58                UART0_Handler
                0x00402a58                BusFault_Handler
                0x00402a58                RSTC_Handler
                0x00402a58                TC0_Handler
                0x00402a58                TC5_Handler
                0x00402a58                AES_Handler
                0x00402a58                ICM_Handler
                0x00402a58                TWIHS0_Handler
                0x00402a58                SPI0_Handler
 *fill*         0x00402a5e        0x2 
 .text.SystemCoreClockUpdate
                0x00402a60      0x168 src/ASF/sam/utils/cmsis/same70/source/templates/system_same70.o
                0x00402a60                SystemCoreClockUpdate
 .text.system_init_flash
                0x00402bc8       0xb0 src/ASF/sam/utils/cmsis/same70/source/templates/system_same70.o
                0x00402bc8                system_init_flash
 .text._sbrk    0x00402c78       0x58 src/ASF/sam/utils/syscalls/gcc/syscalls.o
                0x00402c78                _sbrk
 .text.NVIC_EnableIRQ
                0x00402cd0       0x34 src/main.o
 .text.NVIC_SetPriority
                0x00402d04       0x54 src/main.o
 .text.osc_get_rate
                0x00402d58       0x74 src/main.o
 .text.sysclk_get_main_hz
                0x00402dcc       0x20 src/main.o
 .text.sysclk_get_cpu_hz
                0x00402dec       0x14 src/main.o
 .text.but_callback
                0x00402e00       0x34 src/main.o
                0x00402e00                but_callback
 .text.but_callback1
                0x00402e34       0x40 src/main.o
                0x00402e34                but_callback1
 .text.pisca_led
                0x00402e74      0x174 src/main.o
                0x00402e74                pisca_led
 .text.display  0x00402fe8       0xa4 src/main.o
                0x00402fe8                display
 .text.io_init  0x0040308c      0x110 src/main.o
                0x0040308c                io_init
 *fill*         0x0040319c        0x4 
 .text.main     0x004031a0      0x158 src/main.o
                0x004031a0                main
 .text          0x004032f8      0x370 c:/program files (x86)/atmel/studio/7.0/toolchain/arm/arm-gnu-toolchain/bin/../lib/gcc/arm-none-eabi/6.3.1/thumb/v7e-m\libgcc.a(_arm_addsubdf3.o)
                0x004032f8                __aeabi_drsub
                0x00403300                __aeabi_dsub
                0x00403300                __subdf3
                0x00403304                __aeabi_dadd
                0x00403304                __adddf3
                0x0040357c                __floatunsidf
                0x0040357c                __aeabi_ui2d
                0x0040359c                __floatsidf
                0x0040359c                __aeabi_i2d
                0x004035c0                __aeabi_f2d
                0x004035c0                __extendsfdf2
                0x004035fc                __floatundidf
                0x004035fc                __aeabi_ul2d
                0x0040360c                __floatdidf
                0x0040360c                __aeabi_l2d
 .text          0x00403668      0x424 c:/program files (x86)/atmel/studio/7.0/toolchain/arm/arm-gnu-toolchain/bin/../lib/gcc/arm-none-eabi/6.3.1/thumb/v7e-m\libgcc.a(_arm_muldivdf3.o)
                0x00403668                __aeabi_dmul
                0x00403668                __muldf3
                0x004038bc                __divdf3
                0x004038bc                __aeabi_ddiv
 .text          0x00403a8c      0x110 c:/program files (x86)/atmel/studio/7.0/toolchain/arm/arm-gnu-toolchain/bin/../lib/gcc/arm-none-eabi/6.3.1/thumb/v7e-m\libgcc.a(_arm_cmpdf2.o)
                0x00403a8c                __gtdf2
                0x00403a8c                __gedf2
                0x00403a94                __ltdf2
                0x00403a94                __ledf2
                0x00403a9c                __nedf2
                0x00403a9c                __eqdf2
                0x00403a9c                __cmpdf2
                0x00403b18                __aeabi_cdrcmple
                0x00403b28                __aeabi_cdcmpeq
                0x00403b28                __aeabi_cdcmple
                0x00403b38                __aeabi_dcmpeq
                0x00403b4c                __aeabi_dcmplt
                0x00403b60                __aeabi_dcmple
                0x00403b74                __aeabi_dcmpge
                0x00403b88                __aeabi_dcmpgt
 .text          0x00403b9c       0x50 c:/program files (x86)/atmel/studio/7.0/toolchain/arm/arm-gnu-toolchain/bin/../lib/gcc/arm-none-eabi/6.3.1/thumb/v7e-m\libgcc.a(_arm_fixdfsi.o)
                0x00403b9c                __aeabi_d2iz
                0x00403b9c                __fixdfsi
 .text          0x00403bec       0x30 c:/program files (x86)/atmel/studio/7.0/toolchain/arm/arm-gnu-toolchain/bin/../lib/gcc/arm-none-eabi/6.3.1/thumb/v7e-m\libgcc.a(_aeabi_uldivmod.o)
                0x00403bec                __aeabi_uldivmod
 .text          0x00403c1c      0x2dc c:/program files (x86)/atmel/studio/7.0/toolchain/arm/arm-gnu-toolchain/bin/../lib/gcc/arm-none-eabi/6.3.1/thumb/v7e-m\libgcc.a(_udivmoddi4.o)
                0x00403c1c                __udivmoddi4
 .text          0x00403ef8        0x4 c:/program files (x86)/atmel/studio/7.0/toolchain/arm/arm-gnu-toolchain/bin/../lib/gcc/arm-none-eabi/6.3.1/thumb/v7e-m\libgcc.a(_dvmd_tls.o)
                0x00403ef8                __aeabi_idiv0
                0x00403ef8                __aeabi_ldiv0
 .text.__libc_init_array
                0x00403efc       0x50 c:/program files (x86)/atmel/studio/7.0/toolchain/arm/arm-gnu-toolchain/bin/../lib/gcc/arm-none-eabi/6.3.1/../../../../arm-none-eabi/lib/thumb/v7e-m\libc.a(lib_a-init.o)
                0x00403efc                __libc_init_array
 .text.memset   0x00403f4c       0x9c c:/program files (x86)/atmel/studio/7.0/toolchain/arm/arm-gnu-toolchain/bin/../lib/gcc/arm-none-eabi/6.3.1/../../../../arm-none-eabi/lib/thumb/v7e-m\libc.a(lib_a-memset.o)
                0x00403f4c                memset
 .text.sprintf  0x00403fe8       0x4c c:/program files (x86)/atmel/studio/7.0/toolchain/arm/arm-gnu-toolchain/bin/../lib/gcc/arm-none-eabi/6.3.1/../../../../arm-none-eabi/lib/thumb/v7e-m\libc.a(lib_a-sprintf.o)
                0x00403fe8                sprintf
 .text._svfprintf_r
                0x00404034     0x145c c:/program files (x86)/atmel/studio/7.0/toolchain/arm/arm-gnu-toolchain/bin/../lib/gcc/arm-none-eabi/6.3.1/../../../../arm-none-eabi/lib/thumb/v7e-m\libc.a(lib_a-svfprintf.o)
                0x00404034                _svfprintf_r
 .text.startup.register_fini
                0x00405490       0x14 c:/program files (x86)/atmel/studio/7.0/toolchain/arm/arm-gnu-toolchain/bin/../lib/gcc/arm-none-eabi/6.3.1/../../../../arm-none-eabi/lib/thumb/v7e-m\libc.a(lib_a-__call_atexit.o)
 .text.atexit   0x004054a4        0xc c:/program files (x86)/atmel/studio/7.0/toolchain/arm/arm-gnu-toolchain/bin/../lib/gcc/arm-none-eabi/6.3.1/../../../../arm-none-eabi/lib/thumb/v7e-m\libc.a(lib_a-atexit.o)
                0x004054a4                atexit
 .text.quorem   0x004054b0      0x128 c:/program files (x86)/atmel/studio/7.0/toolchain/arm/arm-gnu-toolchain/bin/../lib/gcc/arm-none-eabi/6.3.1/../../../../arm-none-eabi/lib/thumb/v7e-m\libc.a(lib_a-dtoa.o)
 .text._dtoa_r  0x004055d8      0xe54 c:/program files (x86)/atmel/studio/7.0/toolchain/arm/arm-gnu-toolchain/bin/../lib/gcc/arm-none-eabi/6.3.1/../../../../arm-none-eabi/lib/thumb/v7e-m\libc.a(lib_a-dtoa.o)
                0x004055d8                _dtoa_r
 .text.__libc_fini_array
                0x0040642c       0x34 c:/program files (x86)/atmel/studio/7.0/toolchain/arm/arm-gnu-toolchain/bin/../lib/gcc/arm-none-eabi/6.3.1/../../../../arm-none-eabi/lib/thumb/v7e-m\libc.a(lib_a-fini.o)
                0x0040642c                __libc_fini_array
 .text._localeconv_r
                0x00406460       0x1c c:/program files (x86)/atmel/studio/7.0/toolchain/arm/arm-gnu-toolchain/bin/../lib/gcc/arm-none-eabi/6.3.1/../../../../arm-none-eabi/lib/thumb/v7e-m\libc.a(lib_a-localeconv.o)
                0x00406460                _localeconv_r
 .text.__retarget_lock_acquire_recursive
                0x0040647c        0x4 c:/program files (x86)/atmel/studio/7.0/toolchain/arm/arm-gnu-toolchain/bin/../lib/gcc/arm-none-eabi/6.3.1/../../../../arm-none-eabi/lib/thumb/v7e-m\libc.a(lib_a-lock.o)
                0x0040647c                __retarget_lock_acquire_recursive
 .text.__retarget_lock_release_recursive
                0x00406480        0x4 c:/program files (x86)/atmel/studio/7.0/toolchain/arm/arm-gnu-toolchain/bin/../lib/gcc/arm-none-eabi/6.3.1/../../../../arm-none-eabi/lib/thumb/v7e-m\libc.a(lib_a-lock.o)
                0x00406480                __retarget_lock_release_recursive
 .text._malloc_r
                0x00406484      0x560 c:/program files (x86)/atmel/studio/7.0/toolchain/arm/arm-gnu-toolchain/bin/../lib/gcc/arm-none-eabi/6.3.1/../../../../arm-none-eabi/lib/thumb/v7e-m\libc.a(lib_a-mallocr.o)
                0x00406484                _malloc_r
 *fill*         0x004069e4        0xc 
 .text          0x004069f0       0xa0 c:/program files (x86)/atmel/studio/7.0/toolchain/arm/arm-gnu-toolchain/bin/../lib/gcc/arm-none-eabi/6.3.1/../../../../arm-none-eabi/lib/thumb/v7e-m\libc.a(lib_a-memchr.o)
                0x004069f0                memchr
 .text          0x00406a90      0x134 c:/program files (x86)/atmel/studio/7.0/toolchain/arm/arm-gnu-toolchain/bin/../lib/gcc/arm-none-eabi/6.3.1/../../../../arm-none-eabi/lib/thumb/v7e-m\libc.a(lib_a-memcpy.o)
                0x00406a90                memcpy
 .text.__malloc_lock
                0x00406bc4        0xc c:/program files (x86)/atmel/studio/7.0/toolchain/arm/arm-gnu-toolchain/bin/../lib/gcc/arm-none-eabi/6.3.1/../../../../arm-none-eabi/lib/thumb/v7e-m\libc.a(lib_a-mlock.o)
                0x00406bc4                __malloc_lock
 .text.__malloc_unlock
                0x00406bd0        0xc c:/program files (x86)/atmel/studio/7.0/toolchain/arm/arm-gnu-toolchain/bin/../lib/gcc/arm-none-eabi/6.3.1/../../../../arm-none-eabi/lib/thumb/v7e-m\libc.a(lib_a-mlock.o)
                0x00406bd0                __malloc_unlock
 .text._Balloc  0x00406bdc       0x4c c:/program files (x86)/atmel/studio/7.0/toolchain/arm/arm-gnu-toolchain/bin/../lib/gcc/arm-none-eabi/6.3.1/../../../../arm-none-eabi/lib/thumb/v7e-m\libc.a(lib_a-mprec.o)
                0x00406bdc                _Balloc
 .text._Bfree   0x00406c28       0x14 c:/program files (x86)/atmel/studio/7.0/toolchain/arm/arm-gnu-toolchain/bin/../lib/gcc/arm-none-eabi/6.3.1/../../../../arm-none-eabi/lib/thumb/v7e-m\libc.a(lib_a-mprec.o)
                0x00406c28                _Bfree
 .text.__multadd
                0x00406c3c       0x80 c:/program files (x86)/atmel/studio/7.0/toolchain/arm/arm-gnu-toolchain/bin/../lib/gcc/arm-none-eabi/6.3.1/../../../../arm-none-eabi/lib/thumb/v7e-m\libc.a(lib_a-mprec.o)
                0x00406c3c                __multadd
 .text.__hi0bits
                0x00406cbc       0x40 c:/program files (x86)/atmel/studio/7.0/toolchain/arm/arm-gnu-toolchain/bin/../lib/gcc/arm-none-eabi/6.3.1/../../../../arm-none-eabi/lib/thumb/v7e-m\libc.a(lib_a-mprec.o)
                0x00406cbc                __hi0bits
 .text.__lo0bits
                0x00406cfc       0x60 c:/program files (x86)/atmel/studio/7.0/toolchain/arm/arm-gnu-toolchain/bin/../lib/gcc/arm-none-eabi/6.3.1/../../../../arm-none-eabi/lib/thumb/v7e-m\libc.a(lib_a-mprec.o)
                0x00406cfc                __lo0bits
 .text.__i2b    0x00406d5c       0x14 c:/program files (x86)/atmel/studio/7.0/toolchain/arm/arm-gnu-toolchain/bin/../lib/gcc/arm-none-eabi/6.3.1/../../../../arm-none-eabi/lib/thumb/v7e-m\libc.a(lib_a-mprec.o)
                0x00406d5c                __i2b
 .text.__multiply
                0x00406d70      0x124 c:/program files (x86)/atmel/studio/7.0/toolchain/arm/arm-gnu-toolchain/bin/../lib/gcc/arm-none-eabi/6.3.1/../../../../arm-none-eabi/lib/thumb/v7e-m\libc.a(lib_a-mprec.o)
                0x00406d70                __multiply
 .text.__pow5mult
                0x00406e94       0xa0 c:/program files (x86)/atmel/studio/7.0/toolchain/arm/arm-gnu-toolchain/bin/../lib/gcc/arm-none-eabi/6.3.1/../../../../arm-none-eabi/lib/thumb/v7e-m\libc.a(lib_a-mprec.o)
                0x00406e94                __pow5mult
 .text.__lshift
                0x00406f34       0xa4 c:/program files (x86)/atmel/studio/7.0/toolchain/arm/arm-gnu-toolchain/bin/../lib/gcc/arm-none-eabi/6.3.1/../../../../arm-none-eabi/lib/thumb/v7e-m\libc.a(lib_a-mprec.o)
                0x00406f34                __lshift
 .text.__mcmp   0x00406fd8       0x38 c:/program files (x86)/atmel/studio/7.0/toolchain/arm/arm-gnu-toolchain/bin/../lib/gcc/arm-none-eabi/6.3.1/../../../../arm-none-eabi/lib/thumb/v7e-m\libc.a(lib_a-mprec.o)
                0x00406fd8                __mcmp
 .text.__mdiff  0x00407010      0x108 c:/program files (x86)/atmel/studio/7.0/toolchain/arm/arm-gnu-toolchain/bin/../lib/gcc/arm-none-eabi/6.3.1/../../../../arm-none-eabi/lib/thumb/v7e-m\libc.a(lib_a-mprec.o)
                0x00407010                __mdiff
 .text.__d2b    0x00407118       0xb8 c:/program files (x86)/atmel/studio/7.0/toolchain/arm/arm-gnu-toolchain/bin/../lib/gcc/arm-none-eabi/6.3.1/../../../../arm-none-eabi/lib/thumb/v7e-m\libc.a(lib_a-mprec.o)
                0x00407118                __d2b
 .text._sbrk_r  0x004071d0       0x24 c:/program files (x86)/atmel/studio/7.0/toolchain/arm/arm-gnu-toolchain/bin/../lib/gcc/arm-none-eabi/6.3.1/../../../../arm-none-eabi/lib/thumb/v7e-m\libc.a(lib_a-sbrkr.o)
                0x004071d0                _sbrk_r
 *fill*         0x004071f4        0xc 
 .text          0x00407200       0xdc c:/program files (x86)/atmel/studio/7.0/toolchain/arm/arm-gnu-toolchain/bin/../lib/gcc/arm-none-eabi/6.3.1/../../../../arm-none-eabi/lib/thumb/v7e-m\libc.a(lib_a-strlen.o)
                0x00407200                strlen
 .text.__ssprint_r
                0x004072dc       0xfc c:/program files (x86)/atmel/studio/7.0/toolchain/arm/arm-gnu-toolchain/bin/../lib/gcc/arm-none-eabi/6.3.1/../../../../arm-none-eabi/lib/thumb/v7e-m\libc.a(lib_a-svfiprintf.o)
                0x004072dc                __ssprint_r
 .text.__register_exitproc
                0x004073d8       0xc4 c:/program files (x86)/atmel/studio/7.0/toolchain/arm/arm-gnu-toolchain/bin/../lib/gcc/arm-none-eabi/6.3.1/../../../../arm-none-eabi/lib/thumb/v7e-m\libc.a(lib_a-__atexit.o)
                0x004073d8                __register_exitproc
 .text._calloc_r
                0x0040749c       0x60 c:/program files (x86)/atmel/studio/7.0/toolchain/arm/arm-gnu-toolchain/bin/../lib/gcc/arm-none-eabi/6.3.1/../../../../arm-none-eabi/lib/thumb/v7e-m\libc.a(lib_a-callocr.o)
                0x0040749c                _calloc_r
 .text._malloc_trim_r
                0x004074fc       0xa0 c:/program files (x86)/atmel/studio/7.0/toolchain/arm/arm-gnu-toolchain/bin/../lib/gcc/arm-none-eabi/6.3.1/../../../../arm-none-eabi/lib/thumb/v7e-m\libc.a(lib_a-freer.o)
                0x004074fc                _malloc_trim_r
 .text._free_r  0x0040759c      0x1cc c:/program files (x86)/atmel/studio/7.0/toolchain/arm/arm-gnu-toolchain/bin/../lib/gcc/arm-none-eabi/6.3.1/../../../../arm-none-eabi/lib/thumb/v7e-m\libc.a(lib_a-freer.o)
                0x0040759c                _free_r
 .text.__ascii_mbtowc
                0x00407768       0x2c c:/program files (x86)/atmel/studio/7.0/toolchain/arm/arm-gnu-toolchain/bin/../lib/gcc/arm-none-eabi/6.3.1/../../../../arm-none-eabi/lib/thumb/v7e-m\libc.a(lib_a-mbtowc_r.o)
                0x00407768                __ascii_mbtowc
 .text.memmove  0x00407794       0xc8 c:/program files (x86)/atmel/studio/7.0/toolchain/arm/arm-gnu-toolchain/bin/../lib/gcc/arm-none-eabi/6.3.1/../../../../arm-none-eabi/lib/thumb/v7e-m\libc.a(lib_a-memmove.o)
                0x00407794                memmove
 .text._realloc_r
                0x0040785c      0x34c c:/program files (x86)/atmel/studio/7.0/toolchain/arm/arm-gnu-toolchain/bin/../lib/gcc/arm-none-eabi/6.3.1/../../../../arm-none-eabi/lib/thumb/v7e-m\libc.a(lib_a-reallocr.o)
                0x0040785c                _realloc_r
 .text.__ascii_wctomb
                0x00407ba8       0x1c c:/program files (x86)/atmel/studio/7.0/toolchain/arm/arm-gnu-toolchain/bin/../lib/gcc/arm-none-eabi/6.3.1/../../../../arm-none-eabi/lib/thumb/v7e-m\libc.a(lib_a-wctomb_r.o)
                0x00407ba8                __ascii_wctomb
 .text          0x00407bc4       0x2c c:/program files (x86)/atmel/studio/7.0/toolchain/arm/arm-gnu-toolchain/bin/../lib/gcc/arm-none-eabi/6.3.1/thumb/v7e-m\libgcc.a(_arm_unorddf2.o)
                0x00407bc4                __unorddf2
                0x00407bc4                __aeabi_dcmpun
 *(.glue_7t)
 .glue_7t       0x00407bf0        0x0 linker stubs
 *(.glue_7)
 .glue_7        0x00407bf0        0x0 linker stubs
 *(.rodata .rodata* .gnu.linkonce.r.*)
 .rodata.sysfont_glyphs
                0x00407bf0      0xa48 src/oled/sysfont.o
 .rodata        0x00408638        0xe src/main.o
 *fill*         0x00408646        0x2 
 .rodata._global_impure_ptr
                0x00408648        0x4 c:/program files (x86)/atmel/studio/7.0/toolchain/arm/arm-gnu-toolchain/bin/../lib/gcc/arm-none-eabi/6.3.1/../../../../arm-none-eabi/lib/thumb/v7e-m\libc.a(lib_a-impure.o)
                0x00408648                _global_impure_ptr
 .rodata._svfprintf_r.str1.4
                0x0040864c       0x42 c:/program files (x86)/atmel/studio/7.0/toolchain/arm/arm-gnu-toolchain/bin/../lib/gcc/arm-none-eabi/6.3.1/../../../../arm-none-eabi/lib/thumb/v7e-m\libc.a(lib_a-svfprintf.o)
 *fill*         0x0040868e        0x2 
 .rodata.blanks.7223
                0x00408690       0x10 c:/program files (x86)/atmel/studio/7.0/toolchain/arm/arm-gnu-toolchain/bin/../lib/gcc/arm-none-eabi/6.3.1/../../../../arm-none-eabi/lib/thumb/v7e-m\libc.a(lib_a-svfprintf.o)
 .rodata.zeroes.7224
                0x004086a0       0x10 c:/program files (x86)/atmel/studio/7.0/toolchain/arm/arm-gnu-toolchain/bin/../lib/gcc/arm-none-eabi/6.3.1/../../../../arm-none-eabi/lib/thumb/v7e-m\libc.a(lib_a-svfprintf.o)
 .rodata._dtoa_r.str1.4
                0x004086b0       0x10 c:/program files (x86)/atmel/studio/7.0/toolchain/arm/arm-gnu-toolchain/bin/../lib/gcc/arm-none-eabi/6.3.1/../../../../arm-none-eabi/lib/thumb/v7e-m\libc.a(lib_a-dtoa.o)
                                 0x12 (size before relaxing)
 .rodata.__mprec_bigtens
                0x004086c0       0x28 c:/program files (x86)/atmel/studio/7.0/toolchain/arm/arm-gnu-toolchain/bin/../lib/gcc/arm-none-eabi/6.3.1/../../../../arm-none-eabi/lib/thumb/v7e-m\libc.a(lib_a-mprec.o)
                0x004086c0                __mprec_bigtens
 .rodata.__mprec_tens
                0x004086e8       0xc8 c:/program files (x86)/atmel/studio/7.0/toolchain/arm/arm-gnu-toolchain/bin/../lib/gcc/arm-none-eabi/6.3.1/../../../../arm-none-eabi/lib/thumb/v7e-m\libc.a(lib_a-mprec.o)
                0x004086e8                __mprec_tens
 .rodata.p05.6055
                0x004087b0        0xc c:/program files (x86)/atmel/studio/7.0/toolchain/arm/arm-gnu-toolchain/bin/../lib/gcc/arm-none-eabi/6.3.1/../../../../arm-none-eabi/lib/thumb/v7e-m\libc.a(lib_a-mprec.o)
 .rodata._setlocale_r.str1.4
                0x004087bc        0xa c:/program files (x86)/atmel/studio/7.0/toolchain/arm/arm-gnu-toolchain/bin/../lib/gcc/arm-none-eabi/6.3.1/../../../../arm-none-eabi/lib/thumb/v7e-m\libc.a(lib_a-locale.o)
                                  0xd (size before relaxing)
 *fill*         0x004087c6        0x2 
 .rodata.str1.4
                0x004087c8        0x4 c:/program files (x86)/atmel/studio/7.0/toolchain/arm/arm-gnu-toolchain/bin/../lib/gcc/arm-none-eabi/6.3.1/../../../../arm-none-eabi/lib/thumb/v7e-m\libc.a(lib_a-locale.o)
                                  0x2 (size before relaxing)
 .rodata._ctype_
                0x004087cc      0x101 c:/program files (x86)/atmel/studio/7.0/toolchain/arm/arm-gnu-toolchain/bin/../lib/gcc/arm-none-eabi/6.3.1/../../../../arm-none-eabi/lib/thumb/v7e-m\libc.a(lib_a-ctype_.o)
                0x004087cc                _ctype_
 *(.ARM.extab* .gnu.linkonce.armextab.*)
                0x004088d0                . = ALIGN (0x4)
 *fill*         0x004088cd        0x3 
 *(.init)
 .init          0x004088d0        0x4 c:/program files (x86)/atmel/studio/7.0/toolchain/arm/arm-gnu-toolchain/bin/../lib/gcc/arm-none-eabi/6.3.1/thumb/v7e-m/crti.o
                0x004088d0                _init
 .init          0x004088d4        0x8 c:/program files (x86)/atmel/studio/7.0/toolchain/arm/arm-gnu-toolchain/bin/../lib/gcc/arm-none-eabi/6.3.1/thumb/v7e-m/crtn.o
                0x004088dc                . = ALIGN (0x4)
                0x004088dc                __preinit_array_start = .
 *(.preinit_array)
                0x004088dc                __preinit_array_end = .
                0x004088dc                . = ALIGN (0x4)
                0x004088dc                __init_array_start = .
 *(SORT(.init_array.*))
 .init_array.00000
                0x004088dc        0x4 c:/program files (x86)/atmel/studio/7.0/toolchain/arm/arm-gnu-toolchain/bin/../lib/gcc/arm-none-eabi/6.3.1/../../../../arm-none-eabi/lib/thumb/v7e-m\libc.a(lib_a-__call_atexit.o)
 *(.init_array)
 .init_array    0x004088e0        0x4 c:/program files (x86)/atmel/studio/7.0/toolchain/arm/arm-gnu-toolchain/bin/../lib/gcc/arm-none-eabi/6.3.1/thumb/v7e-m/crtbegin.o
                0x004088e4                __init_array_end = .
                0x004088e4                . = ALIGN (0x4)
 *crtbegin.o(.ctors)
 *(EXCLUDE_FILE(*crtend.o) .ctors)
 *(SORT(.ctors.*))
 *crtend.o(.ctors)
                0x004088e4                . = ALIGN (0x4)
 *(.fini)
 .fini          0x004088e4        0x4 c:/program files (x86)/atmel/studio/7.0/toolchain/arm/arm-gnu-toolchain/bin/../lib/gcc/arm-none-eabi/6.3.1/thumb/v7e-m/crti.o
                0x004088e4                _fini
 .fini          0x004088e8        0x8 c:/program files (x86)/atmel/studio/7.0/toolchain/arm/arm-gnu-toolchain/bin/../lib/gcc/arm-none-eabi/6.3.1/thumb/v7e-m/crtn.o
                0x004088f0                . = ALIGN (0x4)
                0x004088f0                __fini_array_start = .
 *(.fini_array)
 .fini_array    0x004088f0        0x4 c:/program files (x86)/atmel/studio/7.0/toolchain/arm/arm-gnu-toolchain/bin/../lib/gcc/arm-none-eabi/6.3.1/thumb/v7e-m/crtbegin.o
 *(SORT(.fini_array.*))
                0x004088f4                __fini_array_end = .
 *crtbegin.o(.dtors)
 *(EXCLUDE_FILE(*crtend.o) .dtors)
 *(SORT(.dtors.*))
 *crtend.o(.dtors)
                0x004088f4                . = ALIGN (0x4)
                0x004088f4                _efixed = .
                [!provide]                PROVIDE (__exidx_start, .)

.vfp11_veneer   0x004088f4        0x0
 .vfp11_veneer  0x004088f4        0x0 linker stubs

.v4_bx          0x004088f4        0x0
 .v4_bx         0x004088f4        0x0 linker stubs

.iplt           0x004088f4        0x0
 .iplt          0x004088f4        0x0 c:/program files (x86)/atmel/studio/7.0/toolchain/arm/arm-gnu-toolchain/bin/../lib/gcc/arm-none-eabi/6.3.1/thumb/v7e-m/crtbegin.o

.ARM.exidx      0x004088f4        0x8
 *(.ARM.exidx* .gnu.linkonce.armexidx.*)
 .ARM.exidx     0x004088f4        0x8 c:/program files (x86)/atmel/studio/7.0/toolchain/arm/arm-gnu-toolchain/bin/../lib/gcc/arm-none-eabi/6.3.1/thumb/v7e-m\libgcc.a(_udivmoddi4.o)
                [!provide]                PROVIDE (__exidx_end, .)

.eh_frame       0x004088fc        0x0
 .eh_frame      0x004088fc        0x0 c:/program files (x86)/atmel/studio/7.0/toolchain/arm/arm-gnu-toolchain/bin/../lib/gcc/arm-none-eabi/6.3.1/thumb/v7e-m/crtbegin.o

.rel.dyn        0x004088fc        0x0
 .rel.iplt      0x004088fc        0x0 c:/program files (x86)/atmel/studio/7.0/toolchain/arm/arm-gnu-toolchain/bin/../lib/gcc/arm-none-eabi/6.3.1/thumb/v7e-m/crtbegin.o

.jcr            0x004088fc        0x0
 .jcr           0x004088fc        0x0 c:/program files (x86)/atmel/studio/7.0/toolchain/arm/arm-gnu-toolchain/bin/../lib/gcc/arm-none-eabi/6.3.1/thumb/v7e-m/crtbegin.o

.igot.plt       0x004088fc        0x0
 .igot.plt      0x004088fc        0x0 c:/program files (x86)/atmel/studio/7.0/toolchain/arm/arm-gnu-toolchain/bin/../lib/gcc/arm-none-eabi/6.3.1/thumb/v7e-m/crtbegin.o
                0x004088fc                . = ALIGN (0x4)
                0x004088fc                _etext = .

.relocate       0x20400000      0x9d0 load address 0x004088fc
                0x20400000                . = ALIGN (0x4)
                0x20400000                _srelocate = .
 *(.ramfunc .ramfunc.*)
 .ramfunc       0x20400000        0xa src/ASF/common/services/delay/sam/cycle_counter.o
                0x20400000                portable_delay_cycles
 *(.data .data.*)
 *fill*         0x2040000a        0x2 
 .data.sysfont  0x2040000c        0xc src/oled/sysfont.o
                0x2040000c                sysfont
 .data.g_interrupt_enabled
                0x20400018        0x1 src/ASF/common/utils/interrupt/interrupt_sam_nvic.o
                0x20400018                g_interrupt_enabled
 *fill*         0x20400019        0x3 
 .data.ul_flash_in_wait_mode
                0x2040001c        0x4 src/ASF/sam/drivers/pmc/pmc.o
 .data.SystemCoreClock
                0x20400020        0x4 src/ASF/sam/utils/cmsis/same70/source/templates/system_same70.o
                0x20400020                SystemCoreClock
 .data._impure_ptr
                0x20400024        0x4 c:/program files (x86)/atmel/studio/7.0/toolchain/arm/arm-gnu-toolchain/bin/../lib/gcc/arm-none-eabi/6.3.1/../../../../arm-none-eabi/lib/thumb/v7e-m\libc.a(lib_a-impure.o)
                0x20400024                _impure_ptr
 .data.impure_data
                0x20400028      0x428 c:/program files (x86)/atmel/studio/7.0/toolchain/arm/arm-gnu-toolchain/bin/../lib/gcc/arm-none-eabi/6.3.1/../../../../arm-none-eabi/lib/thumb/v7e-m\libc.a(lib_a-impure.o)
 .data.__atexit_recursive_mutex
                0x20400450        0x4 c:/program files (x86)/atmel/studio/7.0/toolchain/arm/arm-gnu-toolchain/bin/../lib/gcc/arm-none-eabi/6.3.1/../../../../arm-none-eabi/lib/thumb/v7e-m\libc.a(lib_a-__call_atexit.o)
                0x20400450                __atexit_recursive_mutex
 .data.__malloc_av_
                0x20400454      0x408 c:/program files (x86)/atmel/studio/7.0/toolchain/arm/arm-gnu-toolchain/bin/../lib/gcc/arm-none-eabi/6.3.1/../../../../arm-none-eabi/lib/thumb/v7e-m\libc.a(lib_a-mallocr.o)
                0x20400454                __malloc_av_
 .data.__malloc_sbrk_base
                0x2040085c        0x4 c:/program files (x86)/atmel/studio/7.0/toolchain/arm/arm-gnu-toolchain/bin/../lib/gcc/arm-none-eabi/6.3.1/../../../../arm-none-eabi/lib/thumb/v7e-m\libc.a(lib_a-mallocr.o)
                0x2040085c                __malloc_sbrk_base
 .data.__malloc_trim_threshold
                0x20400860        0x4 c:/program files (x86)/atmel/studio/7.0/toolchain/arm/arm-gnu-toolchain/bin/../lib/gcc/arm-none-eabi/6.3.1/../../../../arm-none-eabi/lib/thumb/v7e-m\libc.a(lib_a-mallocr.o)
                0x20400860                __malloc_trim_threshold
 .data.__global_locale
                0x20400864      0x16c c:/program files (x86)/atmel/studio/7.0/toolchain/arm/arm-gnu-toolchain/bin/../lib/gcc/arm-none-eabi/6.3.1/../../../../arm-none-eabi/lib/thumb/v7e-m\libc.a(lib_a-locale.o)
                0x20400864                __global_locale
                0x204009d0                . = ALIGN (0x4)
                0x204009d0                _erelocate = .

.bss            0x204009d0      0x300 load address 0x004092cc
                0x204009d0                . = ALIGN (0x4)
                0x204009d0                _sbss = .
                0x204009d0                _szero = .
 *(.bss .bss.*)
 .bss           0x204009d0       0x1c c:/program files (x86)/atmel/studio/7.0/toolchain/arm/arm-gnu-toolchain/bin/../lib/gcc/arm-none-eabi/6.3.1/thumb/v7e-m/crtbegin.o
 .bss.fbpointer
                0x204009ec        0x4 src/oled/gfx_mono_framebuffer.o
 .bss.framebuffer
                0x204009f0      0x200 src/oled/gfx_mono_ug_2832hsweg04.o
 .bss.gs_interrupt_sources
                0x20400bf0       0x70 src/ASF/sam/drivers/pio/pio_handler.o
 .bss.gs_ul_nb_sources
                0x20400c60        0x4 src/ASF/sam/drivers/pio/pio_handler.o
 .bss.b_is_sleep_clock_used
                0x20400c64        0x1 src/ASF/sam/drivers/pmc/sleep.o
 *fill*         0x20400c65        0x3 
 .bss.callback_clocks_restored
                0x20400c68        0x4 src/ASF/sam/drivers/pmc/sleep.o
 .bss.heap.6420
                0x20400c6c        0x4 src/ASF/sam/utils/syscalls/gcc/syscalls.o
 .bss.but_flag  0x20400c70        0x1 src/main.o
                0x20400c70                but_flag
 .bss.but_flag1_press
                0x20400c71        0x1 src/main.o
                0x20400c71                but_flag1_press
 .bss.but_flag1_up
                0x20400c72        0x1 src/main.o
                0x20400c72                but_flag1_up
 *fill*         0x20400c73        0x1 
 .bss.__malloc_current_mallinfo
                0x20400c74       0x28 c:/program files (x86)/atmel/studio/7.0/toolchain/arm/arm-gnu-toolchain/bin/../lib/gcc/arm-none-eabi/6.3.1/../../../../arm-none-eabi/lib/thumb/v7e-m\libc.a(lib_a-mallocr.o)
                0x20400c74                __malloc_current_mallinfo
 .bss.__malloc_max_sbrked_mem
                0x20400c9c        0x4 c:/program files (x86)/atmel/studio/7.0/toolchain/arm/arm-gnu-toolchain/bin/../lib/gcc/arm-none-eabi/6.3.1/../../../../arm-none-eabi/lib/thumb/v7e-m\libc.a(lib_a-mallocr.o)
                0x20400c9c                __malloc_max_sbrked_mem
 .bss.__malloc_max_total_mem
                0x20400ca0        0x4 c:/program files (x86)/atmel/studio/7.0/toolchain/arm/arm-gnu-toolchain/bin/../lib/gcc/arm-none-eabi/6.3.1/../../../../arm-none-eabi/lib/thumb/v7e-m\libc.a(lib_a-mallocr.o)
                0x20400ca0                __malloc_max_total_mem
 .bss.__malloc_top_pad
                0x20400ca4        0x4 c:/program files (x86)/atmel/studio/7.0/toolchain/arm/arm-gnu-toolchain/bin/../lib/gcc/arm-none-eabi/6.3.1/../../../../arm-none-eabi/lib/thumb/v7e-m\libc.a(lib_a-mallocr.o)
                0x20400ca4                __malloc_top_pad
 *(COMMON)
 COMMON         0x20400ca8       0x21 c:/program files (x86)/atmel/studio/7.0/toolchain/arm/arm-gnu-toolchain/bin/../lib/gcc/arm-none-eabi/6.3.1/../../../../arm-none-eabi/lib/thumb/v7e-m\libc.a(lib_a-lock.o)
                0x20400ca8                __lock___atexit_recursive_mutex
                0x20400cac                __lock___arc4random_mutex
                0x20400cb0                __lock___env_recursive_mutex
                0x20400cb4                __lock___sinit_recursive_mutex
                0x20400cb8                __lock___malloc_recursive_mutex
                0x20400cbc                __lock___at_quick_exit_mutex
                0x20400cc0                __lock___dd_hash_mutex
                0x20400cc4                __lock___tz_mutex
                0x20400cc8                __lock___sfp_recursive_mutex
 *fill*         0x20400cc9        0x3 
 COMMON         0x20400ccc        0x4 c:/program files (x86)/atmel/studio/7.0/toolchain/arm/arm-gnu-toolchain/bin/../lib/gcc/arm-none-eabi/6.3.1/../../../../arm-none-eabi/lib/thumb/v7e-m\libc.a(lib_a-reent.o)
                0x20400ccc                errno
                0x20400cd0                . = ALIGN (0x4)
                0x20400cd0                _ebss = .
                0x20400cd0                _ezero = .

.stack          0x20400cd0     0x2000 load address 0x004095cc
                0x20400cd0                . = ALIGN (0x8)
                0x20400cd0                _sstack = .
                0x20402cd0                . = (. + STACK_SIZE)
 *fill*         0x20400cd0     0x2000 
                0x20402cd0                . = ALIGN (0x8)
                0x20402cd0                _estack = .

.heap           0x20402cd0      0x200 load address 0x0040b5cc
                0x20402cd0                . = ALIGN (0x8)
                0x20402cd0                _sheap = .
                0x20402ed0                . = (. + HEAP_SIZE)
 *fill*         0x20402cd0      0x200 
                0x20402ed0                . = ALIGN (0x8)
                0x20402ed0                _eheap = .
                0x20402ed0                . = ALIGN (0x4)
                0x20402ed0                _end = .
                0x2045ffff                _ram_end_ = ((ORIGIN (ram) + LENGTH (ram)) - 0x1)
OUTPUT(OLED1.elf elf32-littlearm)

.ARM.attributes
                0x00000000       0x2e
 .ARM.attributes
                0x00000000       0x1e c:/program files (x86)/atmel/studio/7.0/toolchain/arm/arm-gnu-toolchain/bin/../lib/gcc/arm-none-eabi/6.3.1/thumb/v7e-m/crti.o
 .ARM.attributes
                0x0000001e       0x2e c:/program files (x86)/atmel/studio/7.0/toolchain/arm/arm-gnu-toolchain/bin/../lib/gcc/arm-none-eabi/6.3.1/thumb/v7e-m/crtbegin.o
 .ARM.attributes
                0x0000004c       0x37 src/ASF/sam/drivers/spi/spi.o
 .ARM.attributes
                0x00000083       0x37 src/oled/gfx_mono_framebuffer.o
 .ARM.attributes
                0x000000ba       0x37 src/oled/gfx_mono_generic.o
 .ARM.attributes
                0x000000f1       0x37 src/oled/gfx_mono_text.o
 .ARM.attributes
                0x00000128       0x37 src/oled/gfx_mono_ug_2832hsweg04.o
 .ARM.attributes
                0x0000015f       0x37 src/oled/ssd1306.o
 .ARM.attributes
                0x00000196       0x37 src/oled/sysfont.o
 .ARM.attributes
                0x000001cd       0x37 src/ASF/common/services/delay/sam/cycle_counter.o
 .ARM.attributes
                0x00000204       0x37 src/ASF/common/services/clock/same70/sysclk.o
 .ARM.attributes
                0x0000023b       0x37 src/ASF/common/utils/interrupt/interrupt_sam_nvic.o
 .ARM.attributes
                0x00000272       0x37 src/ASF/sam/boards/same70_xplained/init.o
 .ARM.attributes
                0x000002a9       0x37 src/ASF/sam/drivers/pio/pio.o
 .ARM.attributes
                0x000002e0       0x37 src/ASF/sam/drivers/pio/pio_handler.o
 .ARM.attributes
                0x00000317       0x37 src/ASF/sam/drivers/pmc/pmc.o
 .ARM.attributes
                0x0000034e       0x37 src/ASF/sam/drivers/pmc/sleep.o
 .ARM.attributes
                0x00000385       0x37 src/ASF/sam/utils/cmsis/same70/source/templates/gcc/startup_same70.o
 .ARM.attributes
                0x000003bc       0x37 src/ASF/sam/utils/cmsis/same70/source/templates/system_same70.o
 .ARM.attributes
                0x000003f3       0x37 src/ASF/sam/utils/syscalls/gcc/syscalls.o
 .ARM.attributes
                0x0000042a       0x37 src/main.o
 .ARM.attributes
                0x00000461       0x1e c:/program files (x86)/atmel/studio/7.0/toolchain/arm/arm-gnu-toolchain/bin/../lib/gcc/arm-none-eabi/6.3.1/thumb/v7e-m\libgcc.a(_arm_addsubdf3.o)
 .ARM.attributes
                0x0000047f       0x1e c:/program files (x86)/atmel/studio/7.0/toolchain/arm/arm-gnu-toolchain/bin/../lib/gcc/arm-none-eabi/6.3.1/thumb/v7e-m\libgcc.a(_arm_muldivdf3.o)
 .ARM.attributes
                0x0000049d       0x1e c:/program files (x86)/atmel/studio/7.0/toolchain/arm/arm-gnu-toolchain/bin/../lib/gcc/arm-none-eabi/6.3.1/thumb/v7e-m\libgcc.a(_arm_cmpdf2.o)
 .ARM.attributes
                0x000004bb       0x1e c:/program files (x86)/atmel/studio/7.0/toolchain/arm/arm-gnu-toolchain/bin/../lib/gcc/arm-none-eabi/6.3.1/thumb/v7e-m\libgcc.a(_arm_fixdfsi.o)
 .ARM.attributes
                0x000004d9       0x1e c:/program files (x86)/atmel/studio/7.0/toolchain/arm/arm-gnu-toolchain/bin/../lib/gcc/arm-none-eabi/6.3.1/thumb/v7e-m\libgcc.a(_aeabi_uldivmod.o)
 .ARM.attributes
                0x000004f7       0x2e c:/program files (x86)/atmel/studio/7.0/toolchain/arm/arm-gnu-toolchain/bin/../lib/gcc/arm-none-eabi/6.3.1/thumb/v7e-m\libgcc.a(_udivmoddi4.o)
 .ARM.attributes
                0x00000525       0x1e c:/program files (x86)/atmel/studio/7.0/toolchain/arm/arm-gnu-toolchain/bin/../lib/gcc/arm-none-eabi/6.3.1/thumb/v7e-m\libgcc.a(_dvmd_tls.o)
 .ARM.attributes
                0x00000543       0x2e c:/program files (x86)/atmel/studio/7.0/toolchain/arm/arm-gnu-toolchain/bin/../lib/gcc/arm-none-eabi/6.3.1/../../../../arm-none-eabi/lib/thumb/v7e-m\libc.a(lib_a-impure.o)
 .ARM.attributes
                0x00000571       0x2e c:/program files (x86)/atmel/studio/7.0/toolchain/arm/arm-gnu-toolchain/bin/../lib/gcc/arm-none-eabi/6.3.1/../../../../arm-none-eabi/lib/thumb/v7e-m\libc.a(lib_a-init.o)
 .ARM.attributes
                0x0000059f       0x2e c:/program files (x86)/atmel/studio/7.0/toolchain/arm/arm-gnu-toolchain/bin/../lib/gcc/arm-none-eabi/6.3.1/../../../../arm-none-eabi/lib/thumb/v7e-m\libc.a(lib_a-memset.o)
 .ARM.attributes
                0x000005cd       0x2e c:/program files (x86)/atmel/studio/7.0/toolchain/arm/arm-gnu-toolchain/bin/../lib/gcc/arm-none-eabi/6.3.1/../../../../arm-none-eabi/lib/thumb/v7e-m\libc.a(lib_a-sprintf.o)
 .ARM.attributes
                0x000005fb       0x2e c:/program files (x86)/atmel/studio/7.0/toolchain/arm/arm-gnu-toolchain/bin/../lib/gcc/arm-none-eabi/6.3.1/../../../../arm-none-eabi/lib/thumb/v7e-m\libc.a(lib_a-svfprintf.o)
 .ARM.attributes
                0x00000629       0x2e c:/program files (x86)/atmel/studio/7.0/toolchain/arm/arm-gnu-toolchain/bin/../lib/gcc/arm-none-eabi/6.3.1/../../../../arm-none-eabi/lib/thumb/v7e-m\libc.a(lib_a-__call_atexit.o)
 .ARM.attributes
                0x00000657       0x2e c:/program files (x86)/atmel/studio/7.0/toolchain/arm/arm-gnu-toolchain/bin/../lib/gcc/arm-none-eabi/6.3.1/../../../../arm-none-eabi/lib/thumb/v7e-m\libc.a(lib_a-atexit.o)
 .ARM.attributes
                0x00000685       0x2e c:/program files (x86)/atmel/studio/7.0/toolchain/arm/arm-gnu-toolchain/bin/../lib/gcc/arm-none-eabi/6.3.1/../../../../arm-none-eabi/lib/thumb/v7e-m\libc.a(lib_a-dtoa.o)
 .ARM.attributes
                0x000006b3       0x2e c:/program files (x86)/atmel/studio/7.0/toolchain/arm/arm-gnu-toolchain/bin/../lib/gcc/arm-none-eabi/6.3.1/../../../../arm-none-eabi/lib/thumb/v7e-m\libc.a(lib_a-fini.o)
 .ARM.attributes
                0x000006e1       0x2e c:/program files (x86)/atmel/studio/7.0/toolchain/arm/arm-gnu-toolchain/bin/../lib/gcc/arm-none-eabi/6.3.1/../../../../arm-none-eabi/lib/thumb/v7e-m\libc.a(lib_a-localeconv.o)
 .ARM.attributes
                0x0000070f       0x2e c:/program files (x86)/atmel/studio/7.0/toolchain/arm/arm-gnu-toolchain/bin/../lib/gcc/arm-none-eabi/6.3.1/../../../../arm-none-eabi/lib/thumb/v7e-m\libc.a(lib_a-lock.o)
 .ARM.attributes
                0x0000073d       0x2e c:/program files (x86)/atmel/studio/7.0/toolchain/arm/arm-gnu-toolchain/bin/../lib/gcc/arm-none-eabi/6.3.1/../../../../arm-none-eabi/lib/thumb/v7e-m\libc.a(lib_a-mallocr.o)
 .ARM.attributes
                0x0000076b       0x1c c:/program files (x86)/atmel/studio/7.0/toolchain/arm/arm-gnu-toolchain/bin/../lib/gcc/arm-none-eabi/6.3.1/../../../../arm-none-eabi/lib/thumb/v7e-m\libc.a(lib_a-memchr.o)
 .ARM.attributes
                0x00000787       0x1c c:/program files (x86)/atmel/studio/7.0/toolchain/arm/arm-gnu-toolchain/bin/../lib/gcc/arm-none-eabi/6.3.1/../../../../arm-none-eabi/lib/thumb/v7e-m\libc.a(lib_a-memcpy.o)
 .ARM.attributes
                0x000007a3       0x2e c:/program files (x86)/atmel/studio/7.0/toolchain/arm/arm-gnu-toolchain/bin/../lib/gcc/arm-none-eabi/6.3.1/../../../../arm-none-eabi/lib/thumb/v7e-m\libc.a(lib_a-mlock.o)
 .ARM.attributes
                0x000007d1       0x2e c:/program files (x86)/atmel/studio/7.0/toolchain/arm/arm-gnu-toolchain/bin/../lib/gcc/arm-none-eabi/6.3.1/../../../../arm-none-eabi/lib/thumb/v7e-m\libc.a(lib_a-mprec.o)
 .ARM.attributes
                0x000007ff       0x2e c:/program files (x86)/atmel/studio/7.0/toolchain/arm/arm-gnu-toolchain/bin/../lib/gcc/arm-none-eabi/6.3.1/../../../../arm-none-eabi/lib/thumb/v7e-m\libc.a(lib_a-sbrkr.o)
 .ARM.attributes
                0x0000082d       0x1c c:/program files (x86)/atmel/studio/7.0/toolchain/arm/arm-gnu-toolchain/bin/../lib/gcc/arm-none-eabi/6.3.1/../../../../arm-none-eabi/lib/thumb/v7e-m\libc.a(lib_a-strlen.o)
 .ARM.attributes
                0x00000849       0x2e c:/program files (x86)/atmel/studio/7.0/toolchain/arm/arm-gnu-toolchain/bin/../lib/gcc/arm-none-eabi/6.3.1/../../../../arm-none-eabi/lib/thumb/v7e-m\libc.a(lib_a-svfiprintf.o)
 .ARM.attributes
                0x00000877       0x2e c:/program files (x86)/atmel/studio/7.0/toolchain/arm/arm-gnu-toolchain/bin/../lib/gcc/arm-none-eabi/6.3.1/../../../../arm-none-eabi/lib/thumb/v7e-m\libc.a(lib_a-__atexit.o)
 .ARM.attributes
                0x000008a5       0x2e c:/program files (x86)/atmel/studio/7.0/toolchain/arm/arm-gnu-toolchain/bin/../lib/gcc/arm-none-eabi/6.3.1/../../../../arm-none-eabi/lib/thumb/v7e-m\libc.a(lib_a-callocr.o)
 .ARM.attributes
                0x000008d3       0x2e c:/program files (x86)/atmel/studio/7.0/toolchain/arm/arm-gnu-toolchain/bin/../lib/gcc/arm-none-eabi/6.3.1/../../../../arm-none-eabi/lib/thumb/v7e-m\libc.a(lib_a-freer.o)
 .ARM.attributes
                0x00000901       0x2e c:/program files (x86)/atmel/studio/7.0/toolchain/arm/arm-gnu-toolchain/bin/../lib/gcc/arm-none-eabi/6.3.1/../../../../arm-none-eabi/lib/thumb/v7e-m\libc.a(lib_a-locale.o)
 .ARM.attributes
                0x0000092f       0x2e c:/program files (x86)/atmel/studio/7.0/toolchain/arm/arm-gnu-toolchain/bin/../lib/gcc/arm-none-eabi/6.3.1/../../../../arm-none-eabi/lib/thumb/v7e-m\libc.a(lib_a-mbtowc_r.o)
 .ARM.attributes
                0x0000095d       0x2e c:/program files (x86)/atmel/studio/7.0/toolchain/arm/arm-gnu-toolchain/bin/../lib/gcc/arm-none-eabi/6.3.1/../../../../arm-none-eabi/lib/thumb/v7e-m\libc.a(lib_a-memmove.o)
 .ARM.attributes
                0x0000098b       0x2e c:/program files (x86)/atmel/studio/7.0/toolchain/arm/arm-gnu-toolchain/bin/../lib/gcc/arm-none-eabi/6.3.1/../../../../arm-none-eabi/lib/thumb/v7e-m\libc.a(lib_a-reallocr.o)
 .ARM.attributes
                0x000009b9       0x2e c:/program files (x86)/atmel/studio/7.0/toolchain/arm/arm-gnu-toolchain/bin/../lib/gcc/arm-none-eabi/6.3.1/../../../../arm-none-eabi/lib/thumb/v7e-m\libc.a(lib_a-reent.o)
 .ARM.attributes
                0x000009e7       0x2e c:/program files (x86)/atmel/studio/7.0/toolchain/arm/arm-gnu-toolchain/bin/../lib/gcc/arm-none-eabi/6.3.1/../../../../arm-none-eabi/lib/thumb/v7e-m\libc.a(lib_a-wctomb_r.o)
 .ARM.attributes
                0x00000a15       0x2e c:/program files (x86)/atmel/studio/7.0/toolchain/arm/arm-gnu-toolchain/bin/../lib/gcc/arm-none-eabi/6.3.1/../../../../arm-none-eabi/lib/thumb/v7e-m\libc.a(lib_a-ctype_.o)
 .ARM.attributes
                0x00000a43       0x1e c:/program files (x86)/atmel/studio/7.0/toolchain/arm/arm-gnu-toolchain/bin/../lib/gcc/arm-none-eabi/6.3.1/thumb/v7e-m\libgcc.a(_arm_unorddf2.o)
 .ARM.attributes
                0x00000a61       0x1e c:/program files (x86)/atmel/studio/7.0/toolchain/arm/arm-gnu-toolchain/bin/../lib/gcc/arm-none-eabi/6.3.1/thumb/v7e-m/crtn.o

.comment        0x00000000       0x59
 .comment       0x00000000       0x59 src/ASF/sam/drivers/spi/spi.o
                                 0x5a (size before relaxing)
 .comment       0x00000059       0x5a src/oled/gfx_mono_framebuffer.o
 .comment       0x00000059       0x5a src/oled/gfx_mono_generic.o
 .comment       0x00000059       0x5a src/oled/gfx_mono_text.o
 .comment       0x00000059       0x5a src/oled/gfx_mono_ug_2832hsweg04.o
 .comment       0x00000059       0x5a src/oled/ssd1306.o
 .comment       0x00000059       0x5a src/oled/sysfont.o
 .comment       0x00000059       0x5a src/ASF/common/services/delay/sam/cycle_counter.o
 .comment       0x00000059       0x5a src/ASF/common/services/clock/same70/sysclk.o
 .comment       0x00000059       0x5a src/ASF/common/utils/interrupt/interrupt_sam_nvic.o
 .comment       0x00000059       0x5a src/ASF/sam/boards/same70_xplained/init.o
 .comment       0x00000059       0x5a src/ASF/sam/drivers/pio/pio.o
 .comment       0x00000059       0x5a src/ASF/sam/drivers/pio/pio_handler.o
 .comment       0x00000059       0x5a src/ASF/sam/drivers/pmc/pmc.o
 .comment       0x00000059       0x5a src/ASF/sam/drivers/pmc/sleep.o
 .comment       0x00000059       0x5a src/ASF/sam/utils/cmsis/same70/source/templates/gcc/startup_same70.o
 .comment       0x00000059       0x5a src/ASF/sam/utils/cmsis/same70/source/templates/system_same70.o
 .comment       0x00000059       0x5a src/ASF/sam/utils/syscalls/gcc/syscalls.o
 .comment       0x00000059       0x5a src/main.o

.debug_info     0x00000000    0x168e2
 .debug_info    0x00000000     0x10ff src/ASF/sam/drivers/spi/spi.o
 .debug_info    0x000010ff      0xd8d src/oled/gfx_mono_framebuffer.o
 .debug_info    0x00001e8c     0x1162 src/oled/gfx_mono_generic.o
 .debug_info    0x00002fee      0xed0 src/oled/gfx_mono_text.o
 .debug_info    0x00003ebe      0xf4a src/oled/gfx_mono_ug_2832hsweg04.o
 .debug_info    0x00004e08     0x1c41 src/oled/ssd1306.o
 .debug_info    0x00006a49      0xb06 src/oled/sysfont.o
 .debug_info    0x0000754f      0xa45 src/ASF/common/services/delay/sam/cycle_counter.o
 .debug_info    0x00007f94     0x12d4 src/ASF/common/services/clock/same70/sysclk.o
 .debug_info    0x00009268      0xb06 src/ASF/common/utils/interrupt/interrupt_sam_nvic.o
 .debug_info    0x00009d6e     0x1c75 src/ASF/sam/boards/same70_xplained/init.o
 .debug_info    0x0000b9e3     0x1cbf src/ASF/sam/drivers/pio/pio.o
 .debug_info    0x0000d6a2     0x1a18 src/ASF/sam/drivers/pio/pio_handler.o
 .debug_info    0x0000f0ba     0x1df9 src/ASF/sam/drivers/pmc/pmc.o
 .debug_info    0x00010eb3     0x1635 src/ASF/sam/drivers/pmc/sleep.o
 .debug_info    0x000124e8     0x157c src/ASF/sam/utils/cmsis/same70/source/templates/gcc/startup_same70.o
 .debug_info    0x00013a64      0x55f src/ASF/sam/utils/cmsis/same70/source/templates/system_same70.o
 .debug_info    0x00013fc3      0xdbc src/ASF/sam/utils/syscalls/gcc/syscalls.o
 .debug_info    0x00014d7f     0x1b63 src/main.o

.debug_abbrev   0x00000000     0x30cf
 .debug_abbrev  0x00000000      0x2c2 src/ASF/sam/drivers/spi/spi.o
 .debug_abbrev  0x000002c2      0x21c src/oled/gfx_mono_framebuffer.o
 .debug_abbrev  0x000004de      0x270 src/oled/gfx_mono_generic.o
 .debug_abbrev  0x0000074e      0x286 src/oled/gfx_mono_text.o
 .debug_abbrev  0x000009d4      0x2bb src/oled/gfx_mono_ug_2832hsweg04.o
 .debug_abbrev  0x00000c8f      0x3e3 src/oled/ssd1306.o
 .debug_abbrev  0x00001072      0x1b6 src/oled/sysfont.o
 .debug_abbrev  0x00001228      0x1b3 src/ASF/common/services/delay/sam/cycle_counter.o
 .debug_abbrev  0x000013db      0x296 src/ASF/common/services/clock/same70/sysclk.o
 .debug_abbrev  0x00001671      0x214 src/ASF/common/utils/interrupt/interrupt_sam_nvic.o
 .debug_abbrev  0x00001885      0x3eb src/ASF/sam/boards/same70_xplained/init.o
 .debug_abbrev  0x00001c70      0x296 src/ASF/sam/drivers/pio/pio.o
 .debug_abbrev  0x00001f06      0x2c9 src/ASF/sam/drivers/pio/pio_handler.o
 .debug_abbrev  0x000021cf      0x2c5 src/ASF/sam/drivers/pmc/pmc.o
 .debug_abbrev  0x00002494      0x2df src/ASF/sam/drivers/pmc/sleep.o
 .debug_abbrev  0x00002773      0x2e8 src/ASF/sam/utils/cmsis/same70/source/templates/gcc/startup_same70.o
 .debug_abbrev  0x00002a5b      0x102 src/ASF/sam/utils/cmsis/same70/source/templates/system_same70.o
 .debug_abbrev  0x00002b5d      0x22a src/ASF/sam/utils/syscalls/gcc/syscalls.o
 .debug_abbrev  0x00002d87      0x348 src/main.o

.debug_loc      0x00000000     0x55ae
 .debug_loc     0x00000000      0x630 src/ASF/sam/drivers/spi/spi.o
 .debug_loc     0x00000630      0x2bc src/oled/gfx_mono_framebuffer.o
 .debug_loc     0x000008ec      0x280 src/oled/gfx_mono_generic.o
 .debug_loc     0x00000b6c      0x1f8 src/oled/gfx_mono_text.o
 .debug_loc     0x00000d64      0x3c0 src/oled/gfx_mono_ug_2832hsweg04.o
 .debug_loc     0x00001124      0x6e8 src/oled/ssd1306.o
 .debug_loc     0x0000180c      0x4a0 src/ASF/common/services/clock/same70/sysclk.o
 .debug_loc     0x00001cac       0xa0 src/ASF/common/utils/interrupt/interrupt_sam_nvic.o
 .debug_loc     0x00001d4c      0x2fc src/ASF/sam/boards/same70_xplained/init.o
 .debug_loc     0x00002048     0x1174 src/ASF/sam/drivers/pio/pio.o
 .debug_loc     0x000031bc      0x38c src/ASF/sam/drivers/pio/pio_handler.o
 .debug_loc     0x00003548     0x172c src/ASF/sam/drivers/pmc/pmc.o
 .debug_loc     0x00004c74       0xe6 src/ASF/sam/drivers/pmc/sleep.o
 .debug_loc     0x00004d5a      0x16c src/ASF/sam/utils/cmsis/same70/source/templates/gcc/startup_same70.o
 .debug_loc     0x00004ec6       0xe4 src/ASF/sam/utils/cmsis/same70/source/templates/system_same70.o
 .debug_loc     0x00004faa      0x300 src/ASF/sam/utils/syscalls/gcc/syscalls.o
 .debug_loc     0x000052aa      0x304 src/main.o

.debug_aranges  0x00000000      0xa30
 .debug_aranges
                0x00000000       0xa8 src/ASF/sam/drivers/spi/spi.o
 .debug_aranges
                0x000000a8       0x58 src/oled/gfx_mono_framebuffer.o
 .debug_aranges
                0x00000100       0x58 src/oled/gfx_mono_generic.o
 .debug_aranges
                0x00000158       0x48 src/oled/gfx_mono_text.o
 .debug_aranges
                0x000001a0       0x78 src/oled/gfx_mono_ug_2832hsweg04.o
 .debug_aranges
                0x00000218       0xd0 src/oled/ssd1306.o
 .debug_aranges
                0x000002e8       0x18 src/oled/sysfont.o
 .debug_aranges
                0x00000300       0x20 src/ASF/common/services/delay/sam/cycle_counter.o
 .debug_aranges
                0x00000320       0x98 src/ASF/common/services/clock/same70/sysclk.o
 .debug_aranges
                0x000003b8       0x28 src/ASF/common/utils/interrupt/interrupt_sam_nvic.o
 .debug_aranges
                0x000003e0       0x68 src/ASF/sam/boards/same70_xplained/init.o
 .debug_aranges
                0x00000448      0x1a8 src/ASF/sam/drivers/pio/pio.o
 .debug_aranges
                0x000005f0       0x80 src/ASF/sam/drivers/pio/pio_handler.o
 .debug_aranges
                0x00000670      0x250 src/ASF/sam/drivers/pmc/pmc.o
 .debug_aranges
                0x000008c0       0x30 src/ASF/sam/drivers/pmc/sleep.o
 .debug_aranges
                0x000008f0       0x40 src/ASF/sam/utils/cmsis/same70/source/templates/gcc/startup_same70.o
 .debug_aranges
                0x00000930       0x30 src/ASF/sam/utils/cmsis/same70/source/templates/system_same70.o
 .debug_aranges
                0x00000960       0x60 src/ASF/sam/utils/syscalls/gcc/syscalls.o
 .debug_aranges
                0x000009c0       0x70 src/main.o

.debug_ranges   0x00000000      0x9d0
 .debug_ranges  0x00000000       0x98 src/ASF/sam/drivers/spi/spi.o
 .debug_ranges  0x00000098       0x48 src/oled/gfx_mono_framebuffer.o
 .debug_ranges  0x000000e0       0x48 src/oled/gfx_mono_generic.o
 .debug_ranges  0x00000128       0x38 src/oled/gfx_mono_text.o
 .debug_ranges  0x00000160       0x68 src/oled/gfx_mono_ug_2832hsweg04.o
 .debug_ranges  0x000001c8      0x108 src/oled/ssd1306.o
 .debug_ranges  0x000002d0       0x10 src/ASF/common/services/delay/sam/cycle_counter.o
 .debug_ranges  0x000002e0       0x88 src/ASF/common/services/clock/same70/sysclk.o
 .debug_ranges  0x00000368       0x18 src/ASF/common/utils/interrupt/interrupt_sam_nvic.o
 .debug_ranges  0x00000380       0xd0 src/ASF/sam/boards/same70_xplained/init.o
 .debug_ranges  0x00000450      0x198 src/ASF/sam/drivers/pio/pio.o
 .debug_ranges  0x000005e8       0x70 src/ASF/sam/drivers/pio/pio_handler.o
 .debug_ranges  0x00000658      0x240 src/ASF/sam/drivers/pmc/pmc.o
 .debug_ranges  0x00000898       0x20 src/ASF/sam/drivers/pmc/sleep.o
 .debug_ranges  0x000008b8       0x30 src/ASF/sam/utils/cmsis/same70/source/templates/gcc/startup_same70.o
 .debug_ranges  0x000008e8       0x20 src/ASF/sam/utils/cmsis/same70/source/templates/system_same70.o
 .debug_ranges  0x00000908       0x50 src/ASF/sam/utils/syscalls/gcc/syscalls.o
 .debug_ranges  0x00000958       0x78 src/main.o

.debug_macro    0x00000000     0x9c8d
 .debug_macro   0x00000000      0x6d9 src/ASF/sam/drivers/spi/spi.o
 .debug_macro   0x000006d9       0x10 src/ASF/sam/drivers/spi/spi.o
 .debug_macro   0x000006e9       0x3a src/ASF/sam/drivers/spi/spi.o
 .debug_macro   0x00000723      0x2c6 src/ASF/sam/drivers/spi/spi.o
 .debug_macro   0x000009e9      0xa96 src/ASF/sam/drivers/spi/spi.o
 .debug_macro   0x0000147f       0x70 src/ASF/sam/drivers/spi/spi.o
 .debug_macro   0x000014ef       0x64 src/ASF/sam/drivers/spi/spi.o
 .debug_macro   0x00001553       0x5f src/ASF/sam/drivers/spi/spi.o
 .debug_macro   0x000015b2       0xac src/ASF/sam/drivers/spi/spi.o
 .debug_macro   0x0000165e      0x7f4 src/oled/gfx_mono_framebuffer.o
 .debug_macro   0x00001e52       0x50 src/oled/gfx_mono_framebuffer.o
 .debug_macro   0x00001ea2       0x22 src/oled/gfx_mono_framebuffer.o
 .debug_macro   0x00001ec4       0x7b src/oled/gfx_mono_framebuffer.o
 .debug_macro   0x00001f3f       0x28 src/oled/gfx_mono_framebuffer.o
 .debug_macro   0x00001f67       0x23 src/oled/gfx_mono_framebuffer.o
 .debug_macro   0x00001f8a       0x94 src/oled/gfx_mono_framebuffer.o
 .debug_macro   0x0000201e       0x40 src/oled/gfx_mono_framebuffer.o
 .debug_macro   0x0000205e       0x88 src/oled/gfx_mono_framebuffer.o
 .debug_macro   0x000020e6      0x1ce src/oled/gfx_mono_framebuffer.o
 .debug_macro   0x000022b4       0x16 src/oled/gfx_mono_framebuffer.o
 .debug_macro   0x000022ca       0x1c src/oled/gfx_mono_framebuffer.o
 .debug_macro   0x000022e6       0x16 src/oled/gfx_mono_framebuffer.o
 .debug_macro   0x000022fc       0x28 src/oled/gfx_mono_framebuffer.o
 .debug_macro   0x00002324       0xd1 src/oled/gfx_mono_framebuffer.o
 .debug_macro   0x000023f5       0x8b src/oled/gfx_mono_framebuffer.o
 .debug_macro   0x00002480      0x7f4 src/oled/gfx_mono_generic.o
 .debug_macro   0x00002c74      0x80d src/oled/gfx_mono_text.o
 .debug_macro   0x00003481      0x7f9 src/oled/gfx_mono_ug_2832hsweg04.o
 .debug_macro   0x00003c7a       0x28 src/oled/gfx_mono_ug_2832hsweg04.o
 .debug_macro   0x00003ca2      0x7ce src/oled/ssd1306.o
 .debug_macro   0x00004470      0x69c src/oled/sysfont.o
 .debug_macro   0x00004b0c       0x3a src/oled/sysfont.o
 .debug_macro   0x00004b46      0x665 src/ASF/common/services/delay/sam/cycle_counter.o
 .debug_macro   0x000051ab       0x22 src/ASF/common/services/delay/sam/cycle_counter.o
 .debug_macro   0x000051cd      0x6d1 src/ASF/common/services/clock/same70/sysclk.o
 .debug_macro   0x0000589e      0x2c0 src/ASF/common/services/clock/same70/sysclk.o
 .debug_macro   0x00005b5e      0x655 src/ASF/common/utils/interrupt/interrupt_sam_nvic.o
 .debug_macro   0x000061b3      0x70b src/ASF/sam/boards/same70_xplained/init.o
 .debug_macro   0x000068be       0x82 src/ASF/sam/boards/same70_xplained/init.o
 .debug_macro   0x00006940      0x66b src/ASF/sam/drivers/pio/pio.o
 .debug_macro   0x00006fab       0x8e src/ASF/sam/drivers/pio/pio.o
 .debug_macro   0x00007039      0x676 src/ASF/sam/drivers/pio/pio_handler.o
 .debug_macro   0x000076af      0x66b src/ASF/sam/drivers/pmc/pmc.o
 .debug_macro   0x00007d1a       0x6a src/ASF/sam/drivers/pmc/pmc.o
 .debug_macro   0x00007d84      0x684 src/ASF/sam/drivers/pmc/sleep.o
 .debug_macro   0x00008408      0x664 src/ASF/sam/utils/cmsis/same70/source/templates/gcc/startup_same70.o
 .debug_macro   0x00008a6c       0x10 src/ASF/sam/utils/cmsis/same70/source/templates/gcc/startup_same70.o
 .debug_macro   0x00008a7c      0x455 src/ASF/sam/utils/cmsis/same70/source/templates/system_same70.o
 .debug_macro   0x00008ed1      0x1d6 src/ASF/sam/utils/syscalls/gcc/syscalls.o
 .debug_macro   0x000090a7       0x97 src/ASF/sam/utils/syscalls/gcc/syscalls.o
 .debug_macro   0x0000913e       0xf6 src/ASF/sam/utils/syscalls/gcc/syscalls.o
 .debug_macro   0x00009234       0x4c src/ASF/sam/utils/syscalls/gcc/syscalls.o
 .debug_macro   0x00009280       0x16 src/ASF/sam/utils/syscalls/gcc/syscalls.o
 .debug_macro   0x00009296       0x10 src/ASF/sam/utils/syscalls/gcc/syscalls.o
 .debug_macro   0x000092a6       0x10 src/ASF/sam/utils/syscalls/gcc/syscalls.o
 .debug_macro   0x000092b6       0x35 src/ASF/sam/utils/syscalls/gcc/syscalls.o
 .debug_macro   0x000092eb      0x122 src/ASF/sam/utils/syscalls/gcc/syscalls.o
 .debug_macro   0x0000940d      0x880 src/main.o

.debug_line     0x00000000     0xed42
 .debug_line    0x00000000      0xc9d src/ASF/sam/drivers/spi/spi.o
 .debug_line    0x00000c9d      0xec9 src/oled/gfx_mono_framebuffer.o
 .debug_line    0x00001b66      0xf8e src/oled/gfx_mono_generic.o
 .debug_line    0x00002af4      0xeec src/oled/gfx_mono_text.o
 .debug_line    0x000039e0      0xf76 src/oled/gfx_mono_ug_2832hsweg04.o
 .debug_line    0x00004956     0x1035 src/oled/ssd1306.o
 .debug_line    0x0000598b      0xa1b src/oled/sysfont.o
 .debug_line    0x000063a6      0x9ed src/ASF/common/services/delay/sam/cycle_counter.o
 .debug_line    0x00006d93      0xc67 src/ASF/common/services/clock/same70/sysclk.o
 .debug_line    0x000079fa      0xa09 src/ASF/common/utils/interrupt/interrupt_sam_nvic.o
 .debug_line    0x00008403      0xd63 src/ASF/sam/boards/same70_xplained/init.o
 .debug_line    0x00009166      0xe17 src/ASF/sam/drivers/pio/pio.o
 .debug_line    0x00009f7d      0xb18 src/ASF/sam/drivers/pio/pio_handler.o
 .debug_line    0x0000aa95     0x10dc src/ASF/sam/drivers/pmc/pmc.o
 .debug_line    0x0000bb71      0xb5d src/ASF/sam/drivers/pmc/sleep.o
 .debug_line    0x0000c6ce      0xac0 src/ASF/sam/utils/cmsis/same70/source/templates/gcc/startup_same70.o
 .debug_line    0x0000d18e      0x820 src/ASF/sam/utils/cmsis/same70/source/templates/system_same70.o
 .debug_line    0x0000d9ae      0x417 src/ASF/sam/utils/syscalls/gcc/syscalls.o
 .debug_line    0x0000ddc5      0xf7d src/main.o

.debug_str      0x00000000    0x90093
 .debug_str     0x00000000    0x85e73 src/ASF/sam/drivers/spi/spi.o
                              0x86540 (size before relaxing)
 .debug_str     0x00085e73     0x2b21 src/oled/gfx_mono_framebuffer.o
                              0x88c77 (size before relaxing)
 .debug_str     0x00088994      0x25c src/oled/gfx_mono_generic.o
                              0x88dbb (size before relaxing)
 .debug_str     0x00088bf0      0x266 src/oled/gfx_mono_text.o
                              0x88d96 (size before relaxing)
 .debug_str     0x00088e56      0x11c src/oled/gfx_mono_ug_2832hsweg04.o
                              0x88d57 (size before relaxing)
 .debug_str     0x00088f72      0x612 src/oled/ssd1306.o
                              0x8898f (size before relaxing)
 .debug_str     0x00089584     0x3ee1 src/oled/sysfont.o
                              0x86172 (size before relaxing)
 .debug_str     0x0008d465       0x35 src/ASF/common/services/delay/sam/cycle_counter.o
                              0x820a6 (size before relaxing)
 .debug_str     0x0008d49a      0x454 src/ASF/common/services/clock/same70/sysclk.o
                              0x86627 (size before relaxing)
 .debug_str     0x0008d8ee       0x94 src/ASF/common/utils/interrupt/interrupt_sam_nvic.o
                              0x81f76 (size before relaxing)
 .debug_str     0x0008d982      0x4f4 src/ASF/sam/boards/same70_xplained/init.o
                              0x870b4 (size before relaxing)
 .debug_str     0x0008de76      0x57b src/ASF/sam/drivers/pio/pio.o
                              0x82acc (size before relaxing)
 .debug_str     0x0008e3f1      0x437 src/ASF/sam/drivers/pio/pio_handler.o
                              0x82bee (size before relaxing)
 .debug_str     0x0008e828      0x636 src/ASF/sam/drivers/pmc/pmc.o
                              0x82c30 (size before relaxing)
 .debug_str     0x0008ee5e      0x165 src/ASF/sam/drivers/pmc/sleep.o
                              0x85eef (size before relaxing)
 .debug_str     0x0008efc3      0x64c src/ASF/sam/utils/cmsis/same70/source/templates/gcc/startup_same70.o
                              0x82743 (size before relaxing)
 .debug_str     0x0008f60f      0x137 src/ASF/sam/utils/cmsis/same70/source/templates/system_same70.o
                              0x7284f (size before relaxing)
 .debug_str     0x0008f746      0x779 src/ASF/sam/utils/syscalls/gcc/syscalls.o
                               0x7480 (size before relaxing)
 .debug_str     0x0008febf      0x1d4 src/main.o
                              0x8d4ea (size before relaxing)

.debug_frame    0x00000000     0x344c
 .debug_frame   0x00000000      0x2c8 src/ASF/sam/drivers/spi/spi.o
 .debug_frame   0x000002c8      0x148 src/oled/gfx_mono_framebuffer.o
 .debug_frame   0x00000410      0x150 src/oled/gfx_mono_generic.o
 .debug_frame   0x00000560       0xfc src/oled/gfx_mono_text.o
 .debug_frame   0x0000065c      0x1dc src/oled/gfx_mono_ug_2832hsweg04.o
 .debug_frame   0x00000838      0x360 src/oled/ssd1306.o
 .debug_frame   0x00000b98       0x20 src/ASF/common/services/delay/sam/cycle_counter.o
 .debug_frame   0x00000bb8      0x240 src/ASF/common/services/clock/same70/sysclk.o
 .debug_frame   0x00000df8       0x58 src/ASF/common/utils/interrupt/interrupt_sam_nvic.o
 .debug_frame   0x00000e50      0x174 src/ASF/sam/boards/same70_xplained/init.o
 .debug_frame   0x00000fc4      0x7c0 src/ASF/sam/drivers/pio/pio.o
 .debug_frame   0x00001784      0x1d0 src/ASF/sam/drivers/pio/pio_handler.o
 .debug_frame   0x00001954      0xa60 src/ASF/sam/drivers/pmc/pmc.o
 .debug_frame   0x000023b4       0x7c src/ASF/sam/drivers/pmc/sleep.o
 .debug_frame   0x00002430       0xbc src/ASF/sam/utils/cmsis/same70/source/templates/gcc/startup_same70.o
 .debug_frame   0x000024ec       0x78 src/ASF/sam/utils/cmsis/same70/source/templates/system_same70.o
 .debug_frame   0x00002564      0x164 src/ASF/sam/utils/syscalls/gcc/syscalls.o
 .debug_frame   0x000026c8      0x198 src/main.o
 .debug_frame   0x00002860       0xac c:/program files (x86)/atmel/studio/7.0/toolchain/arm/arm-gnu-toolchain/bin/../lib/gcc/arm-none-eabi/6.3.1/thumb/v7e-m\libgcc.a(_arm_addsubdf3.o)
 .debug_frame   0x0000290c       0x50 c:/program files (x86)/atmel/studio/7.0/toolchain/arm/arm-gnu-toolchain/bin/../lib/gcc/arm-none-eabi/6.3.1/thumb/v7e-m\libgcc.a(_arm_muldivdf3.o)
 .debug_frame   0x0000295c       0xc4 c:/program files (x86)/atmel/studio/7.0/toolchain/arm/arm-gnu-toolchain/bin/../lib/gcc/arm-none-eabi/6.3.1/thumb/v7e-m\libgcc.a(_arm_cmpdf2.o)
 .debug_frame   0x00002a20       0x24 c:/program files (x86)/atmel/studio/7.0/toolchain/arm/arm-gnu-toolchain/bin/../lib/gcc/arm-none-eabi/6.3.1/thumb/v7e-m\libgcc.a(_arm_fixdfsi.o)
 .debug_frame   0x00002a44       0x2c c:/program files (x86)/atmel/studio/7.0/toolchain/arm/arm-gnu-toolchain/bin/../lib/gcc/arm-none-eabi/6.3.1/thumb/v7e-m\libgcc.a(_aeabi_uldivmod.o)
 .debug_frame   0x00002a70       0x34 c:/program files (x86)/atmel/studio/7.0/toolchain/arm/arm-gnu-toolchain/bin/../lib/gcc/arm-none-eabi/6.3.1/thumb/v7e-m\libgcc.a(_udivmoddi4.o)
 .debug_frame   0x00002aa4       0x2c c:/program files (x86)/atmel/studio/7.0/toolchain/arm/arm-gnu-toolchain/bin/../lib/gcc/arm-none-eabi/6.3.1/../../../../arm-none-eabi/lib/thumb/v7e-m\libc.a(lib_a-init.o)
 .debug_frame   0x00002ad0       0x34 c:/program files (x86)/atmel/studio/7.0/toolchain/arm/arm-gnu-toolchain/bin/../lib/gcc/arm-none-eabi/6.3.1/../../../../arm-none-eabi/lib/thumb/v7e-m\libc.a(lib_a-memset.o)
 .debug_frame   0x00002b04       0x84 c:/program files (x86)/atmel/studio/7.0/toolchain/arm/arm-gnu-toolchain/bin/../lib/gcc/arm-none-eabi/6.3.1/../../../../arm-none-eabi/lib/thumb/v7e-m\libc.a(lib_a-sprintf.o)
 .debug_frame   0x00002b88       0x40 c:/program files (x86)/atmel/studio/7.0/toolchain/arm/arm-gnu-toolchain/bin/../lib/gcc/arm-none-eabi/6.3.1/../../../../arm-none-eabi/lib/thumb/v7e-m\libc.a(lib_a-svfprintf.o)
 .debug_frame   0x00002bc8       0x5c c:/program files (x86)/atmel/studio/7.0/toolchain/arm/arm-gnu-toolchain/bin/../lib/gcc/arm-none-eabi/6.3.1/../../../../arm-none-eabi/lib/thumb/v7e-m\libc.a(lib_a-__call_atexit.o)
 .debug_frame   0x00002c24       0x20 c:/program files (x86)/atmel/studio/7.0/toolchain/arm/arm-gnu-toolchain/bin/../lib/gcc/arm-none-eabi/6.3.1/../../../../arm-none-eabi/lib/thumb/v7e-m\libc.a(lib_a-atexit.o)
 .debug_frame   0x00002c44       0x88 c:/program files (x86)/atmel/studio/7.0/toolchain/arm/arm-gnu-toolchain/bin/../lib/gcc/arm-none-eabi/6.3.1/../../../../arm-none-eabi/lib/thumb/v7e-m\libc.a(lib_a-dtoa.o)
 .debug_frame   0x00002ccc       0x34 c:/program files (x86)/atmel/studio/7.0/toolchain/arm/arm-gnu-toolchain/bin/../lib/gcc/arm-none-eabi/6.3.1/../../../../arm-none-eabi/lib/thumb/v7e-m\libc.a(lib_a-fini.o)
 .debug_frame   0x00002d00       0x40 c:/program files (x86)/atmel/studio/7.0/toolchain/arm/arm-gnu-toolchain/bin/../lib/gcc/arm-none-eabi/6.3.1/../../../../arm-none-eabi/lib/thumb/v7e-m\libc.a(lib_a-localeconv.o)
 .debug_frame   0x00002d40       0xb0 c:/program files (x86)/atmel/studio/7.0/toolchain/arm/arm-gnu-toolchain/bin/../lib/gcc/arm-none-eabi/6.3.1/../../../../arm-none-eabi/lib/thumb/v7e-m\libc.a(lib_a-lock.o)
 .debug_frame   0x00002df0       0x58 c:/program files (x86)/atmel/studio/7.0/toolchain/arm/arm-gnu-toolchain/bin/../lib/gcc/arm-none-eabi/6.3.1/../../../../arm-none-eabi/lib/thumb/v7e-m\libc.a(lib_a-mallocr.o)
 .debug_frame   0x00002e48       0x30 c:/program files (x86)/atmel/studio/7.0/toolchain/arm/arm-gnu-toolchain/bin/../lib/gcc/arm-none-eabi/6.3.1/../../../../arm-none-eabi/lib/thumb/v7e-m\libc.a(lib_a-mlock.o)
 .debug_frame   0x00002e78      0x25c c:/program files (x86)/atmel/studio/7.0/toolchain/arm/arm-gnu-toolchain/bin/../lib/gcc/arm-none-eabi/6.3.1/../../../../arm-none-eabi/lib/thumb/v7e-m\libc.a(lib_a-mprec.o)
 .debug_frame   0x000030d4       0x2c c:/program files (x86)/atmel/studio/7.0/toolchain/arm/arm-gnu-toolchain/bin/../lib/gcc/arm-none-eabi/6.3.1/../../../../arm-none-eabi/lib/thumb/v7e-m\libc.a(lib_a-sbrkr.o)
 .debug_frame   0x00003100       0x78 c:/program files (x86)/atmel/studio/7.0/toolchain/arm/arm-gnu-toolchain/bin/../lib/gcc/arm-none-eabi/6.3.1/../../../../arm-none-eabi/lib/thumb/v7e-m\libc.a(lib_a-svfiprintf.o)
 .debug_frame   0x00003178       0x34 c:/program files (x86)/atmel/studio/7.0/toolchain/arm/arm-gnu-toolchain/bin/../lib/gcc/arm-none-eabi/6.3.1/../../../../arm-none-eabi/lib/thumb/v7e-m\libc.a(lib_a-__atexit.o)
 .debug_frame   0x000031ac       0x28 c:/program files (x86)/atmel/studio/7.0/toolchain/arm/arm-gnu-toolchain/bin/../lib/gcc/arm-none-eabi/6.3.1/../../../../arm-none-eabi/lib/thumb/v7e-m\libc.a(lib_a-callocr.o)
 .debug_frame   0x000031d4       0x74 c:/program files (x86)/atmel/studio/7.0/toolchain/arm/arm-gnu-toolchain/bin/../lib/gcc/arm-none-eabi/6.3.1/../../../../arm-none-eabi/lib/thumb/v7e-m\libc.a(lib_a-freer.o)
 .debug_frame   0x00003248       0x6c c:/program files (x86)/atmel/studio/7.0/toolchain/arm/arm-gnu-toolchain/bin/../lib/gcc/arm-none-eabi/6.3.1/../../../../arm-none-eabi/lib/thumb/v7e-m\libc.a(lib_a-locale.o)
 .debug_frame   0x000032b4       0x4c c:/program files (x86)/atmel/studio/7.0/toolchain/arm/arm-gnu-toolchain/bin/../lib/gcc/arm-none-eabi/6.3.1/../../../../arm-none-eabi/lib/thumb/v7e-m\libc.a(lib_a-mbtowc_r.o)
 .debug_frame   0x00003300       0x30 c:/program files (x86)/atmel/studio/7.0/toolchain/arm/arm-gnu-toolchain/bin/../lib/gcc/arm-none-eabi/6.3.1/../../../../arm-none-eabi/lib/thumb/v7e-m\libc.a(lib_a-memmove.o)
 .debug_frame   0x00003330       0x68 c:/program files (x86)/atmel/studio/7.0/toolchain/arm/arm-gnu-toolchain/bin/../lib/gcc/arm-none-eabi/6.3.1/../../../../arm-none-eabi/lib/thumb/v7e-m\libc.a(lib_a-reallocr.o)
 .debug_frame   0x00003398       0x58 c:/program files (x86)/atmel/studio/7.0/toolchain/arm/arm-gnu-toolchain/bin/../lib/gcc/arm-none-eabi/6.3.1/../../../../arm-none-eabi/lib/thumb/v7e-m\libc.a(lib_a-reent.o)
 .debug_frame   0x000033f0       0x3c c:/program files (x86)/atmel/studio/7.0/toolchain/arm/arm-gnu-toolchain/bin/../lib/gcc/arm-none-eabi/6.3.1/../../../../arm-none-eabi/lib/thumb/v7e-m\libc.a(lib_a-wctomb_r.o)
 .debug_frame   0x0000342c       0x20 c:/program files (x86)/atmel/studio/7.0/toolchain/arm/arm-gnu-toolchain/bin/../lib/gcc/arm-none-eabi/6.3.1/thumb/v7e-m\libgcc.a(_arm_unorddf2.o)

Cross Reference Table

Symbol                                            File
ACC_Handler                                       src/ASF/sam/utils/cmsis/same70/source/templates/gcc/startup_same70.o
AES_Handler                                       src/ASF/sam/utils/cmsis/same70/source/templates/gcc/startup_same70.o
AFEC0_Handler                                     src/ASF/sam/utils/cmsis/same70/source/templates/gcc/startup_same70.o
AFEC1_Handler                                     src/ASF/sam/utils/cmsis/same70/source/templates/gcc/startup_same70.o
BusFault_Handler                                  src/ASF/sam/utils/cmsis/same70/source/templates/gcc/startup_same70.o
DACC_Handler                                      src/ASF/sam/utils/cmsis/same70/source/templates/gcc/startup_same70.o
DebugMon_Handler                                  src/ASF/sam/utils/cmsis/same70/source/templates/gcc/startup_same70.o
Dummy_Handler                                     src/ASF/sam/utils/cmsis/same70/source/templates/gcc/startup_same70.o
EFC_Handler                                       src/ASF/sam/utils/cmsis/same70/source/templates/gcc/startup_same70.o
GMAC_Handler                                      src/ASF/sam/utils/cmsis/same70/source/templates/gcc/startup_same70.o
HSMCI_Handler                                     src/ASF/sam/utils/cmsis/same70/source/templates/gcc/startup_same70.o
HardFault_Handler                                 src/ASF/sam/utils/cmsis/same70/source/templates/gcc/startup_same70.o
ICM_Handler                                       src/ASF/sam/utils/cmsis/same70/source/templates/gcc/startup_same70.o
ISI_Handler                                       src/ASF/sam/utils/cmsis/same70/source/templates/gcc/startup_same70.o
MCAN0_Handler                                     src/ASF/sam/utils/cmsis/same70/source/templates/gcc/startup_same70.o
MCAN1_Handler                                     src/ASF/sam/utils/cmsis/same70/source/templates/gcc/startup_same70.o
MemManage_Handler                                 src/ASF/sam/utils/cmsis/same70/source/templates/gcc/startup_same70.o
NMI_Handler                                       src/ASF/sam/utils/cmsis/same70/source/templates/gcc/startup_same70.o
PIOA_Handler                                      src/ASF/sam/drivers/pio/pio_handler.o
PIOB_Handler                                      src/ASF/sam/drivers/pio/pio_handler.o
PIOC_Handler                                      src/ASF/sam/drivers/pio/pio_handler.o
PIOD_Handler                                      src/ASF/sam/drivers/pio/pio_handler.o
PIOE_Handler                                      src/ASF/sam/drivers/pio/pio_handler.o
PMC_Handler                                       src/ASF/sam/utils/cmsis/same70/source/templates/gcc/startup_same70.o
PWM0_Handler                                      src/ASF/sam/utils/cmsis/same70/source/templates/gcc/startup_same70.o
PWM1_Handler                                      src/ASF/sam/utils/cmsis/same70/source/templates/gcc/startup_same70.o
PendSV_Handler                                    src/ASF/sam/utils/cmsis/same70/source/templates/gcc/startup_same70.o
QSPI_Handler                                      src/ASF/sam/utils/cmsis/same70/source/templates/gcc/startup_same70.o
RSTC_Handler                                      src/ASF/sam/utils/cmsis/same70/source/templates/gcc/startup_same70.o
RSWDT_Handler                                     src/ASF/sam/utils/cmsis/same70/source/templates/gcc/startup_same70.o
RTC_Handler                                       src/ASF/sam/utils/cmsis/same70/source/templates/gcc/startup_same70.o
RTT_Handler                                       src/ASF/sam/utils/cmsis/same70/source/templates/gcc/startup_same70.o
Reset_Handler                                     src/ASF/sam/utils/cmsis/same70/source/templates/gcc/startup_same70.o
SDRAMC_Handler                                    src/ASF/sam/utils/cmsis/same70/source/templates/gcc/startup_same70.o
SPI0_Handler                                      src/ASF/sam/utils/cmsis/same70/source/templates/gcc/startup_same70.o
SPI1_Handler                                      src/ASF/sam/utils/cmsis/same70/source/templates/gcc/startup_same70.o
SSC_Handler                                       src/ASF/sam/utils/cmsis/same70/source/templates/gcc/startup_same70.o
SUPC_Handler                                      src/ASF/sam/utils/cmsis/same70/source/templates/gcc/startup_same70.o
SVC_Handler                                       src/ASF/sam/utils/cmsis/same70/source/templates/gcc/startup_same70.o
SysTick_Handler                                   src/ASF/sam/utils/cmsis/same70/source/templates/gcc/startup_same70.o
SystemCoreClock                                   src/ASF/sam/utils/cmsis/same70/source/templates/system_same70.o
SystemCoreClockUpdate                             src/ASF/sam/utils/cmsis/same70/source/templates/system_same70.o
                                                  src/ASF/common/services/clock/same70/sysclk.o
SystemInit                                        src/ASF/sam/utils/cmsis/same70/source/templates/system_same70.o
TC0_Handler                                       src/ASF/sam/utils/cmsis/same70/source/templates/gcc/startup_same70.o
TC10_Handler                                      src/ASF/sam/utils/cmsis/same70/source/templates/gcc/startup_same70.o
TC11_Handler                                      src/ASF/sam/utils/cmsis/same70/source/templates/gcc/startup_same70.o
TC1_Handler                                       src/ASF/sam/utils/cmsis/same70/source/templates/gcc/startup_same70.o