Archive member included to satisfy reference by file (symbol)

c:/program files (x86)/atmel/studio/7.0/toolchain/arm/arm-gnu-toolchain/bin/../lib/gcc/arm-none-eabi/6.3.1/thumb/v7e-m\libgcc.a(_arm_addsubdf3.o)
                              src/main.o (__aeabi_i2d)
c:/program files (x86)/atmel/studio/7.0/toolchain/arm/arm-gnu-toolchain/bin/../lib/gcc/arm-none-eabi/6.3.1/thumb/v7e-m\libgcc.a(_arm_muldivdf3.o)
                              src/main.o (__aeabi_dmul)
c:/program files (x86)/atmel/studio/7.0/toolchain/arm/arm-gnu-toolchain/bin/../lib/gcc/arm-none-eabi/6.3.1/thumb/v7e-m\libgcc.a(_arm_truncdfsf2.o)
                              src/main.o (__aeabi_d2f)
c:/program files (x86)/atmel/studio/7.0/toolchain/arm/arm-gnu-toolchain/bin/../lib/gcc/arm-none-eabi/6.3.1/thumb/v7e-m\libgcc.a(_aeabi_uldivmod.o)
                              src/oled/ssd1306.o (__aeabi_uldivmod)
c:/program files (x86)/atmel/studio/7.0/toolchain/arm/arm-gnu-toolchain/bin/../lib/gcc/arm-none-eabi/6.3.1/thumb/v7e-m\libgcc.a(_udivmoddi4.o)
                              c:/program files (x86)/atmel/studio/7.0/toolchain/arm/arm-gnu-toolchain/bin/../lib/gcc/arm-none-eabi/6.3.1/thumb/v7e-m\libgcc.a(_aeabi_uldivmod.o) (__udivmoddi4)
c:/program files (x86)/atmel/studio/7.0/toolchain/arm/arm-gnu-toolchain/bin/../lib/gcc/arm-none-eabi/6.3.1/thumb/v7e-m\libgcc.a(_dvmd_tls.o)
                              c:/program files (x86)/atmel/studio/7.0/toolchain/arm/arm-gnu-toolchain/bin/../lib/gcc/arm-none-eabi/6.3.1/thumb/v7e-m\libgcc.a(_aeabi_uldivmod.o) (__aeabi_ldiv0)
c:/program files (x86)/atmel/studio/7.0/toolchain/arm/arm-gnu-toolchain/bin/../lib/gcc/arm-none-eabi/6.3.1/../../../../arm-none-eabi/lib/thumb/v7e-m\libc.a(lib_a-exit.o)
                              c:/program files (x86)/atmel/studio/7.0/toolchain/arm/arm-gnu-toolchain/bin/../lib/gcc/arm-none-eabi/6.3.1/../../../../arm-none-eabi/lib/thumb/v7e-m/crt0.o (exit)
c:/program files (x86)/atmel/studio/7.0/toolchain/arm/arm-gnu-toolchain/bin/../lib/gcc/arm-none-eabi/6.3.1/../../../../arm-none-eabi/lib/thumb/v7e-m\libc.a(lib_a-impure.o)
                              c:/program files (x86)/atmel/studio/7.0/toolchain/arm/arm-gnu-toolchain/bin/../lib/gcc/arm-none-eabi/6.3.1/../../../../arm-none-eabi/lib/thumb/v7e-m\libc.a(lib_a-exit.o) (_global_impure_ptr)
c:/program files (x86)/atmel/studio/7.0/toolchain/arm/arm-gnu-toolchain/bin/../lib/gcc/arm-none-eabi/6.3.1/../../../../arm-none-eabi/lib/thumb/v7e-m\libc.a(lib_a-init.o)
                              c:/program files (x86)/atmel/studio/7.0/toolchain/arm/arm-gnu-toolchain/bin/../lib/gcc/arm-none-eabi/6.3.1/../../../../arm-none-eabi/lib/thumb/v7e-m/crt0.o (__libc_init_array)
c:/program files (x86)/atmel/studio/7.0/toolchain/arm/arm-gnu-toolchain/bin/../lib/gcc/arm-none-eabi/6.3.1/../../../../arm-none-eabi/lib/thumb/v7e-m\libc.a(lib_a-memset.o)
                              c:/program files (x86)/atmel/studio/7.0/toolchain/arm/arm-gnu-toolchain/bin/../lib/gcc/arm-none-eabi/6.3.1/../../../../arm-none-eabi/lib/thumb/v7e-m/crt0.o (memset)
c:/program files (x86)/atmel/studio/7.0/toolchain/arm/arm-gnu-toolchain/bin/../lib/gcc/arm-none-eabi/6.3.1/../../../../arm-none-eabi/lib/thumb/v7e-m\libc.a(lib_a-sprintf.o)
                              src/main.o (sprintf)
c:/program files (x86)/atmel/studio/7.0/toolchain/arm/arm-gnu-toolchain/bin/../lib/gcc/arm-none-eabi/6.3.1/../../../../arm-none-eabi/lib/thumb/v7e-m\libc.a(lib_a-svfprintf.o)
                              c:/program files (x86)/atmel/studio/7.0/toolchain/arm/arm-gnu-toolchain/bin/../lib/gcc/arm-none-eabi/6.3.1/../../../../arm-none-eabi/lib/thumb/v7e-m\libc.a(lib_a-sprintf.o) (_svfprintf_r)
c:/program files (x86)/atmel/studio/7.0/toolchain/arm/arm-gnu-toolchain/bin/../lib/gcc/arm-none-eabi/6.3.1/../../../../arm-none-eabi/lib/thumb/v7e-m\libc.a(lib_a-__call_atexit.o)
                              c:/program files (x86)/atmel/studio/7.0/toolchain/arm/arm-gnu-toolchain/bin/../lib/gcc/arm-none-eabi/6.3.1/../../../../arm-none-eabi/lib/thumb/v7e-m\libc.a(lib_a-exit.o) (__call_exitprocs)
c:/program files (x86)/atmel/studio/7.0/toolchain/arm/arm-gnu-toolchain/bin/../lib/gcc/arm-none-eabi/6.3.1/../../../../arm-none-eabi/lib/thumb/v7e-m\libc.a(lib_a-atexit.o)
                              c:/program files (x86)/atmel/studio/7.0/toolchain/arm/arm-gnu-toolchain/bin/../lib/gcc/arm-none-eabi/6.3.1/../../../../arm-none-eabi/lib/thumb/v7e-m\libc.a(lib_a-__call_atexit.o) (atexit)
c:/program files (x86)/atmel/studio/7.0/toolchain/arm/arm-gnu-toolchain/bin/../lib/gcc/arm-none-eabi/6.3.1/../../../../arm-none-eabi/lib/thumb/v7e-m\libc.a(lib_a-dtoa.o)
                              c:/program files (x86)/atmel/studio/7.0/toolchain/arm/arm-gnu-toolchain/bin/../lib/gcc/arm-none-eabi/6.3.1/../../../../arm-none-eabi/lib/thumb/v7e-m\libc.a(lib_a-svfprintf.o) (_dtoa_r)
[...]
Memory Configuration

Name             Origin             Length             Attributes
rom              0x00400000         0x00200000         xr
ram              0x20400000         0x00060000         xrw
*default*        0x00000000         0xffffffff

Linker script and memory map

LOAD c:/program files (x86)/atmel/studio/7.0/toolchain/arm/arm-gnu-toolchain/bin/../lib/gcc/arm-none-eabi/6.3.1/thumb/v7e-m/crti.o
LOAD c:/program files (x86)/atmel/studio/7.0/toolchain/arm/arm-gnu-toolchain/bin/../lib/gcc/arm-none-eabi/6.3.1/thumb/v7e-m/crtbegin.o
LOAD c:/program files (x86)/atmel/studio/7.0/toolchain/arm/arm-gnu-toolchain/bin/../lib/gcc/arm-none-eabi/6.3.1/../../../../arm-none-eabi/lib/thumb/v7e-m/crt0.o
LOAD src/ASF/common/services/sleepmgr/sam/sleepmgr.o
LOAD src/ASF/sam/drivers/rtt/rtt.o
LOAD src/ASF/sam/drivers/spi/spi.o
LOAD src/ASF/sam/drivers/tc/tc.o
LOAD src/oled/gfx_mono_framebuffer.o
LOAD src/oled/gfx_mono_generic.o
LOAD src/oled/gfx_mono_text.o
LOAD src/oled/gfx_mono_ug_2832hsweg04.o
LOAD src/oled/ssd1306.o
LOAD src/oled/sysfont.o
LOAD src/ASF/common/services/delay/sam/cycle_counter.o
LOAD src/ASF/common/services/clock/same70/sysclk.o
LOAD src/ASF/common/utils/interrupt/interrupt_sam_nvic.o
LOAD src/ASF/sam/boards/same70_xplained/init.o
LOAD src/ASF/sam/drivers/mpu/mpu.o
LOAD src/ASF/sam/drivers/pio/pio.o
LOAD src/ASF/sam/drivers/pio/pio_handler.o
LOAD src/ASF/sam/drivers/pmc/pmc.o
LOAD src/ASF/sam/drivers/pmc/sleep.o
LOAD src/ASF/sam/utils/cmsis/same70/source/templates/gcc/startup_same70.o
LOAD src/ASF/sam/utils/cmsis/same70/source/templates/system_same70.o
LOAD src/ASF/sam/utils/syscalls/gcc/syscalls.o
LOAD src/main.o
START GROUP
LOAD ../src/ASF/thirdparty/CMSIS/Lib/GCC\libarm_cortexM7lfsp_math_softfp.a
LOAD c:/program files (x86)/atmel/studio/7.0/toolchain/arm/arm-gnu-toolchain/bin/../lib/gcc/arm-none-eabi/6.3.1/../../../../arm-none-eabi/lib/thumb/v7e-m\libm.a
END GROUP
START GROUP
LOAD c:/program files (x86)/atmel/studio/7.0/toolchain/arm/arm-gnu-toolchain/bin/../lib/gcc/arm-none-eabi/6.3.1/thumb/v7e-m\libgcc.a
LOAD c:/program files (x86)/atmel/studio/7.0/toolchain/arm/arm-gnu-toolchain/bin/../lib/gcc/arm-none-eabi/6.3.1/../../../../arm-none-eabi/lib/thumb/v7e-m\libc.a
END GROUP
LOAD c:/program files (x86)/atmel/studio/7.0/toolchain/arm/arm-gnu-toolchain/bin/../lib/gcc/arm-none-eabi/6.3.1/thumb/v7e-m/crtend.o
LOAD c:/program files (x86)/atmel/studio/7.0/toolchain/arm/arm-gnu-toolchain/bin/../lib/gcc/arm-none-eabi/6.3.1/thumb/v7e-m/crtn.o
                0x00002000                STACK_SIZE = DEFINED (STACK_SIZE)?STACK_SIZE:0x2000
                0x2045fffc                __ram_end__ = ((ORIGIN (ram) + LENGTH (ram)) - 0x4)
                0x00000200                HEAP_SIZE = DEFINED (HEAP_SIZE)?HEAP_SIZE:0x200

.text           0x00400000     0x8aec
                0x00400000                . = ALIGN (0x4)
                0x00400000                _sfixed = .
 *(.vectors .vectors.*)
 .vectors       0x00400000      0x140 src/ASF/sam/utils/cmsis/same70/source/templates/gcc/startup_same70.o
                0x00400000                exception_table
 *(.text .text.* .gnu.linkonce.t.*)
 .text          0x00400140       0x6c c:/program files (x86)/atmel/studio/7.0/toolchain/arm/arm-gnu-toolchain/bin/../lib/gcc/arm-none-eabi/6.3.1/thumb/v7e-m/crtbegin.o
 .text.rtt_init
                0x004001ac       0x30 src/ASF/sam/drivers/rtt/rtt.o
                0x004001ac                rtt_init
 .text.rtt_sel_source
                0x004001dc       0x58 src/ASF/sam/drivers/rtt/rtt.o
                0x004001dc                rtt_sel_source
 .text.rtt_enable_interrupt
                0x00400234       0x38 src/ASF/sam/drivers/rtt/rtt.o
                0x00400234                rtt_enable_interrupt
 .text.rtt_disable_interrupt
                0x0040026c       0x40 src/ASF/sam/drivers/rtt/rtt.o
                0x0040026c                rtt_disable_interrupt
 .text.rtt_read_timer_value
                0x004002ac       0x2e src/ASF/sam/drivers/rtt/rtt.o
                0x004002ac                rtt_read_timer_value
 .text.rtt_get_status
                0x004002da       0x18 src/ASF/sam/drivers/rtt/rtt.o
                0x004002da                rtt_get_status
 *fill*         0x004002f2        0x2 
 .text.rtt_write_alarm_time
                0x004002f4       0x5c src/ASF/sam/drivers/rtt/rtt.o
                0x004002f4                rtt_write_alarm_time
 .text.spi_get_peripheral_select_mode
                0x00400350       0x26 src/ASF/sam/drivers/spi/spi.o
 *fill*         0x00400376        0x2 
 .text.sysclk_enable_peripheral_clock
                0x00400378       0x1c src/ASF/sam/drivers/spi/spi.o
 .text.spi_enable_clock
                0x00400394       0x3c src/ASF/sam/drivers/spi/spi.o
                0x00400394                spi_enable_clock
 .text.spi_set_peripheral_chip_select_value
                0x004003d0       0x34 src/ASF/sam/drivers/spi/spi.o
                0x004003d0                spi_set_peripheral_chip_select_value
 .text.spi_write
                0x00400404       0x80 src/ASF/sam/drivers/spi/spi.o
                0x00400404                spi_write
 .text.spi_set_clock_polarity
                0x00400484       0x50 src/ASF/sam/drivers/spi/spi.o
                0x00400484                spi_set_clock_polarity
 .text.spi_set_clock_phase
                0x004004d4       0x50 src/ASF/sam/drivers/spi/spi.o
                0x004004d4                spi_set_clock_phase
 .text.spi_configure_cs_behavior
                0x00400524       0xa6 src/ASF/sam/drivers/spi/spi.o
                0x00400524                spi_configure_cs_behavior
 .text.spi_set_bits_per_transfer
                0x004005ca       0x4a src/ASF/sam/drivers/spi/spi.o
                0x004005ca                spi_set_bits_per_transfer
 .text.spi_calc_baudrate_div
                0x00400614       0x3c src/ASF/sam/drivers/spi/spi.o
                0x00400614                spi_calc_baudrate_div
 .text.spi_set_baudrate_div
                0x00400650       0x5e src/ASF/sam/drivers/spi/spi.o
                0x00400650                spi_set_baudrate_div
 *fill*         0x004006ae        0x2 
 .text.gfx_mono_set_framebuffer
                0x004006b0       0x20 src/oled/gfx_mono_framebuffer.o
                0x004006b0                gfx_mono_set_framebuffer
 .text.gfx_mono_framebuffer_put_byte
                0x004006d0       0x38 src/oled/gfx_mono_framebuffer.o
                0x004006d0                gfx_mono_framebuffer_put_byte
 .text.gfx_mono_framebuffer_get_byte
                0x00400708       0x34 src/oled/gfx_mono_framebuffer.o
                0x00400708                gfx_mono_framebuffer_get_byte
 .text.gfx_mono_generic_draw_horizontal_line
                0x0040073c      0x130 src/oled/gfx_mono_generic.o
                0x0040073c                gfx_mono_generic_draw_horizontal_line
 .text.gfx_mono_generic_draw_filled_rect
                0x0040086c       0x50 src/oled/gfx_mono_generic.o
                0x0040086c                gfx_mono_generic_draw_filled_rect
 .text.gfx_mono_draw_char_progmem
                0x004008bc       0xe0 src/oled/gfx_mono_text.o
 .text.gfx_mono_draw_char
                0x0040099c       0x54 src/oled/gfx_mono_text.o
                0x0040099c                gfx_mono_draw_char
 .text.gfx_mono_draw_string
                0x004009f0       0x6c src/oled/gfx_mono_text.o
                0x004009f0                gfx_mono_draw_string
 .text.ssd1306_set_page_address
                0x00400a5c       0x2c src/oled/gfx_mono_ug_2832hsweg04.o
 .text.ssd1306_set_column_address
                0x00400a88       0x40 src/oled/gfx_mono_ug_2832hsweg04.o
 .text.ssd1306_set_display_start_line_address
                0x00400ac8       0x2c src/oled/gfx_mono_ug_2832hsweg04.o
 .text.gfx_mono_ssd1306_init
                0x00400af4       0x64 src/oled/gfx_mono_ug_2832hsweg04.o
                0x00400af4                gfx_mono_ssd1306_init
 .text.gfx_mono_ssd1306_draw_pixel
                0x00400b58       0x9c src/oled/gfx_mono_ug_2832hsweg04.o
                0x00400b58                gfx_mono_ssd1306_draw_pixel
 .text.gfx_mono_ssd1306_put_byte
                0x00400bf4       0x84 src/oled/gfx_mono_ug_2832hsweg04.o
                0x00400bf4                gfx_mono_ssd1306_put_byte
 .text.gfx_mono_ssd1306_get_byte
                0x00400c78       0x2c src/oled/gfx_mono_ug_2832hsweg04.o
                0x00400c78                gfx_mono_ssd1306_get_byte
 .text.osc_get_rate
                0x00400ca4       0x74 src/oled/ssd1306.o
 .text.sysclk_get_main_hz
                0x00400d18       0x20 src/oled/ssd1306.o
 .text.sysclk_get_cpu_hz
                0x00400d38       0x14 src/oled/ssd1306.o
 .text.sysclk_get_peripheral_hz
                0x00400d4c       0x14 src/oled/ssd1306.o
 .text.ioport_enable_pin
                0x00400d60       0x4c src/oled/ssd1306.o
 .text.ioport_set_pin_mode
                0x00400dac      0x11c src/oled/ssd1306.o
 .text.ioport_set_pin_dir
                0x00400ec8       0x88 src/oled/ssd1306.o
 .text.ioport_set_pin_level
                0x00400f50       0x6c src/oled/ssd1306.o
 .text.spi_reset
                0x00400fbc       0x1a src/oled/ssd1306.o
 .text.spi_enable
                0x00400fd6       0x1a src/oled/ssd1306.o
 .text.spi_disable
                0x00400ff0       0x1a src/oled/ssd1306.o
 .text.spi_set_master_mode
                0x0040100a       0x20 src/oled/ssd1306.o
 .text.spi_set_fixed_peripheral_select
                0x0040102a       0x20 src/oled/ssd1306.o
 .text.spi_disable_mode_fault_detect
                0x0040104a       0x20 src/oled/ssd1306.o
 .text.spi_disable_loopback
                0x0040106a       0x20 src/oled/ssd1306.o
 *fill*         0x0040108a        0x2 
 .text.ssd1306_hard_reset
                0x0040108c       0x54 src/oled/ssd1306.o
 .text.ssd1306_display_on
                0x004010e0       0x14 src/oled/ssd1306.o
 .text.ssd1306_set_contrast
                0x004010f4       0x28 src/oled/ssd1306.o
 .text.ssd1306_display_invert_disable
                0x0040111c       0x14 src/oled/ssd1306.o
 .text.ssd1306_interface_init
                0x00401130      0x180 src/oled/ssd1306.o
 .text.ssd1306_init
                0x004012b0       0xb0 src/oled/ssd1306.o
                0x004012b0                ssd1306_init
 .text.ssd1306_write_command
                0x00401360       0xa4 src/oled/ssd1306.o
                0x00401360                ssd1306_write_command
 .text.ssd1306_write_data
                0x00401404       0xa4 src/oled/ssd1306.o
                0x00401404                ssd1306_write_data
 .text.osc_enable
                0x004014a8       0x88 src/ASF/common/services/clock/same70/sysclk.o
 .text.osc_is_ready
                0x00401530       0x70 src/ASF/common/services/clock/same70/sysclk.o
 .text.osc_get_rate
                0x004015a0       0x74 src/ASF/common/services/clock/same70/sysclk.o
 .text.osc_wait_ready
                0x00401614       0x2c src/ASF/common/services/clock/same70/sysclk.o
 .text.pll_config_init
                0x00401640       0x6c src/ASF/common/services/clock/same70/sysclk.o
 .text.pll_enable
                0x004016ac       0x40 src/ASF/common/services/clock/same70/sysclk.o
 .text.pll_is_locked
                0x004016ec       0x2c src/ASF/common/services/clock/same70/sysclk.o
 .text.pll_enable_source
                0x00401718       0x38 src/ASF/common/services/clock/same70/sysclk.o
 .text.pll_wait_for_lock
                0x00401750       0x24 src/ASF/common/services/clock/same70/sysclk.o
 .text.sysclk_get_main_hz
                0x00401774       0x20 src/ASF/common/services/clock/same70/sysclk.o
 .text.sysclk_get_cpu_hz
                0x00401794       0x14 src/ASF/common/services/clock/same70/sysclk.o
 .text.sysclk_init
                0x004017a8       0x7c src/ASF/common/services/clock/same70/sysclk.o
                0x004017a8                sysclk_init
 .text.SCB_EnableICache
                0x00401824       0x38 src/ASF/sam/boards/same70_xplained/init.o
 .text.SCB_EnableDCache
                0x0040185c       0xa4 src/ASF/sam/boards/same70_xplained/init.o
 .text.sysclk_enable_peripheral_clock
                0x00401900       0x1c src/ASF/sam/boards/same70_xplained/init.o
 .text.ioport_init
                0x0040191c       0x2c src/ASF/sam/boards/same70_xplained/init.o
 .text.ioport_set_pin_mode
                0x00401948      0x11c src/ASF/sam/boards/same70_xplained/init.o
 .text.ioport_set_pin_dir
                0x00401a64       0x88 src/ASF/sam/boards/same70_xplained/init.o
 .text.ioport_set_pin_level
                0x00401aec       0x6c src/ASF/sam/boards/same70_xplained/init.o
 .text.ioport_set_pin_sense_mode
                0x00401b58       0xd0 src/ASF/sam/boards/same70_xplained/init.o
 .text.tcm_disable
                0x00401c28       0x44 src/ASF/sam/boards/same70_xplained/init.o
 .text.board_init
                0x00401c6c       0x84 src/ASF/sam/boards/same70_xplained/init.o
                0x00401c6c                board_init
 .text.pio_pull_up
                0x00401cf0       0x2c src/ASF/sam/drivers/pio/pio.o
                0x00401cf0                pio_pull_up
 .text.pio_set_debounce_filter
                0x00401d1c       0x38 src/ASF/sam/drivers/pio/pio.o
                0x00401d1c                pio_set_debounce_filter
 .text.pio_set  0x00401d54       0x1c src/ASF/sam/drivers/pio/pio.o
                0x00401d54                pio_set
 .text.pio_clear
                0x00401d70       0x1c src/ASF/sam/drivers/pio/pio.o
                0x00401d70                pio_clear
 .text.pio_set_peripheral
                0x00401d8c      0x110 src/ASF/sam/drivers/pio/pio.o
                0x00401d8c                pio_set_peripheral
 .text.pio_set_input
                0x00401e9c       0x80 src/ASF/sam/drivers/pio/pio.o
                0x00401e9c                pio_set_input
 .text.pio_set_output
                0x00401f1c       0x64 src/ASF/sam/drivers/pio/pio.o
                0x00401f1c                pio_set_output
 .text.pio_configure
                0x00401f80       0xcc src/ASF/sam/drivers/pio/pio.o
                0x00401f80                pio_configure
 .text.pio_configure_interrupt
                0x0040204c       0x6c src/ASF/sam/drivers/pio/pio.o
                0x0040204c                pio_configure_interrupt
 .text.pio_enable_interrupt
                0x004020b8       0x1c src/ASF/sam/drivers/pio/pio.o
                0x004020b8                pio_enable_interrupt
 .text.pio_disable_interrupt
                0x004020d4       0x1c src/ASF/sam/drivers/pio/pio.o
                0x004020d4                pio_disable_interrupt
 .text.pio_get_interrupt_status
                0x004020f0       0x18 src/ASF/sam/drivers/pio/pio.o
                0x004020f0                pio_get_interrupt_status
 .text.pio_get_interrupt_mask
                0x00402108       0x18 src/ASF/sam/drivers/pio/pio.o
                0x00402108                pio_get_interrupt_mask
 .text.pio_handler_process
                0x00402120       0xb4 src/ASF/sam/drivers/pio/pio_handler.o
                0x00402120                pio_handler_process
 .text.pio_handler_set
                0x004021d4       0xa0 src/ASF/sam/drivers/pio/pio_handler.o
                0x004021d4                pio_handler_set
 .text.PIOA_Handler
                0x00402274       0x18 src/ASF/sam/drivers/pio/pio_handler.o
                0x00402274                PIOA_Handler
 .text.PIOB_Handler
                0x0040228c       0x18 src/ASF/sam/drivers/pio/pio_handler.o
                0x0040228c                PIOB_Handler
 .text.PIOC_Handler
                0x004022a4       0x18 src/ASF/sam/drivers/pio/pio_handler.o
                0x004022a4                PIOC_Handler
 .text.PIOD_Handler
                0x004022bc       0x18 src/ASF/sam/drivers/pio/pio_handler.o
                0x004022bc                PIOD_Handler
 .text.PIOE_Handler
                0x004022d4       0x18 src/ASF/sam/drivers/pio/pio_handler.o
                0x004022d4                PIOE_Handler
 .text.pmc_mck_set_division
                0x004022ec       0x7c src/ASF/sam/drivers/pmc/pmc.o
                0x004022ec                pmc_mck_set_division
 .text.pmc_switch_mck_to_pllack
                0x00402368       0x84 src/ASF/sam/drivers/pmc/pmc.o
                0x00402368                pmc_switch_mck_to_pllack
 .text.pmc_switch_sclk_to_32kxtal
                0x004023ec       0x38 src/ASF/sam/drivers/pmc/pmc.o
                0x004023ec                pmc_switch_sclk_to_32kxtal
 .text.pmc_osc_is_ready_32kxtal
                0x00402424       0x34 src/ASF/sam/drivers/pmc/pmc.o
                0x00402424                pmc_osc_is_ready_32kxtal
 .text.pmc_switch_mainck_to_fastrc
                0x00402458       0x70 src/ASF/sam/drivers/pmc/pmc.o
                0x00402458                pmc_switch_mainck_to_fastrc
 .text.pmc_switch_mainck_to_xtal
                0x004024c8       0x78 src/ASF/sam/drivers/pmc/pmc.o
                0x004024c8                pmc_switch_mainck_to_xtal
 .text.pmc_osc_is_ready_mainck
                0x00402540       0x1c src/ASF/sam/drivers/pmc/pmc.o
                0x00402540                pmc_osc_is_ready_mainck
 .text.pmc_disable_pllack
                0x0040255c       0x1c src/ASF/sam/drivers/pmc/pmc.o
                0x0040255c                pmc_disable_pllack
 .text.pmc_is_locked_pllack
                0x00402578       0x1c src/ASF/sam/drivers/pmc/pmc.o
                0x00402578                pmc_is_locked_pllack
 .text.pmc_is_locked_upll
                0x00402594       0x1c src/ASF/sam/drivers/pmc/pmc.o
                0x00402594                pmc_is_locked_upll
 .text.pmc_enable_periph_clk
                0x004025b0       0x84 src/ASF/sam/drivers/pmc/pmc.o
                0x004025b0                pmc_enable_periph_clk
 .text.pmc_set_flash_in_wait_mode
                0x00402634       0x20 src/ASF/sam/drivers/pmc/pmc.o
                0x00402634                pmc_set_flash_in_wait_mode
 .text.pmc_enable_waitmode
                0x00402654       0x90 src/ASF/sam/drivers/pmc/pmc.o
                0x00402654                pmc_enable_waitmode
 .text.pmc_sleep
                0x004026e4      0x398 src/ASF/sam/drivers/pmc/sleep.o
                0x004026e4                pmc_sleep
 .text.cpu_irq_save
                0x00402a7c       0x38 src/ASF/sam/utils/cmsis/same70/source/templates/gcc/startup_same70.o
 .text.cpu_irq_is_enabled_flags
                0x00402ab4       0x20 src/ASF/sam/utils/cmsis/same70/source/templates/gcc/startup_same70.o
 .text.cpu_irq_restore
                0x00402ad4       0x30 src/ASF/sam/utils/cmsis/same70/source/templates/gcc/startup_same70.o
 .text.Reset_Handler
                0x00402b04       0xb0 src/ASF/sam/utils/cmsis/same70/source/templates/gcc/startup_same70.o
                0x00402b04                Reset_Handler
 .text.Dummy_Handler
                0x00402bb4        0x6 src/ASF/sam/utils/cmsis/same70/source/templates/gcc/startup_same70.o
                0x00402bb4                DACC_Handler
                0x00402bb4                DebugMon_Handler
                0x00402bb4                UART3_Handler
                0x00402bb4                UART2_Handler
                0x00402bb4                TRNG_Handler
                0x00402bb4                HardFault_Handler
                0x00402bb4                TC2_Handler
                0x00402bb4                SysTick_Handler
                0x00402bb4                AFEC1_Handler
                0x00402bb4                PendSV_Handler
                0x00402bb4                NMI_Handler
                0x00402bb4                TC7_Handler
                0x00402bb4                QSPI_Handler
                0x00402bb4                ISI_Handler
                0x00402bb4                TC9_Handler
                0x00402bb4                RSWDT_Handler
                0x00402bb4                MCAN1_Handler
                0x00402bb4                USART0_Handler
                0x00402bb4                USBHS_Handler
                0x00402bb4                RTC_Handler
                0x00402bb4                UsageFault_Handler
                0x00402bb4                TC6_Handler
                0x00402bb4                WDT_Handler
                0x00402bb4                TC4_Handler
                0x00402bb4                TC1_Handler
                0x00402bb4                HSMCI_Handler
                0x00402bb4                UART1_Handler
                0x00402bb4                TC3_Handler
                0x00402bb4                Dummy_Handler
                0x00402bb4                TWIHS1_Handler
                0x00402bb4                XDMAC_Handler
                0x00402bb4                UART4_Handler
                0x00402bb4                PWM1_Handler
                0x00402bb4                USART1_Handler
                0x00402bb4                PWM0_Handler
                0x00402bb4                AFEC0_Handler
                0x00402bb4                TC11_Handler
                0x00402bb4                SSC_Handler
                0x00402bb4                ACC_Handler
                0x00402bb4                PMC_Handler
                0x00402bb4                GMAC_Handler
                0x00402bb4                MemManage_Handler
                0x00402bb4                SUPC_Handler
                0x00402bb4                SVC_Handler
                0x00402bb4                TC8_Handler
                0x00402bb4                EFC_Handler
                0x00402bb4                USART2_Handler
                0x00402bb4                SDRAMC_Handler
                0x00402bb4                SPI1_Handler
                0x00402bb4                MCAN0_Handler
                0x00402bb4                TC10_Handler
                0x00402bb4                TWIHS2_Handler
                0x00402bb4                UART0_Handler
                0x00402bb4                BusFault_Handler
                0x00402bb4                RSTC_Handler
                0x00402bb4                TC0_Handler
                0x00402bb4                TC5_Handler
                0x00402bb4                AES_Handler
                0x00402bb4                ICM_Handler
                0x00402bb4                TWIHS0_Handler
                0x00402bb4                SPI0_Handler
 *fill*         0x00402bba        0x2 
 .text.SystemCoreClockUpdate
                0x00402bbc      0x168 src/ASF/sam/utils/cmsis/same70/source/templates/system_same70.o
                0x00402bbc                SystemCoreClockUpdate
 .text.system_init_flash
                0x00402d24       0xb0 src/ASF/sam/utils/cmsis/same70/source/templates/system_same70.o
                0x00402d24                system_init_flash
 .text._sbrk    0x00402dd4       0x58 src/ASF/sam/utils/syscalls/gcc/syscalls.o
                0x00402dd4                _sbrk
 .text.NVIC_EnableIRQ
                0x00402e2c       0x34 src/main.o
 .text.NVIC_DisableIRQ
                0x00402e60       0x34 src/main.o
 .text.NVIC_ClearPendingIRQ
                0x00402e94       0x34 src/main.o
 .text.NVIC_SetPriority
                0x00402ec8       0x54 src/main.o
 .text.osc_get_rate
                0x00402f1c       0x74 src/main.o
 .text.sysclk_get_main_hz
                0x00402f90       0x20 src/main.o
 .text.sysclk_get_cpu_hz
                0x00402fb0       0x14 src/main.o
 .text.but_callback
                0x00402fc4       0x18 src/main.o
                0x00402fc4                but_callback
 .text.callback_echo
                0x00402fdc       0x70 src/main.o
                0x00402fdc                callback_echo
 .text.RTT_Handler
                0x0040304c       0x20 src/main.o
                0x0040304c                RTT_Handler
 .text.RTT_init
                0x0040306c       0xd8 src/main.o
 .text.io_init  0x00403144       0xf4 src/main.o
                0x00403144                io_init
 .text.delay_trigg
                0x00403238       0x8c src/main.o
                0x00403238                delay_trigg
 .text.display  0x004032c4       0xe0 src/main.o
                0x004032c4                display
 .text.main     0x004033a4       0x68 src/main.o
                0x004033a4                main
 .text          0x0040340c      0x370 c:/program files (x86)/atmel/studio/7.0/toolchain/arm/arm-gnu-toolchain/bin/../lib/gcc/arm-none-eabi/6.3.1/thumb/v7e-m\libgcc.a(_arm_addsubdf3.o)
                0x0040340c                __aeabi_drsub
                0x00403414                __aeabi_dsub
                0x00403414                __subdf3
                0x00403418                __aeabi_dadd
                0x00403418                __adddf3
                0x00403690                __floatunsidf
                0x00403690                __aeabi_ui2d
                0x004036b0                __floatsidf
                0x004036b0                __aeabi_i2d
                0x004036d4                __aeabi_f2d
                0x004036d4                __extendsfdf2
                0x00403710                __floatundidf
                0x00403710                __aeabi_ul2d
                0x00403720                __floatdidf
                0x00403720                __aeabi_l2d
 .text          0x0040377c      0x424 c:/program files (x86)/atmel/studio/7.0/toolchain/arm/arm-gnu-toolchain/bin/../lib/gcc/arm-none-eabi/6.3.1/thumb/v7e-m\libgcc.a(_arm_muldivdf3.o)
                0x0040377c                __aeabi_dmul
                0x0040377c                __muldf3
                0x004039d0                __divdf3
                0x004039d0                __aeabi_ddiv
 .text          0x00403ba0       0xa0 c:/program files (x86)/atmel/studio/7.0/toolchain/arm/arm-gnu-toolchain/bin/../lib/gcc/arm-none-eabi/6.3.1/thumb/v7e-m\libgcc.a(_arm_truncdfsf2.o)
                0x00403ba0                __truncdfsf2
                0x00403ba0                __aeabi_d2f
 .text          0x00403c40       0x30 c:/program files (x86)/atmel/studio/7.0/toolchain/arm/arm-gnu-toolchain/bin/../lib/gcc/arm-none-eabi/6.3.1/thumb/v7e-m\libgcc.a(_aeabi_uldivmod.o)
                0x00403c40                __aeabi_uldivmod
 .text          0x00403c70      0x2dc c:/program files (x86)/atmel/studio/7.0/toolchain/arm/arm-gnu-toolchain/bin/../lib/gcc/arm-none-eabi/6.3.1/thumb/v7e-m\libgcc.a(_udivmoddi4.o)
                0x00403c70                __udivmoddi4
 .text          0x00403f4c        0x4 c:/program files (x86)/atmel/studio/7.0/toolchain/arm/arm-gnu-toolchain/bin/../lib/gcc/arm-none-eabi/6.3.1/thumb/v7e-m\libgcc.a(_dvmd_tls.o)
                0x00403f4c                __aeabi_idiv0
                0x00403f4c                __aeabi_ldiv0
 .text.__libc_init_array
                0x00403f50       0x50 c:/program files (x86)/atmel/studio/7.0/toolchain/arm/arm-gnu-toolchain/bin/../lib/gcc/arm-none-eabi/6.3.1/../../../../arm-none-eabi/lib/thumb/v7e-m\libc.a(lib_a-init.o)
                0x00403f50                __libc_init_array
 .text.memset   0x00403fa0       0x9c c:/program files (x86)/atmel/studio/7.0/toolchain/arm/arm-gnu-toolchain/bin/../lib/gcc/arm-none-eabi/6.3.1/../../../../arm-none-eabi/lib/thumb/v7e-m\libc.a(lib_a-memset.o)
                0x00403fa0                memset
 .text.sprintf  0x0040403c       0x4c c:/program files (x86)/atmel/studio/7.0/toolchain/arm/arm-gnu-toolchain/bin/../lib/gcc/arm-none-eabi/6.3.1/../../../../arm-none-eabi/lib/thumb/v7e-m\libc.a(lib_a-sprintf.o)
                0x0040403c                sprintf
 .text._svfprintf_r
                0x00404088     0x145c c:/program files (x86)/atmel/studio/7.0/toolchain/arm/arm-gnu-toolchain/bin/../lib/gcc/arm-none-eabi/6.3.1/../../../../arm-none-eabi/lib/thumb/v7e-m\libc.a(lib_a-svfprintf.o)
                0x00404088                _svfprintf_r
 .text.startup.register_fini
                0x004054e4       0x14 c:/program files (x86)/atmel/studio/7.0/toolchain/arm/arm-gnu-toolchain/bin/../lib/gcc/arm-none-eabi/6.3.1/../../../../arm-none-eabi/lib/thumb/v7e-m\libc.a(lib_a-__call_atexit.o)
 .text.atexit   0x004054f8        0xc c:/program files (x86)/atmel/studio/7.0/toolchain/arm/arm-gnu-toolchain/bin/../lib/gcc/arm-none-eabi/6.3.1/../../../../arm-none-eabi/lib/thumb/v7e-m\libc.a(lib_a-atexit.o)
                0x004054f8                atexit
 .text.quorem   0x00405504      0x128 c:/program files (x86)/atmel/studio/7.0/toolchain/arm/arm-gnu-toolchain/bin/../lib/gcc/arm-none-eabi/6.3.1/../../../../arm-none-eabi/lib/thumb/v7e-m\libc.a(lib_a-dtoa.o)
 *fill*         0x0040562c        0x4 
 .text._dtoa_r  0x00405630      0xe54 c:/program files (x86)/atmel/studio/7.0/toolchain/arm/arm-gnu-toolchain/bin/../lib/gcc/arm-none-eabi/6.3.1/../../../../arm-none-eabi/lib/thumb/v7e-m\libc.a(lib_a-dtoa.o)
                0x00405630                _dtoa_r
 .text.__libc_fini_array
                0x00406484       0x34 c:/program files (x86)/atmel/studio/7.0/toolchain/arm/arm-gnu-toolchain/bin/../lib/gcc/arm-none-eabi/6.3.1/../../../../arm-none-eabi/lib/thumb/v7e-m\libc.a(lib_a-fini.o)
                0x00406484                __libc_fini_array
 .text._localeconv_r
                0x004064b8       0x1c c:/program files (x86)/atmel/studio/7.0/toolchain/arm/arm-gnu-toolchain/bin/../lib/gcc/arm-none-eabi/6.3.1/../../../../arm-none-eabi/lib/thumb/v7e-m\libc.a(lib_a-localeconv.o)
                0x004064b8                _localeconv_r
 .text.__retarget_lock_acquire_recursive
                0x004064d4        0x4 c:/program files (x86)/atmel/studio/7.0/toolchain/arm/arm-gnu-toolchain/bin/../lib/gcc/arm-none-eabi/6.3.1/../../../../arm-none-eabi/lib/thumb/v7e-m\libc.a(lib_a-lock.o)
                0x004064d4                __retarget_lock_acquire_recursive
 .text.__retarget_lock_release_recursive
                0x004064d8        0x4 c:/program files (x86)/atmel/studio/7.0/toolchain/arm/arm-gnu-toolchain/bin/../lib/gcc/arm-none-eabi/6.3.1/../../../../arm-none-eabi/lib/thumb/v7e-m\libc.a(lib_a-lock.o)
                0x004064d8                __retarget_lock_release_recursive
 .text._malloc_r
                0x004064dc      0x560 c:/program files (x86)/atmel/studio/7.0/toolchain/arm/arm-gnu-toolchain/bin/../lib/gcc/arm-none-eabi/6.3.1/../../../../arm-none-eabi/lib/thumb/v7e-m\libc.a(lib_a-mallocr.o)
                0x004064dc                _malloc_r
 *fill*         0x00406a3c        0x4 
 .text          0x00406a40       0xa0 c:/program files (x86)/atmel/studio/7.0/toolchain/arm/arm-gnu-toolchain/bin/../lib/gcc/arm-none-eabi/6.3.1/../../../../arm-none-eabi/lib/thumb/v7e-m\libc.a(lib_a-memchr.o)
                0x00406a40                memchr
 .text          0x00406ae0      0x134 c:/program files (x86)/atmel/studio/7.0/toolchain/arm/arm-gnu-toolchain/bin/../lib/gcc/arm-none-eabi/6.3.1/../../../../arm-none-eabi/lib/thumb/v7e-m\libc.a(lib_a-memcpy.o)
                0x00406ae0                memcpy
 .text.__malloc_lock
                0x00406c14        0xc c:/program files (x86)/atmel/studio/7.0/toolchain/arm/arm-gnu-toolchain/bin/../lib/gcc/arm-none-eabi/6.3.1/../../../../arm-none-eabi/lib/thumb/v7e-m\libc.a(lib_a-mlock.o)
                0x00406c14                __malloc_lock
 .text.__malloc_unlock
                0x00406c20        0xc c:/program files (x86)/atmel/studio/7.0/toolchain/arm/arm-gnu-toolchain/bin/../lib/gcc/arm-none-eabi/6.3.1/../../../../arm-none-eabi/lib/thumb/v7e-m\libc.a(lib_a-mlock.o)
                0x00406c20                __malloc_unlock
 .text._Balloc  0x00406c2c       0x4c c:/program files (x86)/atmel/studio/7.0/toolchain/arm/arm-gnu-toolchain/bin/../lib/gcc/arm-none-eabi/6.3.1/../../../../arm-none-eabi/lib/thumb/v7e-m\libc.a(lib_a-mprec.o)
                0x00406c2c                _Balloc
 .text._Bfree   0x00406c78       0x14 c:/program files (x86)/atmel/studio/7.0/toolchain/arm/arm-gnu-toolchain/bin/../lib/gcc/arm-none-eabi/6.3.1/../../../../arm-none-eabi/lib/thumb/v7e-m\libc.a(lib_a-mprec.o)
                0x00406c78                _Bfree
 .text.__multadd
                0x00406c8c       0x80 c:/program files (x86)/atmel/studio/7.0/toolchain/arm/arm-gnu-toolchain/bin/../lib/gcc/arm-none-eabi/6.3.1/../../../../arm-none-eabi/lib/thumb/v7e-m\libc.a(lib_a-mprec.o)
                0x00406c8c                __multadd
 .text.__hi0bits
                0x00406d0c       0x40 c:/program files (x86)/atmel/studio/7.0/toolchain/arm/arm-gnu-toolchain/bin/../lib/gcc/arm-none-eabi/6.3.1/../../../../arm-none-eabi/lib/thumb/v7e-m\libc.a(lib_a-mprec.o)
                0x00406d0c                __hi0bits
 .text.__lo0bits
                0x00406d4c       0x60 c:/program files (x86)/atmel/studio/7.0/toolchain/arm/arm-gnu-toolchain/bin/../lib/gcc/arm-none-eabi/6.3.1/../../../../arm-none-eabi/lib/thumb/v7e-m\libc.a(lib_a-mprec.o)
                0x00406d4c                __lo0bits
 .text.__i2b    0x00406dac       0x14 c:/program files (x86)/atmel/studio/7.0/toolchain/arm/arm-gnu-toolchain/bin/../lib/gcc/arm-none-eabi/6.3.1/../../../../arm-none-eabi/lib/thumb/v7e-m\libc.a(lib_a-mprec.o)
                0x00406dac                __i2b
 .text.__multiply
                0x00406dc0      0x124 c:/program files (x86)/atmel/studio/7.0/toolchain/arm/arm-gnu-toolchain/bin/../lib/gcc/arm-none-eabi/6.3.1/../../../../arm-none-eabi/lib/thumb/v7e-m\libc.a(lib_a-mprec.o)
                0x00406dc0                __multiply
 .text.__pow5mult
                0x00406ee4       0xa0 c:/program files (x86)/atmel/studio/7.0/toolchain/arm/arm-gnu-toolchain/bin/../lib/gcc/arm-none-eabi/6.3.1/../../../../arm-none-eabi/lib/thumb/v7e-m\libc.a(lib_a-mprec.o)
                0x00406ee4                __pow5mult
 .text.__lshift
                0x00406f84       0xa4 c:/program files (x86)/atmel/studio/7.0/toolchain/arm/arm-gnu-toolchain/bin/../lib/gcc/arm-none-eabi/6.3.1/../../../../arm-none-eabi/lib/thumb/v7e-m\libc.a(lib_a-mprec.o)
                0x00406f84                __lshift
 .text.__mcmp   0x00407028       0x38 c:/program files (x86)/atmel/studio/7.0/toolchain/arm/arm-gnu-toolchain/bin/../lib/gcc/arm-none-eabi/6.3.1/../../../../arm-none-eabi/lib/thumb/v7e-m\libc.a(lib_a-mprec.o)
                0x00407028                __mcmp
 .text.__mdiff  0x00407060      0x108 c:/program files (x86)/atmel/studio/7.0/toolchain/arm/arm-gnu-toolchain/bin/../lib/gcc/arm-none-eabi/6.3.1/../../../../arm-none-eabi/lib/thumb/v7e-m\libc.a(lib_a-mprec.o)
                0x00407060                __mdiff
 .text.__d2b    0x00407168       0xb8 c:/program files (x86)/atmel/studio/7.0/toolchain/arm/arm-gnu-toolchain/bin/../lib/gcc/arm-none-eabi/6.3.1/../../../../arm-none-eabi/lib/thumb/v7e-m\libc.a(lib_a-mprec.o)
                0x00407168                __d2b
 .text._sbrk_r  0x00407220       0x24 c:/program files (x86)/atmel/studio/7.0/toolchain/arm/arm-gnu-toolchain/bin/../lib/gcc/arm-none-eabi/6.3.1/../../../../arm-none-eabi/lib/thumb/v7e-m\libc.a(lib_a-sbrkr.o)
                0x00407220                _sbrk_r
 *fill*         0x00407244       0x3c 
 .text          0x00407280       0xdc c:/program files (x86)/atmel/studio/7.0/toolchain/arm/arm-gnu-toolchain/bin/../lib/gcc/arm-none-eabi/6.3.1/../../../../arm-none-eabi/lib/thumb/v7e-m\libc.a(lib_a-strlen.o)
                0x00407280                strlen
 .text.__ssprint_r
                0x0040735c       0xfc c:/program files (x86)/atmel/studio/7.0/toolchain/arm/arm-gnu-toolchain/bin/../lib/gcc/arm-none-eabi/6.3.1/../../../../arm-none-eabi/lib/thumb/v7e-m\libc.a(lib_a-svfiprintf.o)
                0x0040735c                __ssprint_r
 .text.__register_exitproc
                0x00407458       0xc4 c:/program files (x86)/atmel/studio/7.0/toolchain/arm/arm-gnu-toolchain/bin/../lib/gcc/arm-none-eabi/6.3.1/../../../../arm-none-eabi/lib/thumb/v7e-m\libc.a(lib_a-__atexit.o)
                0x00407458                __register_exitproc
 .text._calloc_r
                0x0040751c       0x60 c:/program files (x86)/atmel/studio/7.0/toolchain/arm/arm-gnu-toolchain/bin/../lib/gcc/arm-none-eabi/6.3.1/../../../../arm-none-eabi/lib/thumb/v7e-m\libc.a(lib_a-callocr.o)
                0x0040751c                _calloc_r
 .text._malloc_trim_r
                0x0040757c       0xa0 c:/program files (x86)/atmel/studio/7.0/toolchain/arm/arm-gnu-toolchain/bin/../lib/gcc/arm-none-eabi/6.3.1/../../../../arm-none-eabi/lib/thumb/v7e-m\libc.a(lib_a-freer.o)
                0x0040757c                _malloc_trim_r
 .text._free_r  0x0040761c      0x1cc c:/program files (x86)/atmel/studio/7.0/toolchain/arm/arm-gnu-toolchain/bin/../lib/gcc/arm-none-eabi/6.3.1/../../../../arm-none-eabi/lib/thumb/v7e-m\libc.a(lib_a-freer.o)
                0x0040761c                _free_r
 .text.__ascii_mbtowc
                0x004077e8       0x2c c:/program files (x86)/atmel/studio/7.0/toolchain/arm/arm-gnu-toolchain/bin/../lib/gcc/arm-none-eabi/6.3.1/../../../../arm-none-eabi/lib/thumb/v7e-m\libc.a(lib_a-mbtowc_r.o)
                0x004077e8                __ascii_mbtowc
 .text.memmove  0x00407814       0xc8 c:/program files (x86)/atmel/studio/7.0/toolchain/arm/arm-gnu-toolchain/bin/../lib/gcc/arm-none-eabi/6.3.1/../../../../arm-none-eabi/lib/thumb/v7e-m\libc.a(lib_a-memmove.o)
                0x00407814                memmove
 .text._realloc_r
                0x004078dc      0x34c c:/program files (x86)/atmel/studio/7.0/toolchain/arm/arm-gnu-toolchain/bin/../lib/gcc/arm-none-eabi/6.3.1/../../../../arm-none-eabi/lib/thumb/v7e-m\libc.a(lib_a-reallocr.o)
                0x004078dc                _realloc_r
 .text.__ascii_wctomb
                0x00407c28       0x1c c:/program files (x86)/atmel/studio/7.0/toolchain/arm/arm-gnu-toolchain/bin/../lib/gcc/arm-none-eabi/6.3.1/../../../../arm-none-eabi/lib/thumb/v7e-m\libc.a(lib_a-wctomb_r.o)
                0x00407c28                __ascii_wctomb
 .text          0x00407c44      0x110 c:/program files (x86)/atmel/studio/7.0/toolchain/arm/arm-gnu-toolchain/bin/../lib/gcc/arm-none-eabi/6.3.1/thumb/v7e-m\libgcc.a(_arm_cmpdf2.o)
                0x00407c44                __gtdf2
                0x00407c44                __gedf2
                0x00407c4c                __ltdf2
                0x00407c4c                __ledf2
                0x00407c54                __nedf2
                0x00407c54                __eqdf2
                0x00407c54                __cmpdf2
                0x00407cd0                __aeabi_cdrcmple
                0x00407ce0                __aeabi_cdcmpeq
                0x00407ce0                __aeabi_cdcmple
                0x00407cf0                __aeabi_dcmpeq
                0x00407d04                __aeabi_dcmplt
                0x00407d18                __aeabi_dcmple
                0x00407d2c                __aeabi_dcmpge
                0x00407d40                __aeabi_dcmpgt
 .text          0x00407d54       0x2c c:/program files (x86)/atmel/studio/7.0/toolchain/arm/arm-gnu-toolchain/bin/../lib/gcc/arm-none-eabi/6.3.1/thumb/v7e-m\libgcc.a(_arm_unorddf2.o)
                0x00407d54                __unorddf2
                0x00407d54                __aeabi_dcmpun
 .text          0x00407d80       0x50 c:/program files (x86)/atmel/studio/7.0/toolchain/arm/arm-gnu-toolchain/bin/../lib/gcc/arm-none-eabi/6.3.1/thumb/v7e-m\libgcc.a(_arm_fixdfsi.o)
                0x00407d80                __aeabi_d2iz
                0x00407d80                __fixdfsi
 *(.glue_7t)
 .glue_7t       0x00407dd0        0x0 linker stubs
 *(.glue_7)
 .glue_7        0x00407dd0        0x0 linker stubs
 *(.rodata .rodata* .gnu.linkonce.r.*)
 .rodata.sysfont_glyphs
                0x00407dd0      0xa48 src/oled/sysfont.o
 .rodata        0x00408818       0x22 src/main.o
 *fill*         0x0040883a        0x2 
 .rodata._global_impure_ptr
                0x0040883c        0x4 c:/program files (x86)/atmel/studio/7.0/toolchain/arm/arm-gnu-toolchain/bin/../lib/gcc/arm-none-eabi/6.3.1/../../../../arm-none-eabi/lib/thumb/v7e-m\libc.a(lib_a-impure.o)
                0x0040883c                _global_impure_ptr
 .rodata._svfprintf_r.str1.4
                0x00408840       0x42 c:/program files (x86)/atmel/studio/7.0/toolchain/arm/arm-gnu-toolchain/bin/../lib/gcc/arm-none-eabi/6.3.1/../../../../arm-none-eabi/lib/thumb/v7e-m\libc.a(lib_a-svfprintf.o)
 *fill*         0x00408882        0x2 
 .rodata.blanks.7223
                0x00408884       0x10 c:/program files (x86)/atmel/studio/7.0/toolchain/arm/arm-gnu-toolchain/bin/../lib/gcc/arm-none-eabi/6.3.1/../../../../arm-none-eabi/lib/thumb/v7e-m\libc.a(lib_a-svfprintf.o)
 .rodata.zeroes.7224
                0x00408894       0x10 c:/program files (x86)/atmel/studio/7.0/toolchain/arm/arm-gnu-toolchain/bin/../lib/gcc/arm-none-eabi/6.3.1/../../../../arm-none-eabi/lib/thumb/v7e-m\libc.a(lib_a-svfprintf.o)
 .rodata._dtoa_r.str1.4
                0x004088a4       0x10 c:/program files (x86)/atmel/studio/7.0/toolchain/arm/arm-gnu-toolchain/bin/../lib/gcc/arm-none-eabi/6.3.1/../../../../arm-none-eabi/lib/thumb/v7e-m\libc.a(lib_a-dtoa.o)
                                 0x12 (size before relaxing)
 *fill*         0x004088b4        0x4 
 .rodata.__mprec_bigtens
                0x004088b8       0x28 c:/program files (x86)/atmel/studio/7.0/toolchain/arm/arm-gnu-toolchain/bin/../lib/gcc/arm-none-eabi/6.3.1/../../../../arm-none-eabi/lib/thumb/v7e-m\libc.a(lib_a-mprec.o)
                0x004088b8                __mprec_bigtens
 .rodata.__mprec_tens
                0x004088e0       0xc8 c:/program files (x86)/atmel/studio/7.0/toolchain/arm/arm-gnu-toolchain/bin/../lib/gcc/arm-none-eabi/6.3.1/../../../../arm-none-eabi/lib/thumb/v7e-m\libc.a(lib_a-mprec.o)
                0x004088e0                __mprec_tens
 .rodata.p05.6055
                0x004089a8        0xc c:/program files (x86)/atmel/studio/7.0/toolchain/arm/arm-gnu-toolchain/bin/../lib/gcc/arm-none-eabi/6.3.1/../../../../arm-none-eabi/lib/thumb/v7e-m\libc.a(lib_a-mprec.o)
 .rodata._setlocale_r.str1.4
                0x004089b4        0xa c:/program files (x86)/atmel/studio/7.0/toolchain/arm/arm-gnu-toolchain/bin/../lib/gcc/arm-none-eabi/6.3.1/../../../../arm-none-eabi/lib/thumb/v7e-m\libc.a(lib_a-locale.o)
                                  0xd (size before relaxing)
 *fill*         0x004089be        0x2 
 .rodata.str1.4
                0x004089c0        0x4 c:/program files (x86)/atmel/studio/7.0/toolchain/arm/arm-gnu-toolchain/bin/../lib/gcc/arm-none-eabi/6.3.1/../../../../arm-none-eabi/lib/thumb/v7e-m\libc.a(lib_a-locale.o)
                                  0x2 (size before relaxing)
 .rodata._ctype_
                0x004089c4      0x101 c:/program files (x86)/atmel/studio/7.0/toolchain/arm/arm-gnu-toolchain/bin/../lib/gcc/arm-none-eabi/6.3.1/../../../../arm-none-eabi/lib/thumb/v7e-m\libc.a(lib_a-ctype_.o)
                0x004089c4                _ctype_
 *(.ARM.extab* .gnu.linkonce.armextab.*)
                0x00408ac8                . = ALIGN (0x4)
 *fill*         0x00408ac5        0x3 
 *(.init)
 .init          0x00408ac8        0x4 c:/program files (x86)/atmel/studio/7.0/toolchain/arm/arm-gnu-toolchain/bin/../lib/gcc/arm-none-eabi/6.3.1/thumb/v7e-m/crti.o
                0x00408ac8                _init
 .init          0x00408acc        0x8 c:/program files (x86)/atmel/studio/7.0/toolchain/arm/arm-gnu-toolchain/bin/../lib/gcc/arm-none-eabi/6.3.1/thumb/v7e-m/crtn.o
                0x00408ad4                . = ALIGN (0x4)
                0x00408ad4                __preinit_array_start = .
 *(.preinit_array)
                0x00408ad4                __preinit_array_end = .
                0x00408ad4                . = ALIGN (0x4)
                0x00408ad4                __init_array_start = .
 *(SORT(.init_array.*))
 .init_array.00000
                0x00408ad4        0x4 c:/program files (x86)/atmel/studio/7.0/toolchain/arm/arm-gnu-toolchain/bin/../lib/gcc/arm-none-eabi/6.3.1/../../../../arm-none-eabi/lib/thumb/v7e-m\libc.a(lib_a-__call_atexit.o)
 *(.init_array)
 .init_array    0x00408ad8        0x4 c:/program files (x86)/atmel/studio/7.0/toolchain/arm/arm-gnu-toolchain/bin/../lib/gcc/arm-none-eabi/6.3.1/thumb/v7e-m/crtbegin.o
                0x00408adc                __init_array_end = .
                0x00408adc                . = ALIGN (0x4)
 *crtbegin.o(.ctors)
 *(EXCLUDE_FILE(*crtend.o) .ctors)
 *(SORT(.ctors.*))
 *crtend.o(.ctors)
                0x00408adc                . = ALIGN (0x4)
 *(.fini)
 .fini          0x00408adc        0x4 c:/program files (x86)/atmel/studio/7.0/toolchain/arm/arm-gnu-toolchain/bin/../lib/gcc/arm-none-eabi/6.3.1/thumb/v7e-m/crti.o
                0x00408adc                _fini
 .fini          0x00408ae0        0x8 c:/program files (x86)/atmel/studio/7.0/toolchain/arm/arm-gnu-toolchain/bin/../lib/gcc/arm-none-eabi/6.3.1/thumb/v7e-m/crtn.o
                0x00408ae8                . = ALIGN (0x4)
                0x00408ae8                __fini_array_start = .
 *(.fini_array)
 .fini_array    0x00408ae8        0x4 c:/program files (x86)/atmel/studio/7.0/toolchain/arm/arm-gnu-toolchain/bin/../lib/gcc/arm-none-eabi/6.3.1/thumb/v7e-m/crtbegin.o
 *(SORT(.fini_array.*))
                0x00408aec                __fini_array_end = .
 *crtbegin.o(.dtors)
 *(EXCLUDE_FILE(*crtend.o) .dtors)
 *(SORT(.dtors.*))
 *crtend.o(.dtors)
                0x00408aec                . = ALIGN (0x4)
                0x00408aec                _efixed = .
                [!provide]                PROVIDE (__exidx_start, .)

.vfp11_veneer   0x00408aec        0x0
 .vfp11_veneer  0x00408aec        0x0 linker stubs

.v4_bx          0x00408aec        0x0
 .v4_bx         0x00408aec        0x0 linker stubs

.iplt           0x00408aec        0x0
 .iplt          0x00408aec        0x0 c:/program files (x86)/atmel/studio/7.0/toolchain/arm/arm-gnu-toolchain/bin/../lib/gcc/arm-none-eabi/6.3.1/thumb/v7e-m/crtbegin.o

.ARM.exidx      0x00408aec        0x8
 *(.ARM.exidx* .gnu.linkonce.armexidx.*)
 .ARM.exidx     0x00408aec        0x8 c:/program files (x86)/atmel/studio/7.0/toolchain/arm/arm-gnu-toolchain/bin/../lib/gcc/arm-none-eabi/6.3.1/thumb/v7e-m\libgcc.a(_udivmoddi4.o)
                [!provide]                PROVIDE (__exidx_end, .)

.eh_frame       0x00408af4        0x0
 .eh_frame      0x00408af4        0x0 c:/program files (x86)/atmel/studio/7.0/toolchain/arm/arm-gnu-toolchain/bin/../lib/gcc/arm-none-eabi/6.3.1/thumb/v7e-m/crtbegin.o

.rel.dyn        0x00408af4        0x0
 .rel.iplt      0x00408af4        0x0 c:/program files (x86)/atmel/studio/7.0/toolchain/arm/arm-gnu-toolchain/bin/../lib/gcc/arm-none-eabi/6.3.1/thumb/v7e-m/crtbegin.o

.jcr            0x00408af4        0x0
 .jcr           0x00408af4        0x0 c:/program files (x86)/atmel/studio/7.0/toolchain/arm/arm-gnu-toolchain/bin/../lib/gcc/arm-none-eabi/6.3.1/thumb/v7e-m/crtbegin.o

.igot.plt       0x00408af4        0x0
 .igot.plt      0x00408af4        0x0 c:/program files (x86)/atmel/studio/7.0/toolchain/arm/arm-gnu-toolchain/bin/../lib/gcc/arm-none-eabi/6.3.1/thumb/v7e-m/crtbegin.o
                0x00408af4                . = ALIGN (0x4)
                0x00408af4                _etext = .

.relocate       0x20400000      0x9e0 load address 0x00408af4
                0x20400000                . = ALIGN (0x4)
                0x20400000                _srelocate = .
 *(.ramfunc .ramfunc.*)
 .ramfunc       0x20400000        0xa src/ASF/common/services/delay/sam/cycle_counter.o
                0x20400000                portable_delay_cycles
 *(.data .data.*)
 *fill*         0x2040000a        0x2 
 .data.sysfont  0x2040000c        0xc src/oled/sysfont.o
                0x2040000c                sysfont
 .data.g_interrupt_enabled
                0x20400018        0x1 src/ASF/common/utils/interrupt/interrupt_sam_nvic.o
                0x20400018                g_interrupt_enabled
 *fill*         0x20400019        0x3 
 .data.ul_flash_in_wait_mode
                0x2040001c        0x4 src/ASF/sam/drivers/pmc/pmc.o
 .data.SystemCoreClock
                0x20400020        0x4 src/ASF/sam/utils/cmsis/same70/source/templates/system_same70.o
                0x20400020                SystemCoreClock
 *fill*         0x20400024        0x4 
 .data.freq     0x20400028        0x8 src/main.o
                0x20400028                freq
 .data._impure_ptr
                0x20400030        0x4 c:/program files (x86)/atmel/studio/7.0/toolchain/arm/arm-gnu-toolchain/bin/../lib/gcc/arm-none-eabi/6.3.1/../../../../arm-none-eabi/lib/thumb/v7e-m\libc.a(lib_a-impure.o)
                0x20400030                _impure_ptr
 *fill*         0x20400034        0x4 
 .data.impure_data
                0x20400038      0x428 c:/program files (x86)/atmel/studio/7.0/toolchain/arm/arm-gnu-toolchain/bin/../lib/gcc/arm-none-eabi/6.3.1/../../../../arm-none-eabi/lib/thumb/v7e-m\libc.a(lib_a-impure.o)
 .data.__atexit_recursive_mutex
                0x20400460        0x4 c:/program files (x86)/atmel/studio/7.0/toolchain/arm/arm-gnu-toolchain/bin/../lib/gcc/arm-none-eabi/6.3.1/../../../../arm-none-eabi/lib/thumb/v7e-m\libc.a(lib_a-__call_atexit.o)
                0x20400460                __atexit_recursive_mutex
 .data.__malloc_av_
                0x20400464      0x408 c:/program files (x86)/atmel/studio/7.0/toolchain/arm/arm-gnu-toolchain/bin/../lib/gcc/arm-none-eabi/6.3.1/../../../../arm-none-eabi/lib/thumb/v7e-m\libc.a(lib_a-mallocr.o)
                0x20400464                __malloc_av_
 .data.__malloc_sbrk_base
                0x2040086c        0x4 c:/program files (x86)/atmel/studio/7.0/toolchain/arm/arm-gnu-toolchain/bin/../lib/gcc/arm-none-eabi/6.3.1/../../../../arm-none-eabi/lib/thumb/v7e-m\libc.a(lib_a-mallocr.o)
                0x2040086c                __malloc_sbrk_base
 .data.__malloc_trim_threshold
                0x20400870        0x4 c:/program files (x86)/atmel/studio/7.0/toolchain/arm/arm-gnu-toolchain/bin/../lib/gcc/arm-none-eabi/6.3.1/../../../../arm-none-eabi/lib/thumb/v7e-m\libc.a(lib_a-mallocr.o)
                0x20400870                __malloc_trim_threshold
 .data.__global_locale
                0x20400874      0x16c c:/program files (x86)/atmel/studio/7.0/toolchain/arm/arm-gnu-toolchain/bin/../lib/gcc/arm-none-eabi/6.3.1/../../../../arm-none-eabi/lib/thumb/v7e-m\libc.a(lib_a-locale.o)
                0x20400874                __global_locale
                0x204009e0                . = ALIGN (0x4)
                0x204009e0                _erelocate = .

.bss            0x204009e0      0x308 load address 0x004094d4
                0x204009e0                . = ALIGN (0x4)
                0x204009e0                _sbss = .
                0x204009e0                _szero = .
 *(.bss .bss.*)
 .bss           0x204009e0       0x1c c:/program files (x86)/atmel/studio/7.0/toolchain/arm/arm-gnu-toolchain/bin/../lib/gcc/arm-none-eabi/6.3.1/thumb/v7e-m/crtbegin.o
 .bss.g_wobits_in_rtt_mr
                0x204009fc        0x4 src/ASF/sam/drivers/rtt/rtt.o
 .bss.fbpointer
                0x20400a00        0x4 src/oled/gfx_mono_framebuffer.o
 .bss.framebuffer
                0x20400a04      0x200 src/oled/gfx_mono_ug_2832hsweg04.o
 .bss.gs_interrupt_sources
                0x20400c04       0x70 src/ASF/sam/drivers/pio/pio_handler.o
 .bss.gs_ul_nb_sources
                0x20400c74        0x4 src/ASF/sam/drivers/pio/pio_handler.o
 .bss.b_is_sleep_clock_used
                0x20400c78        0x1 src/ASF/sam/drivers/pmc/sleep.o
 *fill*         0x20400c79        0x3 
 .bss.callback_clocks_restored
                0x20400c7c        0x4 src/ASF/sam/drivers/pmc/sleep.o
 .bss.heap.6420
                0x20400c80        0x4 src/ASF/sam/utils/syscalls/gcc/syscalls.o
 .bss.tempo     0x20400c84        0x4 src/main.o
                0x20400c84                tempo
 .bss.but_flag  0x20400c88        0x1 src/main.o
                0x20400c88                but_flag
 .bss.echo_flag
                0x20400c89        0x1 src/main.o
                0x20400c89                echo_flag
 .bss.display_flag
                0x20400c8a        0x1 src/main.o
                0x20400c8a                display_flag
 *fill*         0x20400c8b        0x1 
 .bss.__malloc_current_mallinfo
                0x20400c8c       0x28 c:/program files (x86)/atmel/studio/7.0/toolchain/arm/arm-gnu-toolchain/bin/../lib/gcc/arm-none-eabi/6.3.1/../../../../arm-none-eabi/lib/thumb/v7e-m\libc.a(lib_a-mallocr.o)
                0x20400c8c                __malloc_current_mallinfo
 .bss.__malloc_max_sbrked_mem
                0x20400cb4        0x4 c:/program files (x86)/atmel/studio/7.0/toolchain/arm/arm-gnu-toolchain/bin/../lib/gcc/arm-none-eabi/6.3.1/../../../../arm-none-eabi/lib/thumb/v7e-m\libc.a(lib_a-mallocr.o)
                0x20400cb4                __malloc_max_sbrked_mem
 .bss.__malloc_max_total_mem
                0x20400cb8        0x4 c:/program files (x86)/atmel/studio/7.0/toolchain/arm/arm-gnu-toolchain/bin/../lib/gcc/arm-none-eabi/6.3.1/../../../../arm-none-eabi/lib/thumb/v7e-m\libc.a(lib_a-mallocr.o)
                0x20400cb8                __malloc_max_total_mem
 .bss.__malloc_top_pad
                0x20400cbc        0x4 c:/program files (x86)/atmel/studio/7.0/toolchain/arm/arm-gnu-toolchain/bin/../lib/gcc/arm-none-eabi/6.3.1/../../../../arm-none-eabi/lib/thumb/v7e-m\libc.a(lib_a-mallocr.o)
                0x20400cbc                __malloc_top_pad
 *(COMMON)
 COMMON         0x20400cc0       0x21 c:/program files (x86)/atmel/studio/7.0/toolchain/arm/arm-gnu-toolchain/bin/../lib/gcc/arm-none-eabi/6.3.1/../../../../arm-none-eabi/lib/thumb/v7e-m\libc.a(lib_a-lock.o)
                0x20400cc0                __lock___atexit_recursive_mutex
                0x20400cc4                __lock___arc4random_mutex
                0x20400cc8                __lock___env_recursive_mutex
                0x20400ccc                __lock___sinit_recursive_mutex
                0x20400cd0                __lock___malloc_recursive_mutex
                0x20400cd4                __lock___at_quick_exit_mutex
                0x20400cd8                __lock___dd_hash_mutex
                0x20400cdc                __lock___tz_mutex
                0x20400ce0                __lock___sfp_recursive_mutex
 *fill*         0x20400ce1        0x3 
 COMMON         0x20400ce4        0x4 c:/program files (x86)/atmel/studio/7.0/toolchain/arm/arm-gnu-toolchain/bin/../lib/gcc/arm-none-eabi/6.3.1/../../../../arm-none-eabi/lib/thumb/v7e-m\libc.a(lib_a-reent.o)
                0x20400ce4                errno
                0x20400ce8                . = ALIGN (0x4)
                0x20400ce8                _ebss = .
                0x20400ce8                _ezero = .

.stack          0x20400ce8     0x2000 load address 0x004097dc
                0x20400ce8                . = ALIGN (0x8)
                0x20400ce8                _sstack = .
                0x20402ce8                . = (. + STACK_SIZE)
 *fill*         0x20400ce8     0x2000 
                0x20402ce8                . = ALIGN (0x8)
                0x20402ce8                _estack = .

.heap           0x20402ce8      0x200 load address 0x0040b7dc
                0x20402ce8                . = ALIGN (0x8)
                0x20402ce8                _sheap = .
                0x20402ee8                . = (. + HEAP_SIZE)
 *fill*         0x20402ce8      0x200 
                0x20402ee8                . = ALIGN (0x8)
                0x20402ee8                _eheap = .
                0x20402ee8                . = ALIGN (0x4)
                0x20402ee8                _end = .
                0x2045ffff                _ram_end_ = ((ORIGIN (ram) + LENGTH (ram)) - 0x1)
OUTPUT(OLED1.elf elf32-littlearm)

.ARM.attributes
                0x00000000       0x2e
 .ARM.attributes
                0x00000000       0x1e c:/program files (x86)/atmel/studio/7.0/toolchain/arm/arm-gnu-toolchain/bin/../lib/gcc/arm-none-eabi/6.3.1/thumb/v7e-m/crti.o
 .ARM.attributes
                0x0000001e       0x2e c:/program files (x86)/atmel/studio/7.0/toolchain/arm/arm-gnu-toolchain/bin/../lib/gcc/arm-none-eabi/6.3.1/thumb/v7e-m/crtbegin.o
 .ARM.attributes
                0x0000004c       0x37 src/ASF/sam/drivers/rtt/rtt.o
 .ARM.attributes
                0x00000083       0x37 src/ASF/sam/drivers/spi/spi.o
 .ARM.attributes
                0x000000ba       0x37 src/oled/gfx_mono_framebuffer.o
 .ARM.attributes
                0x000000f1       0x37 src/oled/gfx_mono_generic.o
 .ARM.attributes
                0x00000128       0x37 src/oled/gfx_mono_text.o
 .ARM.attributes
                0x0000015f       0x37 src/oled/gfx_mono_ug_2832hsweg04.o
 .ARM.attributes
                0x00000196       0x37 src/oled/ssd1306.o
 .ARM.attributes
                0x000001cd       0x37 src/oled/sysfont.o
 .ARM.attributes
                0x00000204       0x37 src/ASF/common/services/delay/sam/cycle_counter.o
 .ARM.attributes
                0x0000023b       0x37 src/ASF/common/services/clock/same70/sysclk.o
 .ARM.attributes
                0x00000272       0x37 src/ASF/common/utils/interrupt/interrupt_sam_nvic.o
 .ARM.attributes
                0x000002a9       0x37 src/ASF/sam/boards/same70_xplained/init.o
 .ARM.attributes
                0x000002e0       0x37 src/ASF/sam/drivers/pio/pio.o
 .ARM.attributes
                0x00000317       0x37 src/ASF/sam/drivers/pio/pio_handler.o
 .ARM.attributes
                0x0000034e       0x37 src/ASF/sam/drivers/pmc/pmc.o
 .ARM.attributes
                0x00000385       0x37 src/ASF/sam/drivers/pmc/sleep.o
 .ARM.attributes
                0x000003bc       0x37 src/ASF/sam/utils/cmsis/same70/source/templates/gcc/startup_same70.o
 .ARM.attributes
                0x000003f3       0x37 src/ASF/sam/utils/cmsis/same70/source/templates/system_same70.o
 .ARM.attributes
                0x0000042a       0x37 src/ASF/sam/utils/syscalls/gcc/syscalls.o
 .ARM.attributes
                0x00000461       0x37 src/main.o
 .ARM.attributes
                0x00000498       0x1e c:/program files (x86)/atmel/studio/7.0/toolchain/arm/arm-gnu-toolchain/bin/../lib/gcc/arm-none-eabi/6.3.1/thumb/v7e-m\libgcc.a(_arm_addsubdf3.o)
 .ARM.attributes
                0x000004b6       0x1e c:/program files (x86)/atmel/studio/7.0/toolchain/arm/arm-gnu-toolchain/bin/../lib/gcc/arm-none-eabi/6.3.1/thumb/v7e-m\libgcc.a(_arm_muldivdf3.o)
 .ARM.attributes
                0x000004d4       0x1e c:/program files (x86)/atmel/studio/7.0/toolchain/arm/arm-gnu-toolchain/bin/../lib/gcc/arm-none-eabi/6.3.1/thumb/v7e-m\libgcc.a(_arm_truncdfsf2.o)
 .ARM.attributes
                0x000004f2       0x1e c:/program files (x86)/atmel/studio/7.0/toolchain/arm/arm-gnu-toolchain/bin/../lib/gcc/arm-none-eabi/6.3.1/thumb/v7e-m\libgcc.a(_aeabi_uldivmod.o)
 .ARM.attributes
                0x00000510       0x2e c:/program files (x86)/atmel/studio/7.0/toolchain/arm/arm-gnu-toolchain/bin/../lib/gcc/arm-none-eabi/6.3.1/thumb/v7e-m\libgcc.a(_udivmoddi4.o)
 .ARM.attributes
                0x0000053e       0x1e c:/program files (x86)/atmel/studio/7.0/toolchain/arm/arm-gnu-toolchain/bin/../lib/gcc/arm-none-eabi/6.3.1/thumb/v7e-m\libgcc.a(_dvmd_tls.o)
 .ARM.attributes
                0x0000055c       0x2e c:/program files (x86)/atmel/studio/7.0/toolchain/arm/arm-gnu-toolchain/bin/../lib/gcc/arm-none-eabi/6.3.1/../../../../arm-none-eabi/lib/thumb/v7e-m\libc.a(lib_a-impure.o)
 .ARM.attributes
                0x0000058a       0x2e c:/program files (x86)/atmel/studio/7.0/toolchain/arm/arm-gnu-toolchain/bin/../lib/gcc/arm-none-eabi/6.3.1/../../../../arm-none-eabi/lib/thumb/v7e-m\libc.a(lib_a-init.o)
 .ARM.attributes
                0x000005b8       0x2e c:/program files (x86)/atmel/studio/7.0/toolchain/arm/arm-gnu-toolchain/bin/../lib/gcc/arm-none-eabi/6.3.1/../../../../arm-none-eabi/lib/thumb/v7e-m\libc.a(lib_a-memset.o)
 .ARM.attributes
                0x000005e6       0x2e c:/program files (x86)/atmel/studio/7.0/toolchain/arm/arm-gnu-toolchain/bin/../lib/gcc/arm-none-eabi/6.3.1/../../../../arm-none-eabi/lib/thumb/v7e-m\libc.a(lib_a-sprintf.o)
 .ARM.attributes
                0x00000614       0x2e c:/program files (x86)/atmel/studio/7.0/toolchain/arm/arm-gnu-toolchain/bin/../lib/gcc/arm-none-eabi/6.3.1/../../../../arm-none-eabi/lib/thumb/v7e-m\libc.a(lib_a-svfprintf.o)
 .ARM.attributes
                0x00000642       0x2e c:/program files (x86)/atmel/studio/7.0/toolchain/arm/arm-gnu-toolchain/bin/../lib/gcc/arm-none-eabi/6.3.1/../../../../arm-none-eabi/lib/thumb/v7e-m\libc.a(lib_a-__call_atexit.o)
 .ARM.attributes
                0x00000670       0x2e c:/program files (x86)/atmel/studio/7.0/toolchain/arm/arm-gnu-toolchain/bin/../lib/gcc/arm-none-eabi/6.3.1/../../../../arm-none-eabi/lib/thumb/v7e-m\libc.a(lib_a-atexit.o)
 .ARM.attributes
                0x0000069e       0x2e c:/program files (x86)/atmel/studio/7.0/toolchain/arm/arm-gnu-toolchain/bin/../lib/gcc/arm-none-eabi/6.3.1/../../../../arm-none-eabi/lib/thumb/v7e-m\libc.a(lib_a-dtoa.o)
 .ARM.attributes
                0x000006cc       0x2e c:/program files (x86)/atmel/studio/7.0/toolchain/arm/arm-gnu-toolchain/bin/../lib/gcc/arm-none-eabi/6.3.1/../../../../arm-none-eabi/lib/thumb/v7e-m\libc.a(lib_a-fini.o)
 .ARM.attributes
                0x000006fa       0x2e c:/program files (x86)/atmel/studio/7.0/toolchain/arm/arm-gnu-toolchain/bin/../lib/gcc/arm-none-eabi/6.3.1/../../../../arm-none-eabi/lib/thumb/v7e-m\libc.a(lib_a-localeconv.o)
 .ARM.attributes
                0x00000728       0x2e c:/program files (x86)/atmel/studio/7.0/toolchain/arm/arm-gnu-toolchain/bin/../lib/gcc/arm-none-eabi/6.3.1/../../../../arm-none-eabi/lib/thumb/v7e-m\libc.a(lib_a-lock.o)
 .ARM.attributes
                0x00000756       0x2e c:/program files (x86)/atmel/studio/7.0/toolchain/arm/arm-gnu-toolchain/bin/../lib/gcc/arm-none-eabi/6.3.1/../../../../arm-none-eabi/lib/thumb/v7e-m\libc.a(lib_a-mallocr.o)
 .ARM.attributes
                0x00000784       0x1c c:/program files (x86)/atmel/studio/7.0/toolchain/arm/arm-gnu-toolchain/bin/../lib/gcc/arm-none-eabi/6.3.1/../../../../arm-none-eabi/lib/thumb/v7e-m\libc.a(lib_a-memchr.o)
 .ARM.attributes
                0x000007a0       0x1c c:/program files (x86)/atmel/studio/7.0/toolchain/arm/arm-gnu-toolchain/bin/../lib/gcc/arm-none-eabi/6.3.1/../../../../arm-none-eabi/lib/thumb/v7e-m\libc.a(lib_a-memcpy.o)
 .ARM.attributes
                0x000007bc       0x2e c:/program files (x86)/atmel/studio/7.0/toolchain/arm/arm-gnu-toolchain/bin/../lib/gcc/arm-none-eabi/6.3.1/../../../../arm-none-eabi/lib/thumb/v7e-m\libc.a(lib_a-mlock.o)
 .ARM.attributes
                0x000007ea       0x2e c:/program files (x86)/atmel/studio/7.0/toolchain/arm/arm-gnu-toolchain/bin/../lib/gcc/arm-none-eabi/6.3.1/../../../../arm-none-eabi/lib/thumb/v7e-m\libc.a(lib_a-mprec.o)
 .ARM.attributes
                0x00000818       0x2e c:/program files (x86)/atmel/studio/7.0/toolchain/arm/arm-gnu-toolchain/bin/../lib/gcc/arm-none-eabi/6.3.1/../../../../arm-none-eabi/lib/thumb/v7e-m\libc.a(lib_a-sbrkr.o)
 .ARM.attributes
                0x00000846       0x1c c:/program files (x86)/atmel/studio/7.0/toolchain/arm/arm-gnu-toolchain/bin/../lib/gcc/arm-none-eabi/6.3.1/../../../../arm-none-eabi/lib/thumb/v7e-m\libc.a(lib_a-strlen.o)
 .ARM.attributes
                0x00000862       0x2e c:/program files (x86)/atmel/studio/7.0/toolchain/arm/arm-gnu-toolchain/bin/../lib/gcc/arm-none-eabi/6.3.1/../../../../arm-none-eabi/lib/thumb/v7e-m\libc.a(lib_a-svfiprintf.o)
 .ARM.attributes
                0x00000890       0x2e c:/program files (x86)/atmel/studio/7.0/toolchain/arm/arm-gnu-toolchain/bin/../lib/gcc/arm-none-eabi/6.3.1/../../../../arm-none-eabi/lib/thumb/v7e-m\libc.a(lib_a-__atexit.o)
 .ARM.attributes
                0x000008be       0x2e c:/program files (x86)/atmel/studio/7.0/toolchain/arm/arm-gnu-toolchain/bin/../lib/gcc/arm-none-eabi/6.3.1/../../../../arm-none-eabi/lib/thumb/v7e-m\libc.a(lib_a-callocr.o)
 .ARM.attributes
                0x000008ec       0x2e c:/program files (x86)/atmel/studio/7.0/toolchain/arm/arm-gnu-toolchain/bin/../lib/gcc/arm-none-eabi/6.3.1/../../../../arm-none-eabi/lib/thumb/v7e-m\libc.a(lib_a-freer.o)
 .ARM.attributes
                0x0000091a       0x2e c:/program files (x86)/atmel/studio/7.0/toolchain/arm/arm-gnu-toolchain/bin/../lib/gcc/arm-none-eabi/6.3.1/../../../../arm-none-eabi/lib/thumb/v7e-m\libc.a(lib_a-locale.o)
 .ARM.attributes
                0x00000948       0x2e c:/program files (x86)/atmel/studio/7.0/toolchain/arm/arm-gnu-toolchain/bin/../lib/gcc/arm-none-eabi/6.3.1/../../../../arm-none-eabi/lib/thumb/v7e-m\libc.a(lib_a-mbtowc_r.o)
 .ARM.attributes
                0x00000976       0x2e c:/program files (x86)/atmel/studio/7.0/toolchain/arm/arm-gnu-toolchain/bin/../lib/gcc/arm-none-eabi/6.3.1/../../../../arm-none-eabi/lib/thumb/v7e-m\libc.a(lib_a-memmove.o)
 .ARM.attributes
                0x000009a4       0x2e c:/program files (x86)/atmel/studio/7.0/toolchain/arm/arm-gnu-toolchain/bin/../lib/gcc/arm-none-eabi/6.3.1/../../../../arm-none-eabi/lib/thumb/v7e-m\libc.a(lib_a-reallocr.o)
 .ARM.attributes
                0x000009d2       0x2e c:/program files (x86)/atmel/studio/7.0/toolchain/arm/arm-gnu-toolchain/bin/../lib/gcc/arm-none-eabi/6.3.1/../../../../arm-none-eabi/lib/thumb/v7e-m\libc.a(lib_a-reent.o)
 .ARM.attributes
                0x00000a00       0x2e c:/program files (x86)/atmel/studio/7.0/toolchain/arm/arm-gnu-toolchain/bin/../lib/gcc/arm-none-eabi/6.3.1/../../../../arm-none-eabi/lib/thumb/v7e-m\libc.a(lib_a-wctomb_r.o)
 .ARM.attributes
                0x00000a2e       0x2e c:/program files (x86)/atmel/studio/7.0/toolchain/arm/arm-gnu-toolchain/bin/../lib/gcc/arm-none-eabi/6.3.1/../../../../arm-none-eabi/lib/thumb/v7e-m\libc.a(lib_a-ctype_.o)
 .ARM.attributes
                0x00000a5c       0x1e c:/program files (x86)/atmel/studio/7.0/toolchain/arm/arm-gnu-toolchain/bin/../lib/gcc/arm-none-eabi/6.3.1/thumb/v7e-m\libgcc.a(_arm_cmpdf2.o)
 .ARM.attributes
                0x00000a7a       0x1e c:/program files (x86)/atmel/studio/7.0/toolchain/arm/arm-gnu-toolchain/bin/../lib/gcc/arm-none-eabi/6.3.1/thumb/v7e-m\libgcc.a(_arm_unorddf2.o)
 .ARM.attributes
                0x00000a98       0x1e c:/program files (x86)/atmel/studio/7.0/toolchain/arm/arm-gnu-toolchain/bin/../lib/gcc/arm-none-eabi/6.3.1/thumb/v7e-m\libgcc.a(_arm_fixdfsi.o)
 .ARM.attributes
                0x00000ab6       0x1e c:/program files (x86)/atmel/studio/7.0/toolchain/arm/arm-gnu-toolchain/bin/../lib/gcc/arm-none-eabi/6.3.1/thumb/v7e-m/crtn.o

.comment        0x00000000       0x59
 .comment       0x00000000       0x59 src/ASF/sam/drivers/rtt/rtt.o
                                 0x5a (size before relaxing)
 .comment       0x00000059       0x5a src/ASF/sam/drivers/spi/spi.o
 .comment       0x00000059       0x5a src/oled/gfx_mono_framebuffer.o
 .comment       0x00000059       0x5a src/oled/gfx_mono_generic.o
 .comment       0x00000059       0x5a src/oled/gfx_mono_text.o
 .comment       0x00000059       0x5a src/oled/gfx_mono_ug_2832hsweg04.o
 .comment       0x00000059       0x5a src/oled/ssd1306.o
 .comment       0x00000059       0x5a src/oled/sysfont.o
 .comment       0x00000059       0x5a src/ASF/common/services/delay/sam/cycle_counter.o
 .comment       0x00000059       0x5a src/ASF/common/services/clock/same70/sysclk.o
 .comment       0x00000059       0x5a src/ASF/common/utils/interrupt/interrupt_sam_nvic.o
 .comment       0x00000059       0x5a src/ASF/sam/boards/same70_xplained/init.o
 .comment       0x00000059       0x5a src/ASF/sam/drivers/pio/pio.o
 .comment       0x00000059       0x5a src/ASF/sam/drivers/pio/pio_handler.o
 .comment       0x00000059       0x5a src/ASF/sam/drivers/pmc/pmc.o
 .comment       0x00000059       0x5a src/ASF/sam/drivers/pmc/sleep.o
 .comment       0x00000059       0x5a src/ASF/sam/utils/cmsis/same70/source/templates/gcc/startup_same70.o
 .comment       0x00000059       0x5a src/ASF/sam/utils/cmsis/same70/source/templates/system_same70.o
 .comment       0x00000059       0x5a src/ASF/sam/utils/syscalls/gcc/syscalls.o
 .comment       0x00000059       0x5a src/main.o

.debug_info     0x00000000    0x17786
 .debug_info    0x00000000      0xcaf src/ASF/sam/drivers/rtt/rtt.o
 .debug_info    0x00000caf     0x10ff src/ASF/sam/drivers/spi/spi.o
 .debug_info    0x00001dae      0xd8d src/oled/gfx_mono_framebuffer.o
 .debug_info    0x00002b3b     0x1162 src/oled/gfx_mono_generic.o
 .debug_info    0x00003c9d      0xed0 src/oled/gfx_mono_text.o
 .debug_info    0x00004b6d      0xf4a src/oled/gfx_mono_ug_2832hsweg04.o
 .debug_info    0x00005ab7     0x1c41 src/oled/ssd1306.o
 .debug_info    0x000076f8      0xb06 src/oled/sysfont.o
 .debug_info    0x000081fe      0xa45 src/ASF/common/services/delay/sam/cycle_counter.o
 .debug_info    0x00008c43     0x12d4 src/ASF/common/services/clock/same70/sysclk.o
 .debug_info    0x00009f17      0xb06 src/ASF/common/utils/interrupt/interrupt_sam_nvic.o
 .debug_info    0x0000aa1d     0x1c75 src/ASF/sam/boards/same70_xplained/init.o
 .debug_info    0x0000c692     0x1cbf src/ASF/sam/drivers/pio/pio.o
 .debug_info    0x0000e351     0x1a18 src/ASF/sam/drivers/pio/pio_handler.o
 .debug_info    0x0000fd69     0x1df9 src/ASF/sam/drivers/pmc/pmc.o
 .debug_info    0x00011b62     0x1635 src/ASF/sam/drivers/pmc/sleep.o
 .debug_info    0x00013197     0x157c src/ASF/sam/utils/cmsis/same70/source/templates/gcc/startup_same70.o
 .debug_info    0x00014713      0x55f src/ASF/sam/utils/cmsis/same70/source/templates/system_same70.o
 .debug_info    0x00014c72      0xdbc src/ASF/sam/utils/syscalls/gcc/syscalls.o
 .debug_info    0x00015a2e     0x1d58 src/main.o

.debug_abbrev   0x00000000     0x330f
 .debug_abbrev  0x00000000      0x203 src/ASF/sam/drivers/rtt/rtt.o
 .debug_abbrev  0x00000203      0x2c2 src/ASF/sam/drivers/spi/spi.o
 .debug_abbrev  0x000004c5      0x21c src/oled/gfx_mono_framebuffer.o
 .debug_abbrev  0x000006e1      0x270 src/oled/gfx_mono_generic.o
 .debug_abbrev  0x00000951      0x286 src/oled/gfx_mono_text.o
 .debug_abbrev  0x00000bd7      0x2bb src/oled/gfx_mono_ug_2832hsweg04.o
 .debug_abbrev  0x00000e92      0x3e3 src/oled/ssd1306.o
 .debug_abbrev  0x00001275      0x1b6 src/oled/sysfont.o
 .debug_abbrev  0x0000142b      0x1b3 src/ASF/common/services/delay/sam/cycle_counter.o
 .debug_abbrev  0x000015de      0x296 src/ASF/common/services/clock/same70/sysclk.o
 .debug_abbrev  0x00001874      0x214 src/ASF/common/utils/interrupt/interrupt_sam_nvic.o
 .debug_abbrev  0x00001a88      0x3eb src/ASF/sam/boards/same70_xplained/init.o
 .debug_abbrev  0x00001e73      0x296 src/ASF/sam/drivers/pio/pio.o
 .debug_abbrev  0x00002109      0x2c9 src/ASF/sam/drivers/pio/pio_handler.o
 .debug_abbrev  0x000023d2      0x2c5 src/ASF/sam/drivers/pmc/pmc.o
 .debug_abbrev  0x00002697      0x2df src/ASF/sam/drivers/pmc/sleep.o
 .debug_abbrev  0x00002976      0x2e8 src/ASF/sam/utils/cmsis/same70/source/templates/gcc/startup_same70.o
 .debug_abbrev  0x00002c5e      0x102 src/ASF/sam/utils/cmsis/same70/source/templates/system_same70.o
 .debug_abbrev  0x00002d60      0x22a src/ASF/sam/utils/syscalls/gcc/syscalls.o
 .debug_abbrev  0x00002f8a      0x385 src/main.o

.debug_loc      0x00000000     0x5a56
 .debug_loc     0x00000000      0x330 src/ASF/sam/drivers/rtt/rtt.o
 .debug_loc     0x00000330      0x630 src/ASF/sam/drivers/spi/spi.o
 .debug_loc     0x00000960      0x2bc src/oled/gfx_mono_framebuffer.o
 .debug_loc     0x00000c1c      0x280 src/oled/gfx_mono_generic.o
 .debug_loc     0x00000e9c      0x1f8 src/oled/gfx_mono_text.o
 .debug_loc     0x00001094      0x3c0 src/oled/gfx_mono_ug_2832hsweg04.o
 .debug_loc     0x00001454      0x6e8 src/oled/ssd1306.o
 .debug_loc     0x00001b3c      0x4a0 src/ASF/common/services/clock/same70/sysclk.o
 .debug_loc     0x00001fdc       0xa0 src/ASF/common/utils/interrupt/interrupt_sam_nvic.o
 .debug_loc     0x0000207c      0x2fc src/ASF/sam/boards/same70_xplained/init.o
 .debug_loc     0x00002378     0x1174 src/ASF/sam/drivers/pio/pio.o
 .debug_loc     0x000034ec      0x38c src/ASF/sam/drivers/pio/pio_handler.o
 .debug_loc     0x00003878     0x172c src/ASF/sam/drivers/pmc/pmc.o
 .debug_loc     0x00004fa4       0xe6 src/ASF/sam/drivers/pmc/sleep.o
 .debug_loc     0x0000508a      0x16c src/ASF/sam/utils/cmsis/same70/source/templates/gcc/startup_same70.o
 .debug_loc     0x000051f6       0xe4 src/ASF/sam/utils/cmsis/same70/source/templates/system_same70.o
 .debug_loc     0x000052da      0x300 src/ASF/sam/utils/syscalls/gcc/syscalls.o
 .debug_loc     0x000055da      0x47c src/main.o

.debug_aranges  0x00000000      0xab8
 .debug_aranges
                0x00000000       0x60 src/ASF/sam/drivers/rtt/rtt.o
 .debug_aranges
                0x00000060       0xa8 src/ASF/sam/drivers/spi/spi.o
 .debug_aranges
                0x00000108       0x58 src/oled/gfx_mono_framebuffer.o
 .debug_aranges
                0x00000160       0x58 src/oled/gfx_mono_generic.o
 .debug_aranges
                0x000001b8       0x48 src/oled/gfx_mono_text.o
 .debug_aranges
                0x00000200       0x78 src/oled/gfx_mono_ug_2832hsweg04.o
 .debug_aranges
                0x00000278       0xd0 src/oled/ssd1306.o
 .debug_aranges
                0x00000348       0x18 src/oled/sysfont.o
 .debug_aranges
                0x00000360       0x20 src/ASF/common/services/delay/sam/cycle_counter.o
 .debug_aranges
                0x00000380       0x98 src/ASF/common/services/clock/same70/sysclk.o
 .debug_aranges
                0x00000418       0x28 src/ASF/common/utils/interrupt/interrupt_sam_nvic.o
 .debug_aranges
                0x00000440       0x68 src/ASF/sam/boards/same70_xplained/init.o
 .debug_aranges
                0x000004a8      0x1a8 src/ASF/sam/drivers/pio/pio.o
 .debug_aranges
                0x00000650       0x80 src/ASF/sam/drivers/pio/pio_handler.o
 .debug_aranges
                0x000006d0      0x250 src/ASF/sam/drivers/pmc/pmc.o
 .debug_aranges
                0x00000920       0x30 src/ASF/sam/drivers/pmc/sleep.o
 .debug_aranges
                0x00000950       0x40 src/ASF/sam/utils/cmsis/same70/source/templates/gcc/startup_same70.o
 .debug_aranges
                0x00000990       0x30 src/ASF/sam/utils/cmsis/same70/source/templates/system_same70.o
 .debug_aranges
                0x000009c0       0x60 src/ASF/sam/utils/syscalls/gcc/syscalls.o
 .debug_aranges
                0x00000a20       0x98 src/main.o

.debug_ranges   0x00000000      0xa30
 .debug_ranges  0x00000000       0x50 src/ASF/sam/drivers/rtt/rtt.o
 .debug_ranges  0x00000050       0x98 src/ASF/sam/drivers/spi/spi.o
 .debug_ranges  0x000000e8       0x48 src/oled/gfx_mono_framebuffer.o
 .debug_ranges  0x00000130       0x48 src/oled/gfx_mono_generic.o
 .debug_ranges  0x00000178       0x38 src/oled/gfx_mono_text.o
 .debug_ranges  0x000001b0       0x68 src/oled/gfx_mono_ug_2832hsweg04.o
 .debug_ranges  0x00000218      0x108 src/oled/ssd1306.o
 .debug_ranges  0x00000320       0x10 src/ASF/common/services/delay/sam/cycle_counter.o
 .debug_ranges  0x00000330       0x88 src/ASF/common/services/clock/same70/sysclk.o
 .debug_ranges  0x000003b8       0x18 src/ASF/common/utils/interrupt/interrupt_sam_nvic.o
 .debug_ranges  0x000003d0       0xd0 src/ASF/sam/boards/same70_xplained/init.o
 .debug_ranges  0x000004a0      0x198 src/ASF/sam/drivers/pio/pio.o
 .debug_ranges  0x00000638       0x70 src/ASF/sam/drivers/pio/pio_handler.o
 .debug_ranges  0x000006a8      0x240 src/ASF/sam/drivers/pmc/pmc.o
 .debug_ranges  0x000008e8       0x20 src/ASF/sam/drivers/pmc/sleep.o
 .debug_ranges  0x00000908       0x30 src/ASF/sam/utils/cmsis/same70/source/templates/gcc/startup_same70.o
 .debug_ranges  0x00000938       0x20 src/ASF/sam/utils/cmsis/same70/source/templates/system_same70.o
 .debug_ranges  0x00000958       0x50 src/ASF/sam/utils/syscalls/gcc/syscalls.o
 .debug_ranges  0x000009a8       0x88 src/main.o

.debug_macro    0x00000000     0xa317
 .debug_macro   0x00000000      0x660 src/ASF/sam/drivers/rtt/rtt.o
 .debug_macro   0x00000660      0x6d9 src/ASF/sam/drivers/spi/spi.o
 .debug_macro   0x00000d39       0x10 src/ASF/sam/drivers/spi/spi.o
 .debug_macro   0x00000d49       0x3a src/ASF/sam/drivers/spi/spi.o
 .debug_macro   0x00000d83      0x2c6 src/ASF/sam/drivers/spi/spi.o
 .debug_macro   0x00001049      0xa96 src/ASF/sam/drivers/spi/spi.o
 .debug_macro   0x00001adf       0x70 src/ASF/sam/drivers/spi/spi.o
 .debug_macro   0x00001b4f       0x64 src/ASF/sam/drivers/spi/spi.o
 .debug_macro   0x00001bb3       0x5f src/ASF/sam/drivers/spi/spi.o
 .debug_macro   0x00001c12       0xac src/ASF/sam/drivers/spi/spi.o
 .debug_macro   0x00001cbe      0x7ff src/oled/gfx_mono_framebuffer.o
 .debug_macro   0x000024bd       0x50 src/oled/gfx_mono_framebuffer.o
 .debug_macro   0x0000250d       0x22 src/oled/gfx_mono_framebuffer.o
 .debug_macro   0x0000252f       0x7b src/oled/gfx_mono_framebuffer.o
 .debug_macro   0x000025aa       0x28 src/oled/gfx_mono_framebuffer.o
 .debug_macro   0x000025d2       0x23 src/oled/gfx_mono_framebuffer.o
 .debug_macro   0x000025f5       0x94 src/oled/gfx_mono_framebuffer.o
 .debug_macro   0x00002689       0x40 src/oled/gfx_mono_framebuffer.o
 .debug_macro   0x000026c9       0x88 src/oled/gfx_mono_framebuffer.o
 .debug_macro   0x00002751      0x1ce src/oled/gfx_mono_framebuffer.o
 .debug_macro   0x0000291f       0x16 src/oled/gfx_mono_framebuffer.o
 .debug_macro   0x00002935       0x1c src/oled/gfx_mono_framebuffer.o
 .debug_macro   0x00002951       0x16 src/oled/gfx_mono_framebuffer.o
 .debug_macro   0x00002967       0x28 src/oled/gfx_mono_framebuffer.o
 .debug_macro   0x0000298f       0xd1 src/oled/gfx_mono_framebuffer.o
 .debug_macro   0x00002a60       0x8b src/oled/gfx_mono_framebuffer.o
 .debug_macro   0x00002aeb      0x7ff src/oled/gfx_mono_generic.o
 .debug_macro   0x000032ea      0x818 src/oled/gfx_mono_text.o
 .debug_macro   0x00003b02      0x804 src/oled/gfx_mono_ug_2832hsweg04.o
 .debug_macro   0x00004306       0x28 src/oled/gfx_mono_ug_2832hsweg04.o
 .debug_macro   0x0000432e      0x7d9 src/oled/ssd1306.o
 .debug_macro   0x00004b07      0x69c src/oled/sysfont.o
 .debug_macro   0x000051a3       0x3a src/oled/sysfont.o
 .debug_macro   0x000051dd      0x665 src/ASF/common/services/delay/sam/cycle_counter.o
 .debug_macro   0x00005842       0x22 src/ASF/common/services/delay/sam/cycle_counter.o
 .debug_macro   0x00005864      0x6d1 src/ASF/common/services/clock/same70/sysclk.o
 .debug_macro   0x00005f35      0x2c0 src/ASF/common/services/clock/same70/sysclk.o
 .debug_macro   0x000061f5      0x655 src/ASF/common/utils/interrupt/interrupt_sam_nvic.o
 .debug_macro   0x0000684a      0x70b src/ASF/sam/boards/same70_xplained/init.o
 .debug_macro   0x00006f55       0x82 src/ASF/sam/boards/same70_xplained/init.o
 .debug_macro   0x00006fd7      0x66b src/ASF/sam/drivers/pio/pio.o
 .debug_macro   0x00007642       0x8e src/ASF/sam/drivers/pio/pio.o
 .debug_macro   0x000076d0      0x676 src/ASF/sam/drivers/pio/pio_handler.o
 .debug_macro   0x00007d46      0x66b src/ASF/sam/drivers/pmc/pmc.o
 .debug_macro   0x000083b1       0x6a src/ASF/sam/drivers/pmc/pmc.o
 .debug_macro   0x0000841b      0x684 src/ASF/sam/drivers/pmc/sleep.o
 .debug_macro   0x00008a9f      0x664 src/ASF/sam/utils/cmsis/same70/source/templates/gcc/startup_same70.o
 .debug_macro   0x00009103       0x10 src/ASF/sam/utils/cmsis/same70/source/templates/gcc/startup_same70.o
 .debug_macro   0x00009113      0x455 src/ASF/sam/utils/cmsis/same70/source/templates/system_same70.o
 .debug_macro   0x00009568      0x1d6 src/ASF/sam/utils/syscalls/gcc/syscalls.o
 .debug_macro   0x0000973e       0x97 src/ASF/sam/utils/syscalls/gcc/syscalls.o
 .debug_macro   0x000097d5       0xf6 src/ASF/sam/utils/syscalls/gcc/syscalls.o
 .debug_macro   0x000098cb       0x4c src/ASF/sam/utils/syscalls/gcc/syscalls.o
 .debug_macro   0x00009917       0x16 src/ASF/sam/utils/syscalls/gcc/syscalls.o
 .debug_macro   0x0000992d       0x10 src/ASF/sam/utils/syscalls/gcc/syscalls.o
 .debug_macro   0x0000993d       0x10 src/ASF/sam/utils/syscalls/gcc/syscalls.o
 .debug_macro   0x0000994d       0x35 src/ASF/sam/utils/syscalls/gcc/syscalls.o
 .debug_macro   0x00009982      0x122 src/ASF/sam/utils/syscalls/gcc/syscalls.o
 .debug_macro   0x00009aa4      0x873 src/main.o

.debug_line     0x00000000     0xf8c9
 .debug_line    0x00000000      0xa7b src/ASF/sam/drivers/rtt/rtt.o
 .debug_line    0x00000a7b      0xc9d src/ASF/sam/drivers/spi/spi.o
 .debug_line    0x00001718      0xeed src/oled/gfx_mono_framebuffer.o
 .debug_line    0x00002605      0xfb2 src/oled/gfx_mono_generic.o
 .debug_line    0x000035b7      0xf10 src/oled/gfx_mono_text.o
 .debug_line    0x000044c7      0xf9a src/oled/gfx_mono_ug_2832hsweg04.o
 .debug_line    0x00005461     0x1059 src/oled/ssd1306.o
 .debug_line    0x000064ba      0xa1b src/oled/sysfont.o
 .debug_line    0x00006ed5      0x9ed src/ASF/common/services/delay/sam/cycle_counter.o
 .debug_line    0x000078c2      0xc67 src/ASF/common/services/clock/same70/sysclk.o
 .debug_line    0x00008529      0xa09 src/ASF/common/utils/interrupt/interrupt_sam_nvic.o
 .debug_line    0x00008f32      0xd63 src/ASF/sam/boards/same70_xplained/init.o
 .debug_line    0x00009c95      0xe17 src/ASF/sam/drivers/pio/pio.o
 .debug_line    0x0000aaac      0xb18 src/ASF/sam/drivers/pio/pio_handler.o
 .debug_line    0x0000b5c4     0x10dc src/ASF/sam/drivers/pmc/pmc.o
 .debug_line    0x0000c6a0      0xb5d src/ASF/sam/drivers/pmc/sleep.o
 .debug_line    0x0000d1fd      0xac0 src/ASF/sam/utils/cmsis/same70/source/templates/gcc/startup_same70.o
 .debug_line    0x0000dcbd      0x820 src/ASF/sam/utils/cmsis/same70/source/templates/system_same70.o
 .debug_line    0x0000e4dd      0x417 src/ASF/sam/utils/syscalls/gcc/syscalls.o
 .debug_line    0x0000e8f4      0xfd5 src/main.o

.debug_str      0x00000000    0x901bb
 .debug_str     0x00000000    0x8199a src/ASF/sam/drivers/rtt/rtt.o
                              0x8202b (size before relaxing)
 .debug_str     0x0008199a     0x4610 src/ASF/sam/drivers/spi/spi.o
                              0x86540 (size before relaxing)
 .debug_str     0x00085faa     0x2b1c src/oled/gfx_mono_framebuffer.o
                              0x88c87 (size before relaxing)
 .debug_str     0x00088ac6      0x25c src/oled/gfx_mono_generic.o
                              0x88dcb (size before relaxing)
 .debug_str     0x00088d22      0x266 src/oled/gfx_mono_text.o
                              0x88da6 (size before relaxing)
 .debug_str     0x00088f88      0x11c src/oled/gfx_mono_ug_2832hsweg04.o
                              0x88d67 (size before relaxing)
 .debug_str     0x000890a4      0x612 src/oled/ssd1306.o
                              0x8899f (size before relaxing)
 .debug_str     0x000896b6     0x3ee1 src/oled/sysfont.o
                              0x86172 (size before relaxing)
 .debug_str     0x0008d597       0x35 src/ASF/common/services/delay/sam/cycle_counter.o
                              0x820a6 (size before relaxing)
 .debug_str     0x0008d5cc      0x454 src/ASF/common/services/clock/same70/sysclk.o
                              0x86627 (size before relaxing)
 .debug_str     0x0008da20       0x94 src/ASF/common/utils/interrupt/interrupt_sam_nvic.o
                              0x81f76 (size before relaxing)
 .debug_str     0x0008dab4      0x4f4 src/ASF/sam/boards/same70_xplained/init.o
                              0x870b4 (size before relaxing)
 .debug_str     0x0008dfa8      0x57b src/ASF/sam/drivers/pio/pio.o
                              0x82acc (size before relaxing)
 .debug_str     0x0008e523      0x437 src/ASF/sam/drivers/pio/pio_handler.o
                              0x82bee (size before relaxing)
 .debug_str     0x0008e95a      0x62b src/ASF/sam/drivers/pmc/pmc.o
                              0x82c30 (size before relaxing)
 .debug_str     0x0008ef85      0x165 src/ASF/sam/drivers/pmc/sleep.o
                              0x85eef (size before relaxing)
 .debug_str     0x0008f0ea      0x64c src/ASF/sam/utils/cmsis/same70/source/templates/gcc/startup_same70.o
                              0x82743 (size before relaxing)
 .debug_str     0x0008f736      0x137 src/ASF/sam/utils/cmsis/same70/source/templates/system_same70.o
                              0x7284f (size before relaxing)
 .debug_str     0x0008f86d      0x779 src/ASF/sam/utils/syscalls/gcc/syscalls.o
                               0x7480 (size before relaxing)
 .debug_str     0x0008ffe6      0x1d5 src/main.o
                              0x8d5d8 (size before relaxing)

.debug_frame    0x00000000     0x3698
 .debug_frame   0x00000000      0x174 src/ASF/sam/drivers/rtt/rtt.o
 .debug_frame   0x00000174      0x2c8 src/ASF/sam/drivers/spi/spi.o
 .debug_frame   0x0000043c      0x148 src/oled/gfx_mono_framebuffer.o
 .debug_frame   0x00000584      0x150 src/oled/gfx_mono_generic.o
 .debug_frame   0x000006d4       0xfc src/oled/gfx_mono_text.o
 .debug_frame   0x000007d0      0x1dc src/oled/gfx_mono_ug_2832hsweg04.o
 .debug_frame   0x000009ac      0x360 src/oled/ssd1306.o
 .debug_frame   0x00000d0c       0x20 src/ASF/common/services/delay/sam/cycle_counter.o
 .debug_frame   0x00000d2c      0x240 src/ASF/common/services/clock/same70/sysclk.o
 .debug_frame   0x00000f6c       0x58 src/ASF/common/utils/interrupt/interrupt_sam_nvic.o
 .debug_frame   0x00000fc4      0x174 src/ASF/sam/boards/same70_xplained/init.o
 .debug_frame   0x00001138      0x7c0 src/ASF/sam/drivers/pio/pio.o
 .debug_frame   0x000018f8      0x1d0 src/ASF/sam/drivers/pio/pio_handler.o
 .debug_frame   0x00001ac8      0xa60 src/ASF/sam/drivers/pmc/pmc.o
 .debug_frame   0x00002528       0x7c src/ASF/sam/drivers/pmc/sleep.o
 .debug_frame   0x000025a4       0xbc src/ASF/sam/utils/cmsis/same70/source/templates/gcc/startup_same70.o
 .debug_frame   0x00002660       0x78 src/ASF/sam/utils/cmsis/same70/source/templates/system_same70.o
 .debug_frame   0x000026d8      0x164 src/ASF/sam/utils/syscalls/gcc/syscalls.o
 .debug_frame   0x0000283c      0x24c src/main.o
 .debug_frame   0x00002a88       0xac c:/program files (x86)/atmel/studio/7.0/toolchain/arm/arm-gnu-toolchain/bin/../lib/gcc/arm-none-eabi/6.3.1/thumb/v7e-m\libgcc.a(_arm_addsubdf3.o)
 .debug_frame   0x00002b34       0x50 c:/program files (x86)/atmel/studio/7.0/toolchain/arm/arm-gnu-toolchain/bin/../lib/gcc/arm-none-eabi/6.3.1/thumb/v7e-m\libgcc.a(_arm_muldivdf3.o)
 .debug_frame   0x00002b84       0x24 c:/program files (x86)/atmel/studio/7.0/toolchain/arm/arm-gnu-toolchain/bin/../lib/gcc/arm-none-eabi/6.3.1/thumb/v7e-m\libgcc.a(_arm_truncdfsf2.o)
 .debug_frame   0x00002ba8       0x2c c:/program files (x86)/atmel/studio/7.0/toolchain/arm/arm-gnu-toolchain/bin/../lib/gcc/arm-none-eabi/6.3.1/thumb/v7e-m\libgcc.a(_aeabi_uldivmod.o)
 .debug_frame   0x00002bd4       0x34 c:/program files (x86)/atmel/studio/7.0/toolchain/arm/arm-gnu-toolchain/bin/../lib/gcc/arm-none-eabi/6.3.1/thumb/v7e-m\libgcc.a(_udivmoddi4.o)
 .debug_frame   0x00002c08       0x2c c:/program files (x86)/atmel/studio/7.0/toolchain/arm/arm-gnu-toolchain/bin/../lib/gcc/arm-none-eabi/6.3.1/../../../../arm-none-eabi/lib/thumb/v7e-m\libc.a(lib_a-init.o)
 .debug_frame   0x00002c34       0x34 c:/program files (x86)/atmel/studio/7.0/toolchain/arm/arm-gnu-toolchain/bin/../lib/gcc/arm-none-eabi/6.3.1/../../../../arm-none-eabi/lib/thumb/v7e-m\libc.a(lib_a-memset.o)
 .debug_frame   0x00002c68       0x84 c:/program files (x86)/atmel/studio/7.0/toolchain/arm/arm-gnu-toolchain/bin/../lib/gcc/arm-none-eabi/6.3.1/../../../../arm-none-eabi/lib/thumb/v7e-m\libc.a(lib_a-sprintf.o)
 .debug_frame   0x00002cec       0x40 c:/program files (x86)/atmel/studio/7.0/toolchain/arm/arm-gnu-toolchain/bin/../lib/gcc/arm-none-eabi/6.3.1/../../../../arm-none-eabi/lib/thumb/v7e-m\libc.a(lib_a-svfprintf.o)
 .debug_frame   0x00002d2c       0x5c c:/program files (x86)/atmel/studio/7.0/toolchain/arm/arm-gnu-toolchain/bin/../lib/gcc/arm-none-eabi/6.3.1/../../../../arm-none-eabi/lib/thumb/v7e-m\libc.a(lib_a-__call_atexit.o)
 .debug_frame   0x00002d88       0x20 c:/program files (x86)/atmel/studio/7.0/toolchain/arm/arm-gnu-toolchain/bin/../lib/gcc/arm-none-eabi/6.3.1/../../../../arm-none-eabi/lib/thumb/v7e-m\libc.a(lib_a-atexit.o)
 .debug_frame   0x00002da8       0x88 c:/program files (x86)/atmel/studio/7.0/toolchain/arm/arm-gnu-toolchain/bin/../lib/gcc/arm-none-eabi/6.3.1/../../../../arm-none-eabi/lib/thumb/v7e-m\libc.a(lib_a-dtoa.o)
 .debug_frame   0x00002e30       0x34 c:/program files (x86)/atmel/studio/7.0/toolchain/arm/arm-gnu-toolchain/bin/../lib/gcc/arm-none-eabi/6.3.1/../../../../arm-none-eabi/lib/thumb/v7e-m\libc.a(lib_a-fini.o)
 .debug_frame   0x00002e64       0x40 c:/program files (x86)/atmel/studio/7.0/toolchain/arm/arm-gnu-toolchain/bin/../lib/gcc/arm-none-eabi/6.3.1/../../../../arm-none-eabi/lib/thumb/v7e-m\libc.a(lib_a-localeconv.o)
 .debug_frame   0x00002ea4       0xb0 c:/program files (x86)/atmel/studio/7.0/toolchain/arm/arm-gnu-toolchain/bin/../lib/gcc/arm-none-eabi/6.3.1/../../../../arm-none-eabi/lib/thumb/v7e-m\libc.a(lib_a-lock.o)
 .debug_frame   0x00002f54       0x58 c:/program files (x86)/atmel/studio/7.0/toolchain/arm/arm-gnu-toolchain/bin/../lib/gcc/arm-none-eabi/6.3.1/../../../../arm-none-eabi/lib/thumb/v7e-m\libc.a(lib_a-mallocr.o)
 .debug_frame   0x00002fac       0x30 c:/program files (x86)/atmel/studio/7.0/toolchain/arm/arm-gnu-toolchain/bin/../lib/gcc/arm-none-eabi/6.3.1/../../../../arm-none-eabi/lib/thumb/v7e-m\libc.a(lib_a-mlock.o)
 .debug_frame   0x00002fdc      0x25c c:/program files (x86)/atmel/studio/7.0/toolchain/arm/arm-gnu-toolchain/bin/../lib/gcc/arm-none-eabi/6.3.1/../../../../arm-none-eabi/lib/thumb/v7e-m\libc.a(lib_a-mprec.o)
 .debug_frame   0x00003238       0x2c c:/program files (x86)/atmel/studio/7.0/toolchain/arm/arm-gnu-toolchain/bin/../lib/gcc/arm-none-eabi/6.3.1/../../../../arm-none-eabi/lib/thumb/v7e-m\libc.a(lib_a-sbrkr.o)
 .debug_frame   0x00003264       0x78 c:/program files (x86)/atmel/studio/7.0/toolchain/arm/arm-gnu-toolchain/bin/../lib/gcc/arm-none-eabi/6.3.1/../../../../arm-none-eabi/lib/thumb/v7e-m\libc.a(lib_a-svfiprintf.o)
 .debug_frame   0x000032dc       0x34 c:/program files (x86)/atmel/studio/7.0/toolchain/arm/arm-gnu-toolchain/bin/../lib/gcc/arm-none-eabi/6.3.1/../../../../arm-none-eabi/lib/thumb/v7e-m\libc.a(lib_a-__atexit.o)
 .debug_frame   0x00003310       0x28 c:/program files (x86)/atmel/studio/7.0/toolchain/arm/arm-gnu-toolchain/bin/../lib/gcc/arm-none-eabi/6.3.1/../../../../arm-none-eabi/lib/thumb/v7e-m\libc.a(lib_a-callocr.o)
 .debug_frame   0x00003338       0x74 c:/program files (x86)/atmel/studio/7.0/toolchain/arm/arm-gnu-toolchain/bin/../lib/gcc/arm-none-eabi/6.3.1/../../../../arm-none-eabi/lib/thumb/v7e-m\libc.a(lib_a-freer.o)
 .debug_frame   0x000033ac       0x6c c:/program files (x86)/atmel/studio/7.0/toolchain/arm/arm-gnu-toolchain/bin/../lib/gcc/arm-none-eabi/6.3.1/../../../../arm-none-eabi/lib/thumb/v7e-m\libc.a(lib_a-locale.o)
 .debug_frame   0x00003418       0x4c c:/program files (x86)/atmel/studio/7.0/toolchain/arm/arm-gnu-toolchain/bin/../lib/gcc/arm-none-eabi/6.3.1/../../../../arm-none-eabi/lib/thumb/v7e-m\libc.a(lib_a-mbtowc_r.o)
 .debug_frame   0x00003464       0x30 c:/program files (x86)/atmel/studio/7.0/toolchain/arm/arm-gnu-toolchain/bin/../lib/gcc/arm-none-eabi/6.3.1/../../../../arm-none-eabi/lib/thumb/v7e-m\libc.a(lib_a-memmove.o)
 .debug_frame   0x00003494       0x68 c:/program files (x86)/atmel/studio/7.0/toolchain/arm/arm-gnu-toolchain/bin/../lib/gcc/arm-none-eabi/6.3.1/../../../../arm-none-eabi/lib/thumb/v7e-m\libc.a(lib_a-reallocr.o)
 .debug_frame   0x000034fc       0x58 c:/program files (x86)/atmel/studio/7.0/toolchain/arm/arm-gnu-toolchain/bin/../lib/gcc/arm-none-eabi/6.3.1/../../../../arm-none-eabi/lib/thumb/v7e-m\libc.a(lib_a-reent.o)
 .debug_frame   0x00003554       0x3c c:/program files (x86)/atmel/studio/7.0/toolchain/arm/arm-gnu-toolchain/bin/../lib/gcc/arm-none-eabi/6.3.1/../../../../arm-none-eabi/lib/thumb/v7e-m\libc.a(lib_a-wctomb_r.o)
 .debug_frame   0x00003590       0xc4 c:/program files (x86)/atmel/studio/7.0/toolchain/arm/arm-gnu-toolchain/bin/../lib/gcc/arm-none-eabi/6.3.1/thumb/v7e-m\libgcc.a(_arm_cmpdf2.o)
 .debug_frame   0x00003654       0x20 c:/program files (x86)/atmel/studio/7.0/toolchain/arm/arm-gnu-toolchain/bin/../lib/gcc/arm-none-eabi/6.3.1/thumb/v7e-m\libgcc.a(_arm_unorddf2.o)
 .debug_frame   0x00003674       0x24 c:/program files (x86)/atmel/studio/7.0/toolchain/arm/arm-gnu-toolchain/bin/../lib/gcc/arm-none-eabi/6.3.1/thumb/v7e-m\libgcc.a(_arm_fixdfsi.o)

Cross Reference Table

Symbol                                            File
ACC_Handler                                       src/ASF/sam/utils/cmsis/same70/source/templates/gcc/startup_same70.o
AES_Handler                                       src/ASF/sam/utils/cmsis/same70/source/templates/gcc/startup_same70.o
AFEC0_Handler                                     src/ASF/sam/utils/cmsis/same70/source/templates/gcc/startup_same70.o
AFEC1_Handler                                     src/ASF/sam/utils/cmsis/same70/source/templates/gcc/startup_same70.o
BusFault_Handler                                  src/ASF/sam/utils/cmsis/same70/source/templates/gcc/startup_same70.o
DACC_Handler                                      src/ASF/sam/utils/cmsis/same70/source/templates/gcc/startup_same70.o
DebugMon_Handler                                  src/ASF/sam/utils/cmsis/same70/source/templates/gcc/startup_same70.o
Dummy_Handler                                     src/ASF/sam/utils/cmsis/same70/source/templates/gcc/startup_same70.o
EFC_Handler                                       src/ASF/sam/utils/cmsis/same70/source/templates/gcc/startup_same70.o
GMAC_Handler                                      src/ASF/sam/utils/cmsis/same70/source/templates/gcc/startup_same70.o
HSMCI_Handler                                     src/ASF/sam/utils/cmsis/same70/source/templates/gcc/startup_same70.o
HardFault_Handler                                 src/ASF/sam/utils/cmsis/same70/source/templates/gcc/startup_same70.o
ICM_Handler                                       src/ASF/sam/utils/cmsis/same70/source/templates/gcc/startup_same70.o
ISI_Handler                                       src/ASF/sam/utils/cmsis/same70/source/templates/gcc/startup_same70.o
MCAN0_Handler                                     src/ASF/sam/utils/cmsis/same70/source/templates/gcc/startup_same70.o
MCAN1_Handler                                     src/ASF/sam/utils/cmsis/same70/source/templates/gcc/startup_same70.o
MemManage_Handler                                 src/ASF/sam/utils/cmsis/same70/source/templates/gcc/startup_same70.o
NMI_Handler                                       src/ASF/sam/utils/cmsis/same70/source/templates/gcc/startup_same70.o
PIOA_Handler                                      src/ASF/sam/drivers/pio/pio_handler.o
PIOB_Handler                                      src/ASF/sam/drivers/pio/pio_handler.o